<html>
<body>
<pre>
<h1>µVision Build Log</h1>
<h2>Project:</h2>
C:\Users\Kenneth Au\Dropbox\Documents\HKUST\Robocon 2015\git\vf_template\Project.uvproj
Project File Date:  01/02/2015

<h2>Output:</h2>
Build target 'stm32_template'
compiling gpio.c...
.\src\ustrobo_min_system\inc\gpio.h(13): warning:  #1-D: last line of file ends without a newline
src\ustrobo_min_system\src\gpio.c(17): error:  #40: expected an identifier
src\ustrobo_min_system\src\gpio.c(127): warning:  #1-D: last line of file ends without a newline
compiling stm32f10x_rcc.c...
Target not created
Build target 'stm32_template'
compiling gpio.c...
.\src\ustrobo_min_system\inc\gpio.h(13): warning:  #1-D: last line of file ends without a newline
src\ustrobo_min_system\src\gpio.c(127): warning:  #1-D: last line of file ends without a newline
linking...
Program Size: Code=13528 RO-data=428 RW-data=536 ZI-data=3272  
FromELF: creating hex file...
".\output\stm32_template.axf" - 0 Error(s), 2 Warning(s).
Build target 'stm32_template'
compiling gpio.c...
src\ustrobo_min_system\src\gpio.c(127): warning:  #1-D: last line of file ends without a newline
linking...
Program Size: Code=13528 RO-data=428 RW-data=536 ZI-data=3272  
FromELF: creating hex file...
".\output\stm32_template.axf" - 0 Error(s), 1 Warning(s).
Build target 'stm32_template'
compiling gpio.c...
linking...
Program Size: Code=13528 RO-data=428 RW-data=536 ZI-data=3272  
FromELF: creating hex file...
".\output\stm32_template.axf" - 0 Error(s), 0 Warning(s).
Build target 'stm32_template'
compiling gpio.c...
linking...
Program Size: Code=13528 RO-data=428 RW-data=536 ZI-data=3272  
FromELF: creating hex file...
".\output\stm32_template.axf" - 0 Error(s), 0 Warning(s).
Build target 'stm32_template'
compiling gpio.c...
linking...
Program Size: Code=13528 RO-data=428 RW-data=536 ZI-data=3272  
FromELF: creating hex file...
".\output\stm32_template.axf" - 0 Error(s), 0 Warning(s).
Build target 'stm32_template'
compiling gpio.c...
src\ustrobo_min_system\src\gpio.c(140): error:  #31: expression must have integral type
src\ustrobo_min_system\src\gpio.c(141): error:  #183: type of cast must be integral
src\ustrobo_min_system\src\gpio.c(145): error:  #183: type of cast must be integral
src\ustrobo_min_system\src\gpio.c(149): error:  #183: type of cast must be integral
src\ustrobo_min_system\src\gpio.c(153): error:  #183: type of cast must be integral
src\ustrobo_min_system\src\gpio.c(157): error:  #183: type of cast must be integral
src\ustrobo_min_system\src\gpio.c(161): error:  #183: type of cast must be integral
src\ustrobo_min_system\src\gpio.c(165): error:  #183: type of cast must be integral
Target not created
Build target 'stm32_template'
compiling gpio.c...
src\ustrobo_min_system\src\gpio.c(140): error:  #31: expression must have integral type
src\ustrobo_min_system\src\gpio.c(141): error:  #183: type of cast must be integral
src\ustrobo_min_system\src\gpio.c(145): error:  #183: type of cast must be integral
src\ustrobo_min_system\src\gpio.c(149): error:  #183: type of cast must be integral
src\ustrobo_min_system\src\gpio.c(153): error:  #183: type of cast must be integral
src\ustrobo_min_system\src\gpio.c(157): error:  #183: type of cast must be integral
src\ustrobo_min_system\src\gpio.c(161): error:  #183: type of cast must be integral
src\ustrobo_min_system\src\gpio.c(165): error:  #183: type of cast must be integral
Target not created
Build target 'stm32_template'
compiling gpio.c...
src\ustrobo_min_system\src\gpio.c(141): error:  #183: type of cast must be integral
src\ustrobo_min_system\src\gpio.c(145): error:  #183: type of cast must be integral
src\ustrobo_min_system\src\gpio.c(149): error:  #183: type of cast must be integral
src\ustrobo_min_system\src\gpio.c(153): error:  #183: type of cast must be integral
src\ustrobo_min_system\src\gpio.c(157): error:  #183: type of cast must be integral
src\ustrobo_min_system\src\gpio.c(161): error:  #183: type of cast must be integral
src\ustrobo_min_system\src\gpio.c(165): error:  #183: type of cast must be integral
Target not created
Build target 'stm32_template'
compiling gpio.c...
src\ustrobo_min_system\src\gpio.c(145): error:  #183: type of cast must be integral
src\ustrobo_min_system\src\gpio.c(149): error:  #183: type of cast must be integral
src\ustrobo_min_system\src\gpio.c(153): error:  #183: type of cast must be integral
src\ustrobo_min_system\src\gpio.c(157): error:  #183: type of cast must be integral
src\ustrobo_min_system\src\gpio.c(161): error:  #183: type of cast must be integral
src\ustrobo_min_system\src\gpio.c(165): error:  #183: type of cast must be integral
Target not created
Build target 'stm32_template'
compiling gpio.c...
linking...
Program Size: Code=13528 RO-data=428 RW-data=536 ZI-data=3272  
FromELF: creating hex file...
".\output\stm32_template.axf" - 0 Error(s), 0 Warning(s).
Build target 'stm32_template'
compiling main.c...
compiling led.c...
linking...
Program Size: Code=13524 RO-data=428 RW-data=536 ZI-data=3272  
FromELF: creating hex file...
".\output\stm32_template.axf" - 0 Error(s), 0 Warning(s).
Build target 'stm32_template'
compiling main.c...
.\src\ustrobo_min_system\inc\led.h(16): warning:  #520-D: initialization with "{...}" expected for aggregate object
.\src\ustrobo_min_system\inc\led.h(16): error:  #28: expression must have a constant value
.\src\ustrobo_min_system\inc\led.h(17): warning:  #520-D: initialization with "{...}" expected for aggregate object
.\src\ustrobo_min_system\inc\led.h(17): error:  #28: expression must have a constant value
.\src\ustrobo_min_system\inc\led.h(18): warning:  #520-D: initialization with "{...}" expected for aggregate object
.\src\ustrobo_min_system\inc\led.h(18): error:  #28: expression must have a constant value
compiling led.c...
.\src\ustrobo_min_system\inc\led.h(16): warning:  #520-D: initialization with "{...}" expected for aggregate object
.\src\ustrobo_min_system\inc\led.h(16): error:  #28: expression must have a constant value
.\src\ustrobo_min_system\inc\led.h(17): warning:  #520-D: initialization with "{...}" expected for aggregate object
.\src\ustrobo_min_system\inc\led.h(17): error:  #28: expression must have a constant value
.\src\ustrobo_min_system\inc\led.h(18): warning:  #520-D: initialization with "{...}" expected for aggregate object
.\src\ustrobo_min_system\inc\led.h(18): error:  #28: expression must have a constant value
src\ustrobo_min_system\src\led.c(9): error:  #165: too few arguments in function call
src\ustrobo_min_system\src\led.c(10): error:  #165: too few arguments in function call
src\ustrobo_min_system\src\led.c(11): error:  #165: too few arguments in function call
Target not created
Build target 'stm32_template'
compiling main.c...
.\src\ustrobo_min_system\inc\led.h(16): warning:  #520-D: initialization with "{...}" expected for aggregate object
.\src\ustrobo_min_system\inc\led.h(16): error:  #28: expression must have a constant value
.\src\ustrobo_min_system\inc\led.h(17): warning:  #520-D: initialization with "{...}" expected for aggregate object
.\src\ustrobo_min_system\inc\led.h(17): error:  #28: expression must have a constant value
.\src\ustrobo_min_system\inc\led.h(18): warning:  #520-D: initialization with "{...}" expected for aggregate object
.\src\ustrobo_min_system\inc\led.h(18): error:  #28: expression must have a constant value
compiling led.c...
.\src\ustrobo_min_system\inc\led.h(16): warning:  #520-D: initialization with "{...}" expected for aggregate object
.\src\ustrobo_min_system\inc\led.h(16): error:  #28: expression must have a constant value
.\src\ustrobo_min_system\inc\led.h(17): warning:  #520-D: initialization with "{...}" expected for aggregate object
.\src\ustrobo_min_system\inc\led.h(17): error:  #28: expression must have a constant value
.\src\ustrobo_min_system\inc\led.h(18): warning:  #520-D: initialization with "{...}" expected for aggregate object
.\src\ustrobo_min_system\inc\led.h(18): error:  #28: expression must have a constant value
src\ustrobo_min_system\src\led.c(15): error:  #268: declaration may not appear after executable statement in block
src\ustrobo_min_system\src\led.c(15): error:  #67: expected a "}"
Target not created
"flash.bat" ./output/stm32_template.hex 6 115200
Build target 'stm32_template'
compiling main.c...
.\src\ustrobo_min_system\inc\led.h(16): warning:  #520-D: initialization with "{...}" expected for aggregate object
.\src\ustrobo_min_system\inc\led.h(16): error:  #28: expression must have a constant value
.\src\ustrobo_min_system\inc\led.h(17): warning:  #520-D: initialization with "{...}" expected for aggregate object
.\src\ustrobo_min_system\inc\led.h(17): error:  #28: expression must have a constant value
.\src\ustrobo_min_system\inc\led.h(18): warning:  #520-D: initialization with "{...}" expected for aggregate object
.\src\ustrobo_min_system\inc\led.h(18): error:  #28: expression must have a constant value
compiling led.c...
.\src\ustrobo_min_system\inc\led.h(16): warning:  #520-D: initialization with "{...}" expected for aggregate object
.\src\ustrobo_min_system\inc\led.h(16): error:  #28: expression must have a constant value
.\src\ustrobo_min_system\inc\led.h(17): warning:  #520-D: initialization with "{...}" expected for aggregate object
.\src\ustrobo_min_system\inc\led.h(17): error:  #28: expression must have a constant value
.\src\ustrobo_min_system\inc\led.h(18): warning:  #520-D: initialization with "{...}" expected for aggregate object
.\src\ustrobo_min_system\inc\led.h(18): error:  #28: expression must have a constant value
src\ustrobo_min_system\src\led.c(15): error:  #268: declaration may not appear after executable statement in block
src\ustrobo_min_system\src\led.c(15): error:  #67: expected a "}"
Target not created
Build target 'stm32_template'
compiling main.c...
.\src\ustrobo_min_system\inc\led.h(16): warning:  #520-D: initialization with "{...}" expected for aggregate object
.\src\ustrobo_min_system\inc\led.h(16): error:  #28: expression must have a constant value
.\src\ustrobo_min_system\inc\led.h(17): warning:  #520-D: initialization with "{...}" expected for aggregate object
.\src\ustrobo_min_system\inc\led.h(17): error:  #28: expression must have a constant value
.\src\ustrobo_min_system\inc\led.h(18): warning:  #520-D: initialization with "{...}" expected for aggregate object
.\src\ustrobo_min_system\inc\led.h(18): error:  #28: expression must have a constant value
compiling led.c...
.\src\ustrobo_min_system\inc\led.h(16): warning:  #520-D: initialization with "{...}" expected for aggregate object
.\src\ustrobo_min_system\inc\led.h(16): error:  #28: expression must have a constant value
.\src\ustrobo_min_system\inc\led.h(17): warning:  #520-D: initialization with "{...}" expected for aggregate object
.\src\ustrobo_min_system\inc\led.h(17): error:  #28: expression must have a constant value
.\src\ustrobo_min_system\inc\led.h(18): warning:  #520-D: initialization with "{...}" expected for aggregate object
.\src\ustrobo_min_system\inc\led.h(18): error:  #28: expression must have a constant value
src\ustrobo_min_system\src\led.c(15): error:  #268: declaration may not appear after executable statement in block
src\ustrobo_min_system\src\led.c(15): error:  #67: expected a "}"
Target not created
Build target 'stm32_template'
compiling main.c...
.\src\ustrobo_min_system\inc\led.h(16): warning:  #520-D: initialization with "{...}" expected for aggregate object
.\src\ustrobo_min_system\inc\led.h(16): error:  #28: expression must have a constant value
.\src\ustrobo_min_system\inc\led.h(17): warning:  #520-D: initialization with "{...}" expected for aggregate object
.\src\ustrobo_min_system\inc\led.h(17): error:  #28: expression must have a constant value
.\src\ustrobo_min_system\inc\led.h(18): warning:  #520-D: initialization with "{...}" expected for aggregate object
.\src\ustrobo_min_system\inc\led.h(18): error:  #28: expression must have a constant value
compiling led.c...
.\src\ustrobo_min_system\inc\led.h(16): warning:  #520-D: initialization with "{...}" expected for aggregate object
.\src\ustrobo_min_system\inc\led.h(16): error:  #28: expression must have a constant value
.\src\ustrobo_min_system\inc\led.h(17): warning:  #520-D: initialization with "{...}" expected for aggregate object
.\src\ustrobo_min_system\inc\led.h(17): error:  #28: expression must have a constant value
.\src\ustrobo_min_system\inc\led.h(18): warning:  #520-D: initialization with "{...}" expected for aggregate object
.\src\ustrobo_min_system\inc\led.h(18): error:  #28: expression must have a constant value
src\ustrobo_min_system\src\led.c(15): error:  #268: declaration may not appear after executable statement in block
src\ustrobo_min_system\src\led.c(15): error:  #67: expected a "}"
Target not created
Build target 'stm32_template'
compiling main.c...
.\src\ustrobo_min_system\inc\led.h(16): warning:  #520-D: initialization with "{...}" expected for aggregate object
.\src\ustrobo_min_system\inc\led.h(16): error:  #28: expression must have a constant value
.\src\ustrobo_min_system\inc\led.h(17): warning:  #520-D: initialization with "{...}" expected for aggregate object
.\src\ustrobo_min_system\inc\led.h(17): error:  #28: expression must have a constant value
.\src\ustrobo_min_system\inc\led.h(18): warning:  #520-D: initialization with "{...}" expected for aggregate object
.\src\ustrobo_min_system\inc\led.h(18): error:  #28: expression must have a constant value
compiling led.c...
.\src\ustrobo_min_system\inc\led.h(16): warning:  #520-D: initialization with "{...}" expected for aggregate object
.\src\ustrobo_min_system\inc\led.h(16): error:  #28: expression must have a constant value
.\src\ustrobo_min_system\inc\led.h(17): warning:  #520-D: initialization with "{...}" expected for aggregate object
.\src\ustrobo_min_system\inc\led.h(17): error:  #28: expression must have a constant value
.\src\ustrobo_min_system\inc\led.h(18): warning:  #520-D: initialization with "{...}" expected for aggregate object
.\src\ustrobo_min_system\inc\led.h(18): error:  #28: expression must have a constant value
src\ustrobo_min_system\src\led.c(15): error:  #268: declaration may not appear after executable statement in block
src\ustrobo_min_system\src\led.c(15): error:  #67: expected a "}"
Target not created
Build target 'stm32_template'
compiling main.c...
.\src\ustrobo_min_system\inc\led.h(16): warning:  #520-D: initialization with "{...}" expected for aggregate object
.\src\ustrobo_min_system\inc\led.h(16): error:  #28: expression must have a constant value
.\src\ustrobo_min_system\inc\led.h(17): warning:  #520-D: initialization with "{...}" expected for aggregate object
.\src\ustrobo_min_system\inc\led.h(17): error:  #28: expression must have a constant value
.\src\ustrobo_min_system\inc\led.h(18): warning:  #520-D: initialization with "{...}" expected for aggregate object
.\src\ustrobo_min_system\inc\led.h(18): error:  #28: expression must have a constant value
compiling led.c...
.\src\ustrobo_min_system\inc\led.h(16): warning:  #520-D: initialization with "{...}" expected for aggregate object
.\src\ustrobo_min_system\inc\led.h(16): error:  #28: expression must have a constant value
.\src\ustrobo_min_system\inc\led.h(17): warning:  #520-D: initialization with "{...}" expected for aggregate object
.\src\ustrobo_min_system\inc\led.h(17): error:  #28: expression must have a constant value
.\src\ustrobo_min_system\inc\led.h(18): warning:  #520-D: initialization with "{...}" expected for aggregate object
.\src\ustrobo_min_system\inc\led.h(18): error:  #28: expression must have a constant value
Target not created
Build target 'stm32_template'
compiling main.c...
.\src\ustrobo_min_system\inc\led.h(16): warning:  #520-D: initialization with "{...}" expected for aggregate object
.\src\ustrobo_min_system\inc\led.h(16): error:  #28: expression must have a constant value
.\src\ustrobo_min_system\inc\led.h(17): warning:  #520-D: initialization with "{...}" expected for aggregate object
.\src\ustrobo_min_system\inc\led.h(17): error:  #28: expression must have a constant value
.\src\ustrobo_min_system\inc\led.h(18): warning:  #520-D: initialization with "{...}" expected for aggregate object
.\src\ustrobo_min_system\inc\led.h(18): error:  #28: expression must have a constant value
compiling led.c...
.\src\ustrobo_min_system\inc\led.h(16): warning:  #520-D: initialization with "{...}" expected for aggregate object
.\src\ustrobo_min_system\inc\led.h(16): error:  #28: expression must have a constant value
.\src\ustrobo_min_system\inc\led.h(17): warning:  #520-D: initialization with "{...}" expected for aggregate object
.\src\ustrobo_min_system\inc\led.h(17): error:  #28: expression must have a constant value
.\src\ustrobo_min_system\inc\led.h(18): warning:  #520-D: initialization with "{...}" expected for aggregate object
.\src\ustrobo_min_system\inc\led.h(18): error:  #28: expression must have a constant value
Target not created
Build target 'stm32_template'
compiling main.c...
.\src\ustrobo_min_system\inc\led.h(16): warning:  #520-D: initialization with "{...}" expected for aggregate object
.\src\ustrobo_min_system\inc\led.h(16): error:  #119: cast to type "GPIO" is not allowed
.\src\ustrobo_min_system\inc\led.h(17): warning:  #520-D: initialization with "{...}" expected for aggregate object
.\src\ustrobo_min_system\inc\led.h(17): error:  #28: expression must have a constant value
.\src\ustrobo_min_system\inc\led.h(18): warning:  #520-D: initialization with "{...}" expected for aggregate object
.\src\ustrobo_min_system\inc\led.h(18): error:  #28: expression must have a constant value
compiling led.c...
.\src\ustrobo_min_system\inc\led.h(16): warning:  #520-D: initialization with "{...}" expected for aggregate object
.\src\ustrobo_min_system\inc\led.h(16): error:  #119: cast to type "GPIO" is not allowed
.\src\ustrobo_min_system\inc\led.h(17): warning:  #520-D: initialization with "{...}" expected for aggregate object
.\src\ustrobo_min_system\inc\led.h(17): error:  #28: expression must have a constant value
.\src\ustrobo_min_system\inc\led.h(18): warning:  #520-D: initialization with "{...}" expected for aggregate object
.\src\ustrobo_min_system\inc\led.h(18): error:  #28: expression must have a constant value
Target not created
Build target 'stm32_template'
compiling main.c...
.\src\ustrobo_min_system\inc\led.h(16): warning:  #520-D: initialization with "{...}" expected for aggregate object
.\src\ustrobo_min_system\inc\led.h(16): error:  #28: expression must have a constant value
.\src\ustrobo_min_system\inc\led.h(17): warning:  #520-D: initialization with "{...}" expected for aggregate object
.\src\ustrobo_min_system\inc\led.h(17): error:  #28: expression must have a constant value
.\src\ustrobo_min_system\inc\led.h(18): warning:  #520-D: initialization with "{...}" expected for aggregate object
.\src\ustrobo_min_system\inc\led.h(18): error:  #28: expression must have a constant value
compiling led.c...
.\src\ustrobo_min_system\inc\led.h(16): warning:  #520-D: initialization with "{...}" expected for aggregate object
.\src\ustrobo_min_system\inc\led.h(16): error:  #28: expression must have a constant value
.\src\ustrobo_min_system\inc\led.h(17): warning:  #520-D: initialization with "{...}" expected for aggregate object
.\src\ustrobo_min_system\inc\led.h(17): error:  #28: expression must have a constant value
.\src\ustrobo_min_system\inc\led.h(18): warning:  #520-D: initialization with "{...}" expected for aggregate object
.\src\ustrobo_min_system\inc\led.h(18): error:  #28: expression must have a constant value
compiling gpio.c...
Target not created
Rebuild target 'stm32_template'
compiling main.c...
.\src\ustrobo_min_system\inc\led.h(16): warning:  #520-D: initialization with "{...}" expected for aggregate object
.\src\ustrobo_min_system\inc\led.h(16): error:  #28: expression must have a constant value
.\src\ustrobo_min_system\inc\led.h(17): warning:  #520-D: initialization with "{...}" expected for aggregate object
.\src\ustrobo_min_system\inc\led.h(17): error:  #28: expression must have a constant value
.\src\ustrobo_min_system\inc\led.h(18): warning:  #520-D: initialization with "{...}" expected for aggregate object
.\src\ustrobo_min_system\inc\led.h(18): error:  #28: expression must have a constant value
compiling approx_math.c...
compiling battery.c...
compiling button.c...
compiling buzzer.c...
compiling delay.c...
compiling gyro.c...
compiling lcd_red.c...
Project build/rebuild aborted.
Target not created
Build target 'stm32_template'
compiling main.c...
.\src\ustrobo_min_system\inc\led.h(16): warning:  #520-D: initialization with "{...}" expected for aggregate object
.\src\ustrobo_min_system\inc\led.h(16): error:  #28: expression must have a constant value
.\src\ustrobo_min_system\inc\led.h(17): warning:  #520-D: initialization with "{...}" expected for aggregate object
.\src\ustrobo_min_system\inc\led.h(17): error:  #28: expression must have a constant value
.\src\ustrobo_min_system\inc\led.h(18): warning:  #520-D: initialization with "{...}" expected for aggregate object
.\src\ustrobo_min_system\inc\led.h(18): error:  #28: expression must have a constant value
compiling led.c...
.\src\ustrobo_min_system\inc\led.h(16): warning:  #520-D: initialization with "{...}" expected for aggregate object
.\src\ustrobo_min_system\inc\led.h(16): error:  #28: expression must have a constant value
.\src\ustrobo_min_system\inc\led.h(17): warning:  #520-D: initialization with "{...}" expected for aggregate object
.\src\ustrobo_min_system\inc\led.h(17): error:  #28: expression must have a constant value
.\src\ustrobo_min_system\inc\led.h(18): warning:  #520-D: initialization with "{...}" expected for aggregate object
.\src\ustrobo_min_system\inc\led.h(18): error:  #28: expression must have a constant value
Target not created
Build target 'stm32_template'
compiling main.c...
.\src\ustrobo_min_system\inc\led.h(17): warning:  #520-D: initialization with "{...}" expected for aggregate object
.\src\ustrobo_min_system\inc\led.h(17): error:  #144: a value of type "const GPIO *" cannot be used to initialize an entity of type "GPIO_TypeDef *"
.\src\ustrobo_min_system\inc\led.h(18): warning:  #520-D: initialization with "{...}" expected for aggregate object
.\src\ustrobo_min_system\inc\led.h(18): error:  #144: a value of type "const GPIO *" cannot be used to initialize an entity of type "GPIO_TypeDef *"
compiling led.c...
.\src\ustrobo_min_system\inc\led.h(17): warning:  #520-D: initialization with "{...}" expected for aggregate object
.\src\ustrobo_min_system\inc\led.h(17): error:  #144: a value of type "const GPIO *" cannot be used to initialize an entity of type "GPIO_TypeDef *"
.\src\ustrobo_min_system\inc\led.h(18): warning:  #520-D: initialization with "{...}" expected for aggregate object
.\src\ustrobo_min_system\inc\led.h(18): error:  #144: a value of type "const GPIO *" cannot be used to initialize an entity of type "GPIO_TypeDef *"
src\ustrobo_min_system\src\led.c(5): error:  #167: argument of type "const GPIO *" is incompatible with parameter of type "GPIO"
src\ustrobo_min_system\src\led.c(9): error:  #167: argument of type "const GPIO *" is incompatible with parameter of type "GPIO"
compiling gpio.c...
Target not created
Build target 'stm32_template'
compiling main.c...
.\src\ustrobo_min_system\inc\led.h(16): error:  #144: a value of type "const GPIO *" cannot be used to initialize an entity of type "GPIO *"
.\src\ustrobo_min_system\inc\led.h(17): warning:  #520-D: initialization with "{...}" expected for aggregate object
.\src\ustrobo_min_system\inc\led.h(17): error:  #144: a value of type "const GPIO *" cannot be used to initialize an entity of type "GPIO_TypeDef *"
.\src\ustrobo_min_system\inc\led.h(18): warning:  #520-D: initialization with "{...}" expected for aggregate object
.\src\ustrobo_min_system\inc\led.h(18): error:  #144: a value of type "const GPIO *" cannot be used to initialize an entity of type "GPIO_TypeDef *"
compiling led.c...
.\src\ustrobo_min_system\inc\led.h(16): error:  #144: a value of type "const GPIO *" cannot be used to initialize an entity of type "GPIO *"
.\src\ustrobo_min_system\inc\led.h(17): warning:  #520-D: initialization with "{...}" expected for aggregate object
.\src\ustrobo_min_system\inc\led.h(17): error:  #144: a value of type "const GPIO *" cannot be used to initialize an entity of type "GPIO_TypeDef *"
.\src\ustrobo_min_system\inc\led.h(18): warning:  #520-D: initialization with "{...}" expected for aggregate object
.\src\ustrobo_min_system\inc\led.h(18): error:  #144: a value of type "const GPIO *" cannot be used to initialize an entity of type "GPIO_TypeDef *"
src\ustrobo_min_system\src\led.c(5): error:  #167: argument of type "GPIO *" is incompatible with parameter of type "GPIO"
src\ustrobo_min_system\src\led.c(9): error:  #167: argument of type "GPIO *" is incompatible with parameter of type "GPIO"
Target not created
Build target 'stm32_template'
compiling main.c...
.\src\ustrobo_min_system\inc\led.h(17): warning:  #520-D: initialization with "{...}" expected for aggregate object
.\src\ustrobo_min_system\inc\led.h(17): error:  #144: a value of type "GPIO *" cannot be used to initialize an entity of type "GPIO_TypeDef *"
.\src\ustrobo_min_system\inc\led.h(18): warning:  #520-D: initialization with "{...}" expected for aggregate object
.\src\ustrobo_min_system\inc\led.h(18): error:  #144: a value of type "GPIO *" cannot be used to initialize an entity of type "GPIO_TypeDef *"
compiling led.c...
.\src\ustrobo_min_system\inc\led.h(17): warning:  #520-D: initialization with "{...}" expected for aggregate object
.\src\ustrobo_min_system\inc\led.h(17): error:  #144: a value of type "GPIO *" cannot be used to initialize an entity of type "GPIO_TypeDef *"
.\src\ustrobo_min_system\inc\led.h(18): warning:  #520-D: initialization with "{...}" expected for aggregate object
.\src\ustrobo_min_system\inc\led.h(18): error:  #144: a value of type "GPIO *" cannot be used to initialize an entity of type "GPIO_TypeDef *"
src\ustrobo_min_system\src\led.c(5): error:  #167: argument of type "GPIO *" is incompatible with parameter of type "GPIO"
src\ustrobo_min_system\src\led.c(9): error:  #167: argument of type "GPIO *" is incompatible with parameter of type "GPIO"
compiling gpio.c...
Target not created
Build target 'stm32_template'
compiling main.c...
compiling led.c...
src\ustrobo_min_system\src\led.c(5): warning:  #520-D: initialization with "{...}" expected for aggregate object
src\ustrobo_min_system\src\led.c(5): error:  #144: a value of type "GPIO *" cannot be used to initialize an entity of type "GPIO_TypeDef *"
src\ustrobo_min_system\src\led.c(6): warning:  #520-D: initialization with "{...}" expected for aggregate object
src\ustrobo_min_system\src\led.c(6): error:  #144: a value of type "GPIO *" cannot be used to initialize an entity of type "GPIO_TypeDef *"
src\ustrobo_min_system\src\led.c(10): error:  #167: argument of type "GPIO *" is incompatible with parameter of type "GPIO"
src\ustrobo_min_system\src\led.c(14): error:  #167: argument of type "GPIO *" is incompatible with parameter of type "GPIO"
Target not created
Build target 'stm32_template'
compiling led.c...
src\ustrobo_min_system\src\led.c(6): error:  #40: expected an identifier
src\ustrobo_min_system\src\led.c(6): warning:  #520-D: initialization with "{...}" expected for aggregate object
src\ustrobo_min_system\src\led.c(6): error:  #144: a value of type "GPIO *" cannot be used to initialize an entity of type "GPIO_TypeDef *"
src\ustrobo_min_system\src\led.c(10): error:  #167: argument of type "GPIO *" is incompatible with parameter of type "GPIO"
src\ustrobo_min_system\src\led.c(11): error:  #167: argument of type "GPIO *" is incompatible with parameter of type "GPIO"
src\ustrobo_min_system\src\led.c(12): error:  #20: identifier "LED_D3_GPIO" is undefined
src\ustrobo_min_system\src\led.c(14): error:  #167: argument of type "GPIO *" is incompatible with parameter of type "GPIO"
src\ustrobo_min_system\src\led.c(15): error:  #167: argument of type "GPIO *" is incompatible with parameter of type "GPIO"
Target not created
Build target 'stm32_template'
compiling led.c...
src\ustrobo_min_system\src\led.c(10): error:  #167: argument of type "GPIO *" is incompatible with parameter of type "GPIO"
src\ustrobo_min_system\src\led.c(11): error:  #167: argument of type "GPIO *" is incompatible with parameter of type "GPIO"
src\ustrobo_min_system\src\led.c(12): error:  #167: argument of type "GPIO *" is incompatible with parameter of type "GPIO"
src\ustrobo_min_system\src\led.c(14): error:  #167: argument of type "GPIO *" is incompatible with parameter of type "GPIO"
src\ustrobo_min_system\src\led.c(15): error:  #167: argument of type "GPIO *" is incompatible with parameter of type "GPIO"
src\ustrobo_min_system\src\led.c(16): error:  #167: argument of type "GPIO *" is incompatible with parameter of type "GPIO"
Target not created
Build target 'stm32_template'
compiling led.c...
src\ustrobo_min_system\src\led.c(3): warning:  #520-D: initialization with "{...}" expected for aggregate object
src\ustrobo_min_system\src\led.c(3): error:  #28: expression must have a constant value
src\ustrobo_min_system\src\led.c(5): warning:  #520-D: initialization with "{...}" expected for aggregate object
src\ustrobo_min_system\src\led.c(5): error:  #28: expression must have a constant value
src\ustrobo_min_system\src\led.c(6): warning:  #520-D: initialization with "{...}" expected for aggregate object
src\ustrobo_min_system\src\led.c(6): error:  #28: expression must have a constant value
Target not created
Build target 'stm32_template'
compiling led.c...
src\ustrobo_min_system\src\led.c(9): error:  #167: argument of type "GPIO *" is incompatible with parameter of type "GPIO"
src\ustrobo_min_system\src\led.c(10): error:  #167: argument of type "GPIO *" is incompatible with parameter of type "GPIO"
src\ustrobo_min_system\src\led.c(11): error:  #167: argument of type "GPIO *" is incompatible with parameter of type "GPIO"
src\ustrobo_min_system\src\led.c(13): error:  #167: argument of type "GPIO *" is incompatible with parameter of type "GPIO"
src\ustrobo_min_system\src\led.c(14): error:  #167: argument of type "GPIO *" is incompatible with parameter of type "GPIO"
src\ustrobo_min_system\src\led.c(15): error:  #167: argument of type "GPIO *" is incompatible with parameter of type "GPIO"
Target not created
Build target 'stm32_template'
compiling led.c...
src\ustrobo_min_system\src\led.c(9): error:  #167: argument of type "GPIO **" is incompatible with parameter of type "GPIO"
src\ustrobo_min_system\src\led.c(10): error:  #167: argument of type "GPIO **" is incompatible with parameter of type "GPIO"
src\ustrobo_min_system\src\led.c(11): error:  #167: argument of type "GPIO **" is incompatible with parameter of type "GPIO"
src\ustrobo_min_system\src\led.c(13): error:  #167: argument of type "GPIO **" is incompatible with parameter of type "GPIO"
src\ustrobo_min_system\src\led.c(14): error:  #167: argument of type "GPIO **" is incompatible with parameter of type "GPIO"
src\ustrobo_min_system\src\led.c(15): error:  #167: argument of type "GPIO **" is incompatible with parameter of type "GPIO"
Target not created
Build target 'stm32_template'
compiling led.c...
linking...
Program Size: Code=13672 RO-data=428 RW-data=572 ZI-data=3268  
FromELF: creating hex file...
".\output\stm32_template.axf" - 0 Error(s), 0 Warning(s).
Build target 'stm32_template'
compiling main.c...
compiling led.c...
src\ustrobo_min_system\src\led.c(3): error:  #144: a value of type "const GPIO *" cannot be used to initialize an entity of type "GPIO *"
src\ustrobo_min_system\src\led.c(4): error:  #144: a value of type "const GPIO *" cannot be used to initialize an entity of type "GPIO *"
src\ustrobo_min_system\src\led.c(5): error:  #144: a value of type "const GPIO *" cannot be used to initialize an entity of type "GPIO *"
compiling gpio.c...
Target not created
Build target 'stm32_template'
compiling led.c...
linking...
Program Size: Code=13672 RO-data=452 RW-data=548 ZI-data=3268  
FromELF: creating hex file...
".\output\stm32_template.axf" - 0 Error(s), 0 Warning(s).
Build target 'stm32_template'
compiling main.c...
compiling led.c...
linking...
Program Size: Code=13672 RO-data=452 RW-data=548 ZI-data=3268  
FromELF: creating hex file...
".\output\stm32_template.axf" - 0 Error(s), 0 Warning(s).
"flash.bat" ./output/stm32_template.hex 6 115200
Build target 'stm32_template'
compiling main.c...
compiling led.c...
linking...
Program Size: Code=13672 RO-data=452 RW-data=548 ZI-data=3268  
FromELF: creating hex file...
".\output\stm32_template.axf" - 0 Error(s), 0 Warning(s).
"flash.bat" ./output/stm32_template.hex 6 115200
Build target 'stm32_template'
linking...
Program Size: Code=13672 RO-data=452 RW-data=548 ZI-data=3268  
FromELF: creating hex file...
".\output\stm32_template.axf" - 0 Error(s), 0 Warning(s).
"flash.bat" ./output/stm32_template.hex 6 115200
Build target 'stm32_template'
linking...
Program Size: Code=13672 RO-data=452 RW-data=548 ZI-data=3268  
FromELF: creating hex file...
".\output\stm32_template.axf" - 0 Error(s), 0 Warning(s).
"flash.bat" ./output/stm32_template.hex 6 115200
Build target 'stm32_template'
compiling main.c...
compiling led.c...
linking...
Program Size: Code=13672 RO-data=452 RW-data=548 ZI-data=3268  
FromELF: creating hex file...
".\output\stm32_template.axf" - 0 Error(s), 0 Warning(s).
"flash.bat" ./output/stm32_template.hex 6 115200
"flash.bat" ./output/stm32_template.hex 6 115200
Build target 'stm32_template'
linking...
Program Size: Code=13672 RO-data=452 RW-data=548 ZI-data=3268  
FromELF: creating hex file...
".\output\stm32_template.axf" - 0 Error(s), 0 Warning(s).
"flash.bat" ./output/stm32_template.hex 6 115200
Build target 'stm32_template'
compiling main.c...
compiling led.c...
linking...
Program Size: Code=13672 RO-data=452 RW-data=548 ZI-data=3268  
FromELF: creating hex file...
".\output\stm32_template.axf" - 0 Error(s), 0 Warning(s).
"flash.bat" ./output/stm32_template.hex 6 115200
Build target 'stm32_template'
compiling main.c...
compiling led.c...
linking...
Program Size: Code=13672 RO-data=452 RW-data=548 ZI-data=3268  
FromELF: creating hex file...
".\output\stm32_template.axf" - 0 Error(s), 0 Warning(s).
"flash.bat" ./output/stm32_template.hex 6 115200 STM32F1_XL-density_768K
Build target 'stm32_template'
compiling main.c...
compiling led.c...
linking...
Program Size: Code=13672 RO-data=452 RW-data=548 ZI-data=3268  
FromELF: creating hex file...
".\output\stm32_template.axf" - 0 Error(s), 0 Warning(s).
"flash.bat" ./output/stm32_template.hex 30 115200 STM32F1_XL-density_768K
Build target 'stm32_template'
linking...
Program Size: Code=13672 RO-data=452 RW-data=548 ZI-data=3268  
FromELF: creating hex file...
".\output\stm32_template.axf" - 0 Error(s), 0 Warning(s).
"flash.bat" ./output/stm32_template.hex 30 115200 STM32F1_XL-density_768K
"flash.bat" ./output/stm32_template.hex 30 115200 STM32F1_XL-density_768K
Build target 'stm32_template'
linking...
Program Size: Code=13672 RO-data=452 RW-data=548 ZI-data=3268  
FromELF: creating hex file...
".\output\stm32_template.axf" - 0 Error(s), 0 Warning(s).
"flash.bat" ./output/stm32_template.hex 30 1152000 STM32F1_XL-density_768K
Build target 'stm32_template'
compiling main.c...
compiling led.c...
linking...
Program Size: Code=13672 RO-data=452 RW-data=548 ZI-data=3268  
FromELF: creating hex file...
".\output\stm32_template.axf" - 0 Error(s), 0 Warning(s).
"flash.bat" ./output/stm32_template.hex 30 915200 STM32F1_XL-density_768K
Build target 'stm32_template'
compiling main.c...
compiling led.c...
linking...
Program Size: Code=13672 RO-data=452 RW-data=548 ZI-data=3268  
FromELF: creating hex file...
".\output\stm32_template.axf" - 0 Error(s), 0 Warning(s).
"flash.bat" ./output/stm32_template.hex 30 115200 STM32F1_XL-density_768K
Build target 'stm32_template'
compiling main.c...
compiling led.c...
linking...
Program Size: Code=13672 RO-data=452 RW-data=548 ZI-data=3268  
FromELF: creating hex file...
".\output\stm32_template.axf" - 0 Error(s), 0 Warning(s).
"flash.bat" ./output/stm32_template.hex 30 256000 STM32F1_XL-density_768K
Build target 'stm32_template'
linking...
Program Size: Code=13672 RO-data=452 RW-data=548 ZI-data=3268  
FromELF: creating hex file...
".\output\stm32_template.axf" - 0 Error(s), 0 Warning(s).
"flash.bat" ./output/stm32_template.hex 30 256000 STM32F1_XL-density_768K
"flash.bat" ./output/stm32_template.hex 30 256000 STM32F1_XL-density_768K
Build target 'stm32_template'
linking...
Program Size: Code=13672 RO-data=452 RW-data=548 ZI-data=3268  
FromELF: creating hex file...
".\output\stm32_template.axf" - 0 Error(s), 0 Warning(s).
"flash.bat" ./output/stm32_template.hex 30 256000 STM32F1_XL-density_768K
