Component: ARM Compiler 5.05 (build 41) Tool: armlink [4d0eb9]

==============================================================================

Section Cross References

    stm32f4xx_it.o(.text) refers to ticks.o(.text) for TimeTick_Decrement
    main.o(.text) refers to _printf_percent.o(.ARM.Collect$$_printf_percent$$00000000) for _printf_percent
    main.o(.text) refers to _printf_d.o(.ARM.Collect$$_printf_percent$$00000009) for _printf_d
    main.o(.text) refers to _printf_dec.o(.text) for _printf_int_dec
    main.o(.text) refers to __2printf.o(.text) for __2printf
    main.o(.text) refers to 1.8 tft_display.o(.text) for tft_prints
    main.o(.text) refers to button.o(.text) for button_released
    main.o(.text) refers to ticks.o(.text) for SysTick_Init
    main.o(.text) refers to buzzer.o(.text) for buzzer_init
    main.o(.text) refers to usart.o(.text) for uart_init
    main.o(.text) refers to led.o(.text) for LED_init
    main.o(.text) refers to flash.o(.text) for writeFlash
    main.o(.text) refers to main.o(.data) for ms
    main.o(.text) refers to buzzer_song.o(.constdata) for START_UP
    main.o(.text) refers to gpio.o(.constdata) for PA15
    main.o(.data) refers to gpio.o(.constdata) for PE3
    system_stm32f4xx.o(.text) refers to system_stm32f4xx.o(.data) for SystemCoreClock
    startup_stm32f40_41xxx.o(STACK) refers (Special) to heapauxi.o(.text) for __use_two_region_memory
    startup_stm32f40_41xxx.o(HEAP) refers (Special) to heapauxi.o(.text) for __use_two_region_memory
    startup_stm32f40_41xxx.o(RESET) refers (Special) to heapauxi.o(.text) for __use_two_region_memory
    startup_stm32f40_41xxx.o(RESET) refers to startup_stm32f40_41xxx.o(STACK) for __initial_sp
    startup_stm32f40_41xxx.o(RESET) refers to startup_stm32f40_41xxx.o(.text) for Reset_Handler
    startup_stm32f40_41xxx.o(RESET) refers to stm32f4xx_it.o(.text) for NMI_Handler
    startup_stm32f40_41xxx.o(RESET) refers to usart.o(.text) for USART1_IRQHandler
    startup_stm32f40_41xxx.o(.text) refers (Special) to heapauxi.o(.text) for __use_two_region_memory
    startup_stm32f40_41xxx.o(.text) refers to system_stm32f4xx.o(.text) for SystemInit
    startup_stm32f40_41xxx.o(.text) refers to __main.o(!!!main) for __main
    startup_stm32f40_41xxx.o(.text) refers to startup_stm32f40_41xxx.o(HEAP) for Heap_Mem
    startup_stm32f40_41xxx.o(.text) refers to startup_stm32f40_41xxx.o(STACK) for Stack_Mem
    stm32f4xx_adc.o(.text) refers to stm32f4xx_rcc.o(.text) for RCC_APB2PeriphResetCmd
    stm32f4xx_can.o(.text) refers to stm32f4xx_rcc.o(.text) for RCC_APB1PeriphResetCmd
    stm32f4xx_cryp.o(.text) refers to stm32f4xx_rcc.o(.text) for RCC_AHB2PeriphResetCmd
    stm32f4xx_cryp_aes.o(.text) refers to stm32f4xx_cryp.o(.text) for CRYP_KeyStructInit
    stm32f4xx_cryp_des.o(.text) refers to stm32f4xx_cryp.o(.text) for CRYP_KeyStructInit
    stm32f4xx_cryp_tdes.o(.text) refers to stm32f4xx_cryp.o(.text) for CRYP_KeyStructInit
    stm32f4xx_dma2d.o(.text) refers to stm32f4xx_rcc.o(.text) for RCC_AHB1PeriphResetCmd
    stm32f4xx_dac.o(.text) refers to stm32f4xx_rcc.o(.text) for RCC_APB1PeriphResetCmd
    stm32f4xx_fsmc.o(.text) refers to stm32f4xx_fsmc.o(.constdata) for FSMC_DefaultTimingStruct
    stm32f4xx_gpio.o(.text) refers to stm32f4xx_rcc.o(.text) for RCC_AHB1PeriphResetCmd
    stm32f4xx_hash.o(.text) refers to stm32f4xx_rcc.o(.text) for RCC_AHB2PeriphResetCmd
    stm32f4xx_hash_md5.o(.text) refers to stm32f4xx_hash.o(.text) for HASH_DeInit
    stm32f4xx_hash_sha1.o(.text) refers to stm32f4xx_hash.o(.text) for HASH_DeInit
    stm32f4xx_i2c.o(.text) refers to stm32f4xx_rcc.o(.text) for RCC_APB1PeriphResetCmd
    stm32f4xx_ltdc.o(.text) refers to stm32f4xx_rcc.o(.text) for RCC_APB2PeriphResetCmd
    stm32f4xx_pwr.o(.text) refers to stm32f4xx_rcc.o(.text) for RCC_APB1PeriphResetCmd
    stm32f4xx_rcc.o(.text) refers to stm32f4xx_rcc.o(.data) for APBAHBPrescTable
    stm32f4xx_rng.o(.text) refers to stm32f4xx_rcc.o(.text) for RCC_AHB2PeriphResetCmd
    stm32f4xx_sai.o(.text) refers to stm32f4xx_rcc.o(.text) for RCC_APB2PeriphResetCmd
    stm32f4xx_sdio.o(.text) refers to stm32f4xx_rcc.o(.text) for RCC_APB2PeriphResetCmd
    stm32f4xx_spi.o(.text) refers to stm32f4xx_rcc.o(.text) for RCC_APB2PeriphResetCmd
    stm32f4xx_syscfg.o(.text) refers to stm32f4xx_rcc.o(.text) for RCC_APB2PeriphResetCmd
    stm32f4xx_tim.o(.text) refers to stm32f4xx_rcc.o(.text) for RCC_APB2PeriphResetCmd
    stm32f4xx_usart.o(.text) refers to stm32f4xx_rcc.o(.text) for RCC_APB2PeriphResetCmd
    stm32f4xx_wwdg.o(.text) refers to stm32f4xx_rcc.o(.text) for RCC_APB1PeriphResetCmd
    usart.o(.rev16_text) refers (Special) to use_no_semi_2.o(.text) for __use_no_semihosting
    usart.o(.revsh_text) refers (Special) to use_no_semi_2.o(.text) for __use_no_semihosting
    usart.o(.rrx_text) refers (Special) to use_no_semi_2.o(.text) for __use_no_semihosting
[...]
    __rt_lib_shutdown_user_alloc_1           0x080002fb   Thumb Code     0  libshutdown2.o(.ARM.Collect$$libshutdown$$0000000B)
    __rt_entry                               0x080002fd   Thumb Code     0  __rtentry.o(.ARM.Collect$$rtentry$$00000000)
    __rt_entry_presh_1                       0x080002fd   Thumb Code     0  __rtentry2.o(.ARM.Collect$$rtentry$$00000002)
    __rt_entry_sh                            0x080002fd   Thumb Code     0  __rtentry4.o(.ARM.Collect$$rtentry$$00000004)
    __rt_entry_li                            0x08000303   Thumb Code     0  __rtentry2.o(.ARM.Collect$$rtentry$$0000000A)
    __rt_entry_postsh_1                      0x08000303   Thumb Code     0  __rtentry2.o(.ARM.Collect$$rtentry$$00000009)
    __rt_entry_main                          0x08000307   Thumb Code     0  __rtentry2.o(.ARM.Collect$$rtentry$$0000000D)
    __rt_entry_postli_1                      0x08000307   Thumb Code     0  __rtentry2.o(.ARM.Collect$$rtentry$$0000000C)
    __rt_exit                                0x0800030f   Thumb Code     0  rtexit.o(.ARM.Collect$$rtexit$$00000000)
    __rt_exit_ls                             0x08000311   Thumb Code     0  rtexit2.o(.ARM.Collect$$rtexit$$00000003)
    __rt_exit_prels_1                        0x08000311   Thumb Code     0  rtexit2.o(.ARM.Collect$$rtexit$$00000002)
    __rt_exit_exit                           0x08000315   Thumb Code     0  rtexit2.o(.ARM.Collect$$rtexit$$00000004)
    NMI_Handler                              0x0800031b   Thumb Code     2  stm32f4xx_it.o(.text)
    HardFault_Handler                        0x0800031d   Thumb Code     4  stm32f4xx_it.o(.text)
    MemManage_Handler                        0x08000321   Thumb Code     4  stm32f4xx_it.o(.text)
    BusFault_Handler                         0x08000325   Thumb Code     4  stm32f4xx_it.o(.text)
    UsageFault_Handler                       0x08000329   Thumb Code     4  stm32f4xx_it.o(.text)
    SVC_Handler                              0x0800032d   Thumb Code     2  stm32f4xx_it.o(.text)
    DebugMon_Handler                         0x0800032f   Thumb Code     2  stm32f4xx_it.o(.text)
    PendSV_Handler                           0x08000331   Thumb Code     2  stm32f4xx_it.o(.text)
    SysTick_Handler                          0x08000333   Thumb Code    12  stm32f4xx_it.o(.text)
    system_time                              0x08000341   Thumb Code    88  main.o(.text)
    show_time                                0x08000399   Thumb Code    74  main.o(.text)
    draw_ball                                0x080003e3   Thumb Code    20  main.o(.text)
    display_button_data                      0x080003f7   Thumb Code    48  main.o(.text)
    test_flash                               0x08000427   Thumb Code     2  main.o(.text)
    main                                     0x08000429   Thumb Code   160  main.o(.text)
    SystemInit                               0x08000611   Thumb Code    88  system_stm32f4xx.o(.text)
    SystemCoreClockUpdate                    0x08000669   Thumb Code   174  system_stm32f4xx.o(.text)
    Reset_Handler                            0x08000745   Thumb Code     8  startup_stm32f40_41xxx.o(.text)
    ADC_IRQHandler                           0x0800075f   Thumb Code     0  startup_stm32f40_41xxx.o(.text)
    CAN1_RX0_IRQHandler                      0x0800075f   Thumb Code     0  startup_stm32f40_41xxx.o(.text)
    CAN1_RX1_IRQHandler                      0x0800075f   Thumb Code     0  startup_stm32f40_41xxx.o(.text)
    CAN1_SCE_IRQHandler                      0x0800075f   Thumb Code     0  startup_stm32f40_41xxx.o(.text)
    CAN1_TX_IRQHandler                       0x0800075f   Thumb Code     0  startup_stm32f40_41xxx.o(.text)
    CAN2_RX0_IRQHandler                      0x0800075f   Thumb Code     0  startup_stm32f40_41xxx.o(.text)
    CAN2_RX1_IRQHandler                      0x0800075f   Thumb Code     0  startup_stm32f40_41xxx.o(.text)
    CAN2_SCE_IRQHandler                      0x0800075f   Thumb Code     0  startup_stm32f40_41xxx.o(.text)
    CAN2_TX_IRQHandler                       0x0800075f   Thumb Code     0  startup_stm32f40_41xxx.o(.text)
    CRYP_IRQHandler                          0x0800075f   Thumb Code     0  startup_stm32f40_41xxx.o(.text)
    DCMI_IRQHandler                          0x0800075f   Thumb Code     0  startup_stm32f40_41xxx.o(.text)
    DMA1_Stream0_IRQHandler                  0x0800075f   Thumb Code     0  startup_stm32f40_41xxx.o(.text)
    DMA1_Stream1_IRQHandler                  0x0800075f   Thumb Code     0  startup_stm32f40_41xxx.o(.text)
    DMA1_Stream2_IRQHandler                  0x0800075f   Thumb Code     0  startup_stm32f40_41xxx.o(.text)
    DMA1_Stream3_IRQHandler                  0x0800075f   Thumb Code     0  startup_stm32f40_41xxx.o(.text)
    DMA1_Stream4_IRQHandler                  0x0800075f   Thumb Code     0  startup_stm32f40_41xxx.o(.text)
    DMA1_Stream5_IRQHandler                  0x0800075f   Thumb Code     0  startup_stm32f40_41xxx.o(.text)
    DMA1_Stream6_IRQHandler                  0x0800075f   Thumb Code     0  startup_stm32f40_41xxx.o(.text)
    DMA1_Stream7_IRQHandler                  0x0800075f   Thumb Code     0  startup_stm32f40_41xxx.o(.text)
    DMA2_Stream0_IRQHandler                  0x0800075f   Thumb Code     0  startup_stm32f40_41xxx.o(.text)
    DMA2_Stream1_IRQHandler                  0x0800075f   Thumb Code     0  startup_stm32f40_41xxx.o(.text)
    DMA2_Stream2_IRQHandler                  0x0800075f   Thumb Code     0  startup_stm32f40_41xxx.o(.text)
    DMA2_Stream3_IRQHandler                  0x0800075f   Thumb Code     0  startup_stm32f40_41xxx.o(.text)
    DMA2_Stream4_IRQHandler                  0x0800075f   Thumb Code     0  startup_stm32f40_41xxx.o(.text)
    DMA2_Stream5_IRQHandler                  0x0800075f   Thumb Code     0  startup_stm32f40_41xxx.o(.text)
    DMA2_Stream6_IRQHandler                  0x0800075f   Thumb Code     0  startup_stm32f40_41xxx.o(.text)
    DMA2_Stream7_IRQHandler                  0x0800075f   Thumb Code     0  startup_stm32f40_41xxx.o(.text)
    ETH_IRQHandler                           0x0800075f   Thumb Code     0  startup_stm32f40_41xxx.o(.text)
    ETH_WKUP_IRQHandler                      0x0800075f   Thumb Code     0  startup_stm32f40_41xxx.o(.text)
    EXTI0_IRQHandler                         0x0800075f   Thumb Code     0  startup_stm32f40_41xxx.o(.text)
    EXTI15_10_IRQHandler                     0x0800075f   Thumb Code     0  startup_stm32f40_41xxx.o(.text)
    EXTI1_IRQHandler                         0x0800075f   Thumb Code     0  startup_stm32f40_41xxx.o(.text)
    EXTI2_IRQHandler                         0x0800075f   Thumb Code     0  startup_stm32f40_41xxx.o(.text)
    EXTI3_IRQHandler                         0x0800075f   Thumb Code     0  startup_stm32f40_41xxx.o(.text)
    EXTI4_IRQHandler                         0x0800075f   Thumb Code     0  startup_stm32f40_41xxx.o(.text)
    EXTI9_5_IRQHandler                       0x0800075f   Thumb Code     0  startup_stm32f40_41xxx.o(.text)
    FLASH_IRQHandler                         0x0800075f   Thumb Code     0  startup_stm32f40_41xxx.o(.text)
    FPU_IRQHandler                           0x0800075f   Thumb Code     0  startup_stm32f40_41xxx.o(.text)
    FSMC_IRQHandler                          0x0800075f   Thumb Code     0  startup_stm32f40_41xxx.o(.text)
    HASH_RNG_IRQHandler                      0x0800075f   Thumb Code     0  startup_stm32f40_41xxx.o(.text)
    I2C1_ER_IRQHandler                       0x0800075f   Thumb Code     0  startup_stm32f40_41xxx.o(.text)
    I2C1_EV_IRQHandler                       0x0800075f   Thumb Code     0  startup_stm32f40_41xxx.o(.text)
    I2C2_ER_IRQHandler                       0x0800075f   Thumb Code     0  startup_stm32f40_41xxx.o(.text)
    I2C2_EV_IRQHandler                       0x0800075f   Thumb Code     0  startup_stm32f40_41xxx.o(.text)
    I2C3_ER_IRQHandler                       0x0800075f   Thumb Code     0  startup_stm32f40_41xxx.o(.text)
    I2C3_EV_IRQHandler                       0x0800075f   Thumb Code     0  startup_stm32f40_41xxx.o(.text)
    OTG_FS_IRQHandler                        0x0800075f   Thumb Code     0  startup_stm32f40_41xxx.o(.text)
    OTG_FS_WKUP_IRQHandler                   0x0800075f   Thumb Code     0  startup_stm32f40_41xxx.o(.text)
    OTG_HS_EP1_IN_IRQHandler                 0x0800075f   Thumb Code     0  startup_stm32f40_41xxx.o(.text)
    OTG_HS_EP1_OUT_IRQHandler                0x0800075f   Thumb Code     0  startup_stm32f40_41xxx.o(.text)
    OTG_HS_IRQHandler                        0x0800075f   Thumb Code     0  startup_stm32f40_41xxx.o(.text)
    OTG_HS_WKUP_IRQHandler                   0x0800075f   Thumb Code     0  startup_stm32f40_41xxx.o(.text)
    PVD_IRQHandler                           0x0800075f   Thumb Code     0  startup_stm32f40_41xxx.o(.text)
    RCC_IRQHandler                           0x0800075f   Thumb Code     0  startup_stm32f40_41xxx.o(.text)
    RTC_Alarm_IRQHandler                     0x0800075f   Thumb Code     0  startup_stm32f40_41xxx.o(.text)
    RTC_WKUP_IRQHandler                      0x0800075f   Thumb Code     0  startup_stm32f40_41xxx.o(.text)
    SDIO_IRQHandler                          0x0800075f   Thumb Code     0  startup_stm32f40_41xxx.o(.text)
    SPI1_IRQHandler                          0x0800075f   Thumb Code     0  startup_stm32f40_41xxx.o(.text)
    SPI2_IRQHandler                          0x0800075f   Thumb Code     0  startup_stm32f40_41xxx.o(.text)
    SPI3_IRQHandler                          0x0800075f   Thumb Code     0  startup_stm32f40_41xxx.o(.text)
    TAMP_STAMP_IRQHandler                    0x0800075f   Thumb Code     0  startup_stm32f40_41xxx.o(.text)
    TIM1_BRK_TIM9_IRQHandler                 0x0800075f   Thumb Code     0  startup_stm32f40_41xxx.o(.text)
    TIM1_CC_IRQHandler                       0x0800075f   Thumb Code     0  startup_stm32f40_41xxx.o(.text)
    TIM1_TRG_COM_TIM11_IRQHandler            0x0800075f   Thumb Code     0  startup_stm32f40_41xxx.o(.text)
    TIM1_UP_TIM10_IRQHandler                 0x0800075f   Thumb Code     0  startup_stm32f40_41xxx.o(.text)
    TIM2_IRQHandler                          0x0800075f   Thumb Code     0  startup_stm32f40_41xxx.o(.text)
    TIM3_IRQHandler                          0x0800075f   Thumb Code     0  startup_stm32f40_41xxx.o(.text)
    TIM4_IRQHandler                          0x0800075f   Thumb Code     0  startup_stm32f40_41xxx.o(.text)
    TIM5_IRQHandler                          0x0800075f   Thumb Code     0  startup_stm32f40_41xxx.o(.text)
    TIM6_DAC_IRQHandler                      0x0800075f   Thumb Code     0  startup_stm32f40_41xxx.o(.text)
    TIM7_IRQHandler                          0x0800075f   Thumb Code     0  startup_stm32f40_41xxx.o(.text)
    TIM8_BRK_TIM12_IRQHandler                0x0800075f   Thumb Code     0  startup_stm32f40_41xxx.o(.text)
    TIM8_CC_IRQHandler                       0x0800075f   Thumb Code     0  startup_stm32f40_41xxx.o(.text)
    TIM8_TRG_COM_TIM14_IRQHandler            0x0800075f   Thumb Code     0  startup_stm32f40_41xxx.o(.text)
    TIM8_UP_TIM13_IRQHandler                 0x0800075f   Thumb Code     0  startup_stm32f40_41xxx.o(.text)
    UART4_IRQHandler                         0x0800075f   Thumb Code     0  startup_stm32f40_41xxx.o(.text)
    UART5_IRQHandler                         0x0800075f   Thumb Code     0  startup_stm32f40_41xxx.o(.text)
    USART2_IRQHandler                        0x0800075f   Thumb Code     0  startup_stm32f40_41xxx.o(.text)
    USART3_IRQHandler                        0x0800075f   Thumb Code     0  startup_stm32f40_41xxx.o(.text)
    USART6_IRQHandler                        0x0800075f   Thumb Code     0  startup_stm32f40_41xxx.o(.text)
    WWDG_IRQHandler                          0x0800075f   Thumb Code     0  startup_stm32f40_41xxx.o(.text)
    __user_initial_stackheap                 0x08000761   Thumb Code     0  startup_stm32f40_41xxx.o(.text)
    NVIC_PriorityGroupConfig                 0x08000785   Thumb Code    10  misc.o(.text)
    NVIC_Init                                0x0800078f   Thumb Code   106  misc.o(.text)
    NVIC_SetVectorTable                      0x080007f9   Thumb Code    14  misc.o(.text)
    NVIC_SystemLPConfig                      0x08000807   Thumb Code    34  misc.o(.text)
    SysTick_CLKSourceConfig                  0x08000829   Thumb Code    40  misc.o(.text)
    FLASH_SetLatency                         0x08000865   Thumb Code     6  stm32f4xx_flash.o(.text)
    FLASH_PrefetchBufferCmd                  0x0800086b   Thumb Code    30  stm32f4xx_flash.o(.text)
    FLASH_InstructionCacheCmd                0x08000889   Thumb Code    30  stm32f4xx_flash.o(.text)
    FLASH_DataCacheCmd                       0x080008a7   Thumb Code    30  stm32f4xx_flash.o(.text)
    FLASH_InstructionCacheReset              0x080008c5   Thumb Code    14  stm32f4xx_flash.o(.text)
    FLASH_DataCacheReset                     0x080008d3   Thumb Code    14  stm32f4xx_flash.o(.text)
    FLASH_Unlock                             0x080008e1   Thumb Code    26  stm32f4xx_flash.o(.text)
    FLASH_Lock                               0x080008fb   Thumb Code    18  stm32f4xx_flash.o(.text)
    FLASH_GetStatus                          0x0800090d   Thumb Code    90  stm32f4xx_flash.o(.text)
    FLASH_WaitForLastOperation               0x08000967   Thumb Code    34  stm32f4xx_flash.o(.text)
    FLASH_EraseSector                        0x08000989   Thumb Code   140  stm32f4xx_flash.o(.text)
    FLASH_EraseAllSectors                    0x08000a15   Thumb Code   112  stm32f4xx_flash.o(.text)
    FLASH_EraseAllBank1Sectors               0x08000a85   Thumb Code   112  stm32f4xx_flash.o(.text)
    FLASH_EraseAllBank2Sectors               0x08000af5   Thumb Code   112  stm32f4xx_flash.o(.text)
    FLASH_ProgramDoubleWord                  0x08000b65   Thumb Code    86  stm32f4xx_flash.o(.text)
    FLASH_ProgramWord                        0x08000bbb   Thumb Code    82  stm32f4xx_flash.o(.text)
    FLASH_ProgramHalfWord                    0x08000c0d   Thumb Code    96  stm32f4xx_flash.o(.text)
    FLASH_ProgramByte                        0x08000c6d   Thumb Code    70  stm32f4xx_flash.o(.text)
    FLASH_OB_Unlock                          0x08000cb3   Thumb Code    26  stm32f4xx_flash.o(.text)
    FLASH_OB_Lock                            0x08000ccd   Thumb Code    18  stm32f4xx_flash.o(.text)
    FLASH_OB_WRPConfig                       0x08000cdf   Thumb Code    54  stm32f4xx_flash.o(.text)
    FLASH_OB_WRP1Config                      0x08000d15   Thumb Code    54  stm32f4xx_flash.o(.text)
    FLASH_OB_PCROPSelectionConfig            0x08000d4b   Thumb Code    24  stm32f4xx_flash.o(.text)
    FLASH_OB_PCROPConfig                     0x08000d63   Thumb Code    54  stm32f4xx_flash.o(.text)
    FLASH_OB_PCROP1Config                    0x08000d99   Thumb Code    54  stm32f4xx_flash.o(.text)
    FLASH_OB_RDPConfig                       0x08000dcf   Thumb Code    24  stm32f4xx_flash.o(.text)
    FLASH_OB_UserConfig                      0x08000de7   Thumb Code    46  stm32f4xx_flash.o(.text)
    FLASH_OB_BootConfig                      0x08000e15   Thumb Code    26  stm32f4xx_flash.o(.text)
    FLASH_OB_BORConfig                       0x08000e2f   Thumb Code    26  stm32f4xx_flash.o(.text)
    FLASH_OB_Launch                          0x08000e49   Thumb Code    30  stm32f4xx_flash.o(.text)
    FLASH_OB_GetUser                         0x08000e67   Thumb Code    12  stm32f4xx_flash.o(.text)
    FLASH_OB_GetWRP                          0x08000e73   Thumb Code     8  stm32f4xx_flash.o(.text)
    FLASH_OB_GetWRP1                         0x08000e7b   Thumb Code     8  stm32f4xx_flash.o(.text)
    FLASH_OB_GetPCROP                        0x08000e83   Thumb Code     8  stm32f4xx_flash.o(.text)
    FLASH_OB_GetPCROP1                       0x08000e8b   Thumb Code     8  stm32f4xx_flash.o(.text)
    FLASH_OB_GetRDP                          0x08000e93   Thumb Code    20  stm32f4xx_flash.o(.text)
    FLASH_OB_GetBOR                          0x08000ea7   Thumb Code    12  stm32f4xx_flash.o(.text)
    FLASH_ITConfig                           0x08000eb3   Thumb Code    26  stm32f4xx_flash.o(.text)
    FLASH_GetFlagStatus                      0x08000ecd   Thumb Code    22  stm32f4xx_flash.o(.text)
    FLASH_ClearFlag                          0x08000ee3   Thumb Code     8  stm32f4xx_flash.o(.text)
    GPIO_DeInit                              0x08000ef9   Thumb Code   268  stm32f4xx_gpio.o(.text)
    GPIO_Init                                0x08001005   Thumb Code   144  stm32f4xx_gpio.o(.text)
    GPIO_StructInit                          0x08001095   Thumb Code    18  stm32f4xx_gpio.o(.text)
    GPIO_PinLockConfig                       0x080010a7   Thumb Code    34  stm32f4xx_gpio.o(.text)
    GPIO_ReadInputDataBit                    0x080010c9   Thumb Code    18  stm32f4xx_gpio.o(.text)
    GPIO_ReadInputData                       0x080010db   Thumb Code     8  stm32f4xx_gpio.o(.text)
    GPIO_ReadOutputDataBit                   0x080010e3   Thumb Code    18  stm32f4xx_gpio.o(.text)
    GPIO_ReadOutputData                      0x080010f5   Thumb Code     8  stm32f4xx_gpio.o(.text)
    GPIO_SetBits                             0x080010fd   Thumb Code     4  stm32f4xx_gpio.o(.text)
    GPIO_ResetBits                           0x08001101   Thumb Code     4  stm32f4xx_gpio.o(.text)
    GPIO_WriteBit                            0x08001105   Thumb Code    10  stm32f4xx_gpio.o(.text)
    GPIO_Write                               0x0800110f   Thumb Code     4  stm32f4xx_gpio.o(.text)
    GPIO_ToggleBits                          0x08001113   Thumb Code     8  stm32f4xx_gpio.o(.text)
    GPIO_PinAFConfig                         0x0800111b   Thumb Code    70  stm32f4xx_gpio.o(.text)
    RCC_DeInit                               0x0800118d   Thumb Code    82  stm32f4xx_rcc.o(.text)
    RCC_HSEConfig                            0x080011df   Thumb Code    14  stm32f4xx_rcc.o(.text)
    RCC_GetFlagStatus                        0x080011ed   Thumb Code    60  stm32f4xx_rcc.o(.text)
    RCC_WaitForHSEStartUp                    0x08001229   Thumb Code    56  stm32f4xx_rcc.o(.text)
    RCC_AdjustHSICalibrationValue            0x08001261   Thumb Code    20  stm32f4xx_rcc.o(.text)
    RCC_HSICmd                               0x08001275   Thumb Code     6  stm32f4xx_rcc.o(.text)
    RCC_LSEConfig                            0x0800127b   Thumb Code    46  stm32f4xx_rcc.o(.text)
    RCC_LSICmd                               0x080012a9   Thumb Code     6  stm32f4xx_rcc.o(.text)
    RCC_PLLConfig                            0x080012af   Thumb Code    32  stm32f4xx_rcc.o(.text)
    RCC_PLLCmd                               0x080012cf   Thumb Code     6  stm32f4xx_rcc.o(.text)
    RCC_PLLI2SConfig                         0x080012d5   Thumb Code    14  stm32f4xx_rcc.o(.text)
    RCC_PLLI2SCmd                            0x080012e3   Thumb Code     6  stm32f4xx_rcc.o(.text)
    RCC_PLLSAIConfig                         0x080012e9   Thumb Code    20  stm32f4xx_rcc.o(.text)
    RCC_PLLSAICmd                            0x080012fd   Thumb Code     6  stm32f4xx_rcc.o(.text)
    RCC_ClockSecuritySystemCmd               0x08001303   Thumb Code     6  stm32f4xx_rcc.o(.text)
    RCC_MCO1Config                           0x08001309   Thumb Code    28  stm32f4xx_rcc.o(.text)
    RCC_MCO2Config                           0x08001325   Thumb Code    28  stm32f4xx_rcc.o(.text)
    RCC_SYSCLKConfig                         0x08001341   Thumb Code    20  stm32f4xx_rcc.o(.text)
    RCC_GetSYSCLKSource                      0x08001355   Thumb Code    12  stm32f4xx_rcc.o(.text)
    RCC_HCLKConfig                           0x08001361   Thumb Code    20  stm32f4xx_rcc.o(.text)
    RCC_PCLK1Config                          0x08001375   Thumb Code    20  stm32f4xx_rcc.o(.text)
    RCC_PCLK2Config                          0x08001389   Thumb Code    22  stm32f4xx_rcc.o(.text)
    RCC_GetClocksFreq                        0x0800139f   Thumb Code   222  stm32f4xx_rcc.o(.text)
    RCC_RTCCLKConfig                         0x0800147d   Thumb Code    54  stm32f4xx_rcc.o(.text)
    RCC_RTCCLKCmd                            0x080014b3   Thumb Code     8  stm32f4xx_rcc.o(.text)
    RCC_BackupResetCmd                       0x080014bb   Thumb Code     8  stm32f4xx_rcc.o(.text)
    RCC_I2SCLKConfig                         0x080014c3   Thumb Code     6  stm32f4xx_rcc.o(.text)
    RCC_SAIPLLI2SClkDivConfig                0x080014c9   Thumb Code    26  stm32f4xx_rcc.o(.text)
    RCC_SAIPLLSAIClkDivConfig                0x080014e3   Thumb Code    28  stm32f4xx_rcc.o(.text)
    RCC_SAIBlockACLKConfig                   0x080014ff   Thumb Code    20  stm32f4xx_rcc.o(.text)
    RCC_SAIBlockBCLKConfig                   0x08001513   Thumb Code    20  stm32f4xx_rcc.o(.text)
    RCC_LTDCCLKDivConfig                     0x08001527   Thumb Code    20  stm32f4xx_rcc.o(.text)
    RCC_TIMCLKPresConfig                     0x0800153b   Thumb Code     6  stm32f4xx_rcc.o(.text)
    RCC_AHB1PeriphClockCmd                   0x08001541   Thumb Code    34  stm32f4xx_rcc.o(.text)
    RCC_AHB2PeriphClockCmd                   0x08001563   Thumb Code    78  stm32f4xx_rcc.o(.text)
    RCC_AHB3PeriphClockCmd                   0x080015b1   Thumb Code    34  stm32f4xx_rcc.o(.text)
    RCC_APB1PeriphClockCmd                   0x080015d3   Thumb Code    34  stm32f4xx_rcc.o(.text)
    RCC_APB2PeriphClockCmd                   0x080015f5   Thumb Code    34  stm32f4xx_rcc.o(.text)
    RCC_AHB1PeriphResetCmd                   0x08001617   Thumb Code    34  stm32f4xx_rcc.o(.text)
    RCC_AHB2PeriphResetCmd                   0x08001639   Thumb Code    34  stm32f4xx_rcc.o(.text)
    RCC_AHB3PeriphResetCmd                   0x0800165b   Thumb Code    34  stm32f4xx_rcc.o(.text)
    RCC_APB1PeriphResetCmd                   0x0800167d   Thumb Code    34  stm32f4xx_rcc.o(.text)
    RCC_APB2PeriphResetCmd                   0x0800169f   Thumb Code    34  stm32f4xx_rcc.o(.text)
    RCC_AHB1PeriphClockLPModeCmd             0x080016c1   Thumb Code    34  stm32f4xx_rcc.o(.text)
    RCC_AHB2PeriphClockLPModeCmd             0x080016e3   Thumb Code    34  stm32f4xx_rcc.o(.text)
    RCC_AHB3PeriphClockLPModeCmd             0x08001705   Thumb Code    34  stm32f4xx_rcc.o(.text)
    RCC_APB1PeriphClockLPModeCmd             0x08001727   Thumb Code    34  stm32f4xx_rcc.o(.text)
    RCC_APB2PeriphClockLPModeCmd             0x08001749   Thumb Code    34  stm32f4xx_rcc.o(.text)
    RCC_LSEModeConfig                        0x0800176b   Thumb Code    40  stm32f4xx_rcc.o(.text)
    RCC_ITConfig                             0x08001793   Thumb Code    34  stm32f4xx_rcc.o(.text)
    RCC_ClearFlag                            0x080017b5   Thumb Code    18  stm32f4xx_rcc.o(.text)
    RCC_GetITStatus                          0x080017c7   Thumb Code    22  stm32f4xx_rcc.o(.text)
    RCC_ClearITPendingBit                    0x080017dd   Thumb Code     8  stm32f4xx_rcc.o(.text)
    SPI_I2S_DeInit                           0x080017e9   Thumb Code   152  stm32f4xx_spi.o(.text)
    SPI_Init                                 0x08001881   Thumb Code    60  stm32f4xx_spi.o(.text)
    I2S_Init                                 0x080018bd   Thumb Code   396  stm32f4xx_spi.o(.text)
    SPI_StructInit                           0x08001a49   Thumb Code    24  stm32f4xx_spi.o(.text)
    I2S_StructInit                           0x08001a61   Thumb Code    20  stm32f4xx_spi.o(.text)
    SPI_Cmd                                  0x08001a75   Thumb Code    24  stm32f4xx_spi.o(.text)
    I2S_Cmd                                  0x08001a8d   Thumb Code    24  stm32f4xx_spi.o(.text)
    SPI_DataSizeConfig                       0x08001aa5   Thumb Code    18  stm32f4xx_spi.o(.text)
    SPI_BiDirectionalLineConfig              0x08001ab7   Thumb Code    28  stm32f4xx_spi.o(.text)
    SPI_NSSInternalSoftwareConfig            0x08001ad3   Thumb Code    30  stm32f4xx_spi.o(.text)
    SPI_SSOutputCmd                          0x08001af1   Thumb Code    24  stm32f4xx_spi.o(.text)
    SPI_TIModeCmd                            0x08001b09   Thumb Code    24  stm32f4xx_spi.o(.text)
    I2S_FullDuplexConfig                     0x08001b21   Thumb Code    80  stm32f4xx_spi.o(.text)
    SPI_I2S_ReceiveData                      0x08001b71   Thumb Code     6  stm32f4xx_spi.o(.text)
    SPI_I2S_SendData                         0x08001b77   Thumb Code     4  stm32f4xx_spi.o(.text)
    SPI_CalculateCRC                         0x08001b7b   Thumb Code    24  stm32f4xx_spi.o(.text)
    SPI_TransmitCRC                          0x08001b93   Thumb Code    10  stm32f4xx_spi.o(.text)
    SPI_GetCRC                               0x08001b9d   Thumb Code    16  stm32f4xx_spi.o(.text)
    SPI_GetCRCPolynomial                     0x08001bad   Thumb Code     6  stm32f4xx_spi.o(.text)
    SPI_I2S_DMACmd                           0x08001bb3   Thumb Code    18  stm32f4xx_spi.o(.text)
    SPI_I2S_ITConfig                         0x08001bc5   Thumb Code    68  stm32f4xx_spi.o(.text)
    SPI_I2S_GetFlagStatus                    0x08001c09   Thumb Code    18  stm32f4xx_spi.o(.text)
    SPI_I2S_ClearFlag                        0x08001c1b   Thumb Code     6  stm32f4xx_spi.o(.text)
    SPI_I2S_GetITStatus                      0x08001c21   Thumb Code    52  stm32f4xx_spi.o(.text)
    SPI_I2S_ClearITPendingBit                0x08001c55   Thumb Code    20  stm32f4xx_spi.o(.text)
    TIM_DeInit                               0x08001c69   Thumb Code   346  stm32f4xx_tim.o(.text)
    TIM_TimeBaseInit                         0x08001dc3   Thumb Code   104  stm32f4xx_tim.o(.text)
    TIM_TimeBaseStructInit                   0x08001e2b   Thumb Code    18  stm32f4xx_tim.o(.text)
    TIM_PrescalerConfig                      0x08001e3d   Thumb Code     6  stm32f4xx_tim.o(.text)
    TIM_CounterModeConfig                    0x08001e43   Thumb Code    18  stm32f4xx_tim.o(.text)
    TIM_SetCounter                           0x08001e55   Thumb Code     4  stm32f4xx_tim.o(.text)
    TIM_SetAutoreload                        0x08001e59   Thumb Code     4  stm32f4xx_tim.o(.text)
    TIM_GetCounter                           0x08001e5d   Thumb Code     6  stm32f4xx_tim.o(.text)
    TIM_GetPrescaler                         0x08001e63   Thumb Code     6  stm32f4xx_tim.o(.text)
    TIM_UpdateDisableConfig                  0x08001e69   Thumb Code    24  stm32f4xx_tim.o(.text)
    TIM_UpdateRequestConfig                  0x08001e81   Thumb Code    24  stm32f4xx_tim.o(.text)
    TIM_ARRPreloadConfig                     0x08001e99   Thumb Code    24  stm32f4xx_tim.o(.text)
    TIM_SelectOnePulseMode                   0x08001eb1   Thumb Code    18  stm32f4xx_tim.o(.text)
    TIM_SetClockDivision                     0x08001ec3   Thumb Code    18  stm32f4xx_tim.o(.text)
    TIM_Cmd                                  0x08001ed5   Thumb Code    24  stm32f4xx_tim.o(.text)
    TIM_OC1Init                              0x08001eed   Thumb Code   114  stm32f4xx_tim.o(.text)
    TIM_OC2Init                              0x08001f5f   Thumb Code   154  stm32f4xx_tim.o(.text)
    TIM_OC3Init                              0x08001ff9   Thumb Code   204  stm32f4xx_tim.o(.text)
    TIM_OC4Init                              0x080020c5   Thumb Code   112  stm32f4xx_tim.o(.text)
    TIM_OCStructInit                         0x08002135   Thumb Code    20  stm32f4xx_tim.o(.text)
    TIM_SelectOCxM                           0x08002149   Thumb Code    86  stm32f4xx_tim.o(.text)
    TIM_SetCompare1                          0x0800219f   Thumb Code     4  stm32f4xx_tim.o(.text)
    TIM_SetCompare2                          0x080021a3   Thumb Code     4  stm32f4xx_tim.o(.text)
    TIM_SetCompare3                          0x080021a7   Thumb Code     4  stm32f4xx_tim.o(.text)
    TIM_SetCompare4                          0x080021ab   Thumb Code     4  stm32f4xx_tim.o(.text)
    TIM_ForcedOC1Config                      0x080021af   Thumb Code    18  stm32f4xx_tim.o(.text)
    TIM_ForcedOC2Config                      0x080021c1   Thumb Code    26  stm32f4xx_tim.o(.text)
    TIM_ForcedOC3Config                      0x080021db   Thumb Code    18  stm32f4xx_tim.o(.text)
    TIM_ForcedOC4Config                      0x080021ed   Thumb Code    26  stm32f4xx_tim.o(.text)
    TIM_OC1PreloadConfig                     0x08002207   Thumb Code    18  stm32f4xx_tim.o(.text)
    TIM_OC2PreloadConfig                     0x08002219   Thumb Code    26  stm32f4xx_tim.o(.text)
    TIM_OC3PreloadConfig                     0x08002233   Thumb Code    18  stm32f4xx_tim.o(.text)
    TIM_OC4PreloadConfig                     0x08002245   Thumb Code    26  stm32f4xx_tim.o(.text)
    TIM_OC1FastConfig                        0x0800225f   Thumb Code    18  stm32f4xx_tim.o(.text)
    TIM_OC2FastConfig                        0x08002271   Thumb Code    26  stm32f4xx_tim.o(.text)
    TIM_OC3FastConfig                        0x0800228b   Thumb Code    18  stm32f4xx_tim.o(.text)
    TIM_OC4FastConfig                        0x0800229d   Thumb Code    26  stm32f4xx_tim.o(.text)
    TIM_ClearOC1Ref                          0x080022b7   Thumb Code    18  stm32f4xx_tim.o(.text)
    TIM_ClearOC2Ref                          0x080022c9   Thumb Code    24  stm32f4xx_tim.o(.text)
    TIM_ClearOC3Ref                          0x080022e1   Thumb Code    18  stm32f4xx_tim.o(.text)
    TIM_ClearOC4Ref                          0x080022f3   Thumb Code    24  stm32f4xx_tim.o(.text)
    TIM_OC1PolarityConfig                    0x0800230b   Thumb Code    18  stm32f4xx_tim.o(.text)
    TIM_OC1NPolarityConfig                   0x0800231d   Thumb Code    18  stm32f4xx_tim.o(.text)
    TIM_OC2PolarityConfig                    0x0800232f   Thumb Code    26  stm32f4xx_tim.o(.text)
    TIM_OC2NPolarityConfig                   0x08002349   Thumb Code    26  stm32f4xx_tim.o(.text)
    TIM_OC3PolarityConfig                    0x08002363   Thumb Code    26  stm32f4xx_tim.o(.text)
    TIM_OC3NPolarityConfig                   0x0800237d   Thumb Code    26  stm32f4xx_tim.o(.text)
    TIM_OC4PolarityConfig                    0x08002397   Thumb Code    26  stm32f4xx_tim.o(.text)
    TIM_CCxCmd                               0x080023b1   Thumb Code    30  stm32f4xx_tim.o(.text)
    TIM_CCxNCmd                              0x080023cf   Thumb Code    30  stm32f4xx_tim.o(.text)
    TIM_SetIC4Prescaler                      0x080023ed   Thumb Code    26  stm32f4xx_tim.o(.text)
    TIM_SetIC3Prescaler                      0x08002457   Thumb Code    18  stm32f4xx_tim.o(.text)
    TIM_SetIC2Prescaler                      0x080024b1   Thumb Code    26  stm32f4xx_tim.o(.text)
    TIM_SetIC1Prescaler                      0x08002525   Thumb Code    18  stm32f4xx_tim.o(.text)
    TIM_ICInit                               0x08002571   Thumb Code   110  stm32f4xx_tim.o(.text)
    TIM_ICStructInit                         0x080025df   Thumb Code    18  stm32f4xx_tim.o(.text)
    TIM_PWMIConfig                           0x080025f1   Thumb Code   124  stm32f4xx_tim.o(.text)
    TIM_GetCapture1                          0x0800266d   Thumb Code     6  stm32f4xx_tim.o(.text)
    TIM_GetCapture2                          0x08002673   Thumb Code     6  stm32f4xx_tim.o(.text)
    TIM_GetCapture3                          0x08002679   Thumb Code     6  stm32f4xx_tim.o(.text)
    TIM_GetCapture4                          0x0800267f   Thumb Code     6  stm32f4xx_tim.o(.text)
    TIM_BDTRConfig                           0x08002685   Thumb Code    32  stm32f4xx_tim.o(.text)
    TIM_BDTRStructInit                       0x080026a5   Thumb Code    18  stm32f4xx_tim.o(.text)
    TIM_CtrlPWMOutputs                       0x080026b7   Thumb Code    30  stm32f4xx_tim.o(.text)
    TIM_SelectCOM                            0x080026d5   Thumb Code    24  stm32f4xx_tim.o(.text)
    TIM_CCPreloadControl                     0x080026ed   Thumb Code    24  stm32f4xx_tim.o(.text)
    TIM_ITConfig                             0x08002705   Thumb Code    18  stm32f4xx_tim.o(.text)
    TIM_GenerateEvent                        0x08002717   Thumb Code     4  stm32f4xx_tim.o(.text)
    TIM_GetFlagStatus                        0x0800271b   Thumb Code    18  stm32f4xx_tim.o(.text)
    TIM_ClearFlag                            0x0800272d   Thumb Code     6  stm32f4xx_tim.o(.text)
    TIM_GetITStatus                          0x08002733   Thumb Code    34  stm32f4xx_tim.o(.text)
    TIM_ClearITPendingBit                    0x08002755   Thumb Code     6  stm32f4xx_tim.o(.text)
    TIM_DMAConfig                            0x0800275b   Thumb Code    10  stm32f4xx_tim.o(.text)
    TIM_DMACmd                               0x08002765   Thumb Code    18  stm32f4xx_tim.o(.text)
    TIM_SelectCCDMA                          0x08002777   Thumb Code    24  stm32f4xx_tim.o(.text)
    TIM_InternalClockConfig                  0x0800278f   Thumb Code    12  stm32f4xx_tim.o(.text)
    TIM_SelectInputTrigger                   0x0800279b   Thumb Code    18  stm32f4xx_tim.o(.text)
    TIM_ITRxExternalClockConfig              0x080027ad   Thumb Code    24  stm32f4xx_tim.o(.text)
    TIM_TIxExternalClockConfig               0x080027c5   Thumb Code    62  stm32f4xx_tim.o(.text)
    TIM_ETRConfig                            0x08002803   Thumb Code    28  stm32f4xx_tim.o(.text)
    TIM_ETRClockMode1Config                  0x0800281f   Thumb Code    54  stm32f4xx_tim.o(.text)
    TIM_ETRClockMode2Config                  0x08002855   Thumb Code    32  stm32f4xx_tim.o(.text)
    TIM_SelectOutputTrigger                  0x08002875   Thumb Code    18  stm32f4xx_tim.o(.text)
    TIM_SelectSlaveMode                      0x08002887   Thumb Code    18  stm32f4xx_tim.o(.text)
    TIM_SelectMasterSlaveMode                0x08002899   Thumb Code    18  stm32f4xx_tim.o(.text)
    TIM_EncoderInterfaceConfig               0x080028ab   Thumb Code    66  stm32f4xx_tim.o(.text)
    TIM_SelectHallSensor                     0x080028ed   Thumb Code    24  stm32f4xx_tim.o(.text)
    TIM_RemapConfig                          0x08002905   Thumb Code     6  stm32f4xx_tim.o(.text)
    USART_DeInit                             0x0800290d   Thumb Code   206  stm32f4xx_usart.o(.text)
    USART_Init                               0x080029db   Thumb Code   204  stm32f4xx_usart.o(.text)
    USART_StructInit                         0x08002aa7   Thumb Code    24  stm32f4xx_usart.o(.text)
    USART_ClockInit                          0x08002abf   Thumb Code    32  stm32f4xx_usart.o(.text)
    USART_ClockStructInit                    0x08002adf   Thumb Code    12  stm32f4xx_usart.o(.text)
    USART_Cmd                                0x08002aeb   Thumb Code    24  stm32f4xx_usart.o(.text)
    USART_SetPrescaler                       0x08002b03   Thumb Code    16  stm32f4xx_usart.o(.text)
    USART_OverSampling8Cmd                   0x08002b13   Thumb Code    22  stm32f4xx_usart.o(.text)
    USART_OneBitMethodCmd                    0x08002b29   Thumb Code    24  stm32f4xx_usart.o(.text)
    USART_SendData                           0x08002b41   Thumb Code     8  stm32f4xx_usart.o(.text)
    USART_ReceiveData                        0x08002b49   Thumb Code    10  stm32f4xx_usart.o(.text)
    USART_SetAddress                         0x08002b53   Thumb Code    18  stm32f4xx_usart.o(.text)
    USART_ReceiverWakeUpCmd                  0x08002b65   Thumb Code    24  stm32f4xx_usart.o(.text)
    USART_WakeUpConfig                       0x08002b7d   Thumb Code    18  stm32f4xx_usart.o(.text)
    USART_LINBreakDetectLengthConfig         0x08002b8f   Thumb Code    18  stm32f4xx_usart.o(.text)
    USART_LINCmd                             0x08002ba1   Thumb Code    24  stm32f4xx_usart.o(.text)
    USART_SendBreak                          0x08002bb9   Thumb Code    10  stm32f4xx_usart.o(.text)
    USART_HalfDuplexCmd                      0x08002bc3   Thumb Code    24  stm32f4xx_usart.o(.text)
    USART_SetGuardTime                       0x08002bdb   Thumb Code    16  stm32f4xx_usart.o(.text)
    USART_SmartCardCmd                       0x08002beb   Thumb Code    24  stm32f4xx_usart.o(.text)
    USART_SmartCardNACKCmd                   0x08002c03   Thumb Code    24  stm32f4xx_usart.o(.text)
    USART_IrDAConfig                         0x08002c1b   Thumb Code    18  stm32f4xx_usart.o(.text)
    USART_IrDACmd                            0x08002c2d   Thumb Code    24  stm32f4xx_usart.o(.text)
    USART_DMACmd                             0x08002c45   Thumb Code    18  stm32f4xx_usart.o(.text)
    USART_ITConfig                           0x08002c57   Thumb Code    74  stm32f4xx_usart.o(.text)
    USART_GetFlagStatus                      0x08002ca1   Thumb Code    26  stm32f4xx_usart.o(.text)
    USART_ClearFlag                          0x08002cbb   Thumb Code    18  stm32f4xx_usart.o(.text)
    USART_GetITStatus                        0x08002ccd   Thumb Code   118  stm32f4xx_usart.o(.text)
    USART_ClearITPendingBit                  0x08002d43   Thumb Code    30  stm32f4xx_usart.o(.text)
    _sys_exit                                0x08002d61   Thumb Code     4  usart.o(.text)
    fputc                                    0x08002d65   Thumb Code    22  usart.o(.text)
    uart_init                                0x08002d7b   Thumb Code   172  usart.o(.text)
    USART1_IRQHandler                        0x08002e27   Thumb Code    30  usart.o(.text)
    buzzer_off                               0x08002e51   Thumb Code    12  buzzer.o(.text)
    buzzer_init                              0x08002e5d   Thumb Code   152  buzzer.o(.text)
    buzzer_on                                0x08002ef5   Thumb Code    40  buzzer.o(.text)
    get_note_period                          0x08002f1d   Thumb Code    54  buzzer.o(.text)
    buzzer_set_note_period                   0x08002f53   Thumb Code    32  buzzer.o(.text)
    buzzer_check                             0x08002f73   Thumb Code   280  buzzer.o(.text)
    buzzer_stop_song                         0x0800308b   Thumb Code     8  buzzer.o(.text)
    buzzer_control                           0x08003093   Thumb Code    42  buzzer.o(.text)
    buzzer_set_volume                        0x080030bd   Thumb Code    12  buzzer.o(.text)
    buzzer_play_song                         0x080030c9   Thumb Code    84  buzzer.o(.text)
    AF_config                                0x08003169   Thumb Code   190  gpio.o(.text)
    LED_gpio_rcc_init                        0x08003227   Thumb Code   156  gpio.o(.text)
    gpio_init                                0x080032c3   Thumb Code    54  gpio.o(.text)
    timer_gpio_init                          0x080032f9   Thumb Code    48  gpio.o(.text)
    BUTTON_init                              0x08003329   Thumb Code    44  gpio.o(.text)
    gpio_read_input                          0x08003355   Thumb Code    14  gpio.o(.text)
    gpio_write                               0x08003363   Thumb Code    18  gpio.o(.text)
    SysTick_Init                             0x08003375   Thumb Code    88  ticks.o(.text)
    TimeTick_Decrement                       0x080033cd   Thumb Code    18  ticks.o(.text)
    TimeTick_Increment                       0x080033df   Thumb Code    30  ticks.o(.text)
    get_us_ticks                             0x080033fd   Thumb Code     6  ticks.o(.text)
    get_ms_ticks                             0x08003403   Thumb Code    14  ticks.o(.text)
    delay_nus                                0x08003411   Thumb Code    16  ticks.o(.text)
    delay_1ms                                0x08003421   Thumb Code    20  ticks.o(.text)
    delay_nms                                0x08003435   Thumb Code    20  ticks.o(.text)
    timer_rcc_init                           0x08003465   Thumb Code   228  timer.o(.text)
    timer_init                               0x08003549   Thumb Code    54  timer.o(.text)
    pwm_timer_init                           0x0800357f   Thumb Code   172  timer.o(.text)
    button_read                              0x08003661   Thumb Code    20  button.o(.text)
    button_init                              0x08003675   Thumb Code    24  button.o(.text)
    button_update                            0x0800368d   Thumb Code   146  button.o(.text)
    button_pressed                           0x0800371f   Thumb Code    10  button.o(.text)
    button_released                          0x08003729   Thumb Code    10  button.o(.text)
    button_hold                              0x08003733   Thumb Code    20  button.o(.text)
    LED_init                                 0x08003755   Thumb Code    64  led.o(.text)
    LED_control                              0x08003795   Thumb Code    30  led.o(.text)
    tft_spi_init                             0x080037b9   Thumb Code   180  1.8 tft_display.o(.text)
    tft_write_command                        0x0800386d   Thumb Code    76  1.8 tft_display.o(.text)
    tft_write_data                           0x080038b9   Thumb Code    76  1.8 tft_display.o(.text)
    tft_config                               0x08003905   Thumb Code   514  1.8 tft_display.o(.text)
    tft_reset                                0x08003b07   Thumb Code    36  1.8 tft_display.o(.text)
    tft_fill_color                           0x08003b2b   Thumb Code    98  1.8 tft_display.o(.text)
    tft_set_special_color                    0x08003b8d   Thumb Code     6  1.8 tft_display.o(.text)
    tft_set_text_color                       0x08003b93   Thumb Code    42  1.8 tft_display.o(.text)
    tft_set_bg_color                         0x08003bbd   Thumb Code     6  1.8 tft_display.o(.text)
    tft_init                                 0x08003bc3   Thumb Code   172  1.8 tft_display.o(.text)
    tft_enable                               0x08003c6f   Thumb Code     8  1.8 tft_display.o(.text)
    tft_disable                              0x08003c77   Thumb Code     8  1.8 tft_display.o(.text)
    tft_get_bg_color                         0x08003c7f   Thumb Code     6  1.8 tft_display.o(.text)
    tft_get_text_color                       0x08003c85   Thumb Code     6  1.8 tft_display.o(.text)
    tft_get_special_text_color               0x08003c8b   Thumb Code     6  1.8 tft_display.o(.text)
    tft_get_orientation                      0x08003c91   Thumb Code     6  1.8 tft_display.o(.text)
    tft_force_clear                          0x08003c97   Thumb Code    86  1.8 tft_display.o(.text)
    tft_set_orientation                      0x08003ced   Thumb Code    28  1.8 tft_display.o(.text)
    tft_get_max_x_char                       0x08003d09   Thumb Code    24  1.8 tft_display.o(.text)
    tft_get_max_y_char                       0x08003d21   Thumb Code    24  1.8 tft_display.o(.text)
    tft_set_pixel_pos                        0x08003d39   Thumb Code    78  1.8 tft_display.o(.text)
    tft_set_char_pos                         0x08003d87   Thumb Code    82  1.8 tft_display.o(.text)
    tft_clear_line                           0x08003dd9   Thumb Code    68  1.8 tft_display.o(.text)
    tft_clear                                0x08003e1d   Thumb Code    22  1.8 tft_display.o(.text)
    tft_toggle                               0x08003e33   Thumb Code    34  1.8 tft_display.o(.text)
    tft_put_pixel                            0x08003e55   Thumb Code   100  1.8 tft_display.o(.text)
    tft_char_is_changed                      0x08003eb9   Thumb Code   186  1.8 tft_display.o(.text)
    tft_prints                               0x08003f73   Thumb Code   268  1.8 tft_display.o(.text)
    tft_update                               0x0800407f   Thumb Code  1454  1.8 tft_display.o(.text)
    readFlash                                0x0800463d   Thumb Code    12  flash.o(.text)
    writeFlash                               0x08004649   Thumb Code    94  flash.o(.text)
    __use_no_semihosting                     0x080046ad   Thumb Code     2  use_no_semi_2.o(.text)
    vsprintf                                 0x080046b1   Thumb Code    32  vsprintf.o(.text)
    __2printf                                0x080046d5   Thumb Code    20  __2printf.o(.text)
    _printf_str                              0x080046ed   Thumb Code    82  _printf_str.o(.text)
    _printf_int_dec                          0x08004741   Thumb Code   104  _printf_dec.o(.text)
    __printf                                 0x080047b9   Thumb Code   388  __printf_flags_ss_wp.o(.text)
    __use_two_region_memory                  0x08004941   Thumb Code     2  heapauxi.o(.text)
    __rt_heap_escrow$2region                 0x08004943   Thumb Code     2  heapauxi.o(.text)
    __rt_heap_expand$2region                 0x08004945   Thumb Code     2  heapauxi.o(.text)
    __I$use$semihosting                      0x08004947   Thumb Code     0  use_no_semi.o(.text)
    __use_no_semihosting_swi                 0x08004947   Thumb Code     2  use_no_semi.o(.text)
    _printf_pre_padding                      0x08004949   Thumb Code    44  _printf_pad.o(.text)
    _printf_post_padding                     0x08004975   Thumb Code    34  _printf_pad.o(.text)
    _printf_truncate_signed                  0x08004997   Thumb Code    18  _printf_truncate.o(.text)
    _printf_truncate_unsigned                0x080049a9   Thumb Code    18  _printf_truncate.o(.text)
    _printf_int_common                       0x080049bb   Thumb Code   178  _printf_intcommon.o(.text)
    _printf_charcount                        0x08004a6d   Thumb Code    40  _printf_charcount.o(.text)
    _printf_char_common                      0x08004a9f   Thumb Code    32  _printf_char_common.o(.text)
    _sputc                                   0x08004ac5   Thumb Code    10  _sputc.o(.text)
    _printf_cs_common                        0x08004acf   Thumb Code    20  _printf_char.o(.text)
    _printf_char                             0x08004ae3   Thumb Code    16  _printf_char.o(.text)
    _printf_string                           0x08004af3   Thumb Code     8  _printf_char.o(.text)
    _printf_char_file                        0x08004afd   Thumb Code    32  _printf_char_file.o(.text)
    _printf_wctomb                           0x08004b21   Thumb Code   182  _printf_wctomb.o(.text)
    _printf_longlong_dec                     0x08004bdd   Thumb Code   108  _printf_longlong_dec.o(.text)
    _printf_longlong_oct                     0x08004c59   Thumb Code    68  _printf_oct_int_ll.o(.text)
    _printf_int_oct                          0x08004c9d   Thumb Code    24  _printf_oct_int_ll.o(.text)
    _printf_ll_oct                           0x08004cb5   Thumb Code    12  _printf_oct_int_ll.o(.text)
    _printf_longlong_hex                     0x08004cc9   Thumb Code    86  _printf_hex_int_ll_ptr.o(.text)
    _printf_int_hex                          0x08004d1f   Thumb Code    28  _printf_hex_int_ll_ptr.o(.text)
    _printf_ll_hex                           0x08004d3b   Thumb Code    12  _printf_hex_int_ll_ptr.o(.text)
    _printf_hex_ptr                          0x08004d47   Thumb Code    18  _printf_hex_int_ll_ptr.o(.text)
    _ll_udiv10                               0x08004d5d   Thumb Code   138  lludiv10.o(.text)
    __lib_sel_fp_printf                      0x08004de7   Thumb Code     2  _printf_fp_dec.o(.text)
    _printf_fp_dec_real                      0x08004f95   Thumb Code   620  _printf_fp_dec.o(.text)
    _printf_fp_hex_real                      0x08005201   Thumb Code   754  _printf_fp_hex.o(.text)
    _printf_lcs_common                       0x080054fd   Thumb Code    20  _printf_wchar.o(.text)
    _printf_wchar                            0x08005511   Thumb Code    16  _printf_wchar.o(.text)
    _printf_wstring                          0x08005521   Thumb Code     8  _printf_wchar.o(.text)
    ferror                                   0x08005529   Thumb Code     8  ferror.o(.text)
    _wcrtomb                                 0x08005531   Thumb Code    64  _wcrtomb.o(.text)
    __user_setup_stackheap                   0x08005571   Thumb Code    74  sys_stackheap_outer.o(.text)
    __rt_ctype_table                         0x080055bd   Thumb Code    16  rt_ctype_table.o(.text)
    __rt_locale                              0x080055cd   Thumb Code     8  rt_locale_intlibspace.o(.text)
    _printf_fp_infnan                        0x080055d5   Thumb Code   112  _printf_fp_infnan.o(.text)
    _btod_etento                             0x08005655   Thumb Code   216  bigflt0.o(.text)
    exit                                     0x08005731   Thumb Code    12  exit.o(.text)
    __user_libspace                          0x0800573d   Thumb Code     8  libspace.o(.text)
    __user_perproc_libspace                  0x0800573d   Thumb Code     0  libspace.o(.text)
    __user_perthread_libspace                0x0800573d   Thumb Code     0  libspace.o(.text)
    strcmp                                   0x08005745   Thumb Code   128  strcmpv7m.o(.text)
    _btod_d2e                                0x080057c5   Thumb Code    62  btod.o(CL$$btod_d2e)
    _d2e_denorm_low                          0x08005803   Thumb Code    70  btod.o(CL$$btod_d2e_denorm_low)
    _d2e_norm_op1                            0x08005849   Thumb Code    96  btod.o(CL$$btod_d2e_norm_op1)
    __btod_div_common                        0x080058a9   Thumb Code   696  btod.o(CL$$btod_div_common)
    _e2e                                     0x08005be1   Thumb Code   198  btod.o(CL$$btod_e2e)
    _btod_ediv                               0x08005ca7   Thumb Code    40  btod.o(CL$$btod_ediv)
    _btod_emul                               0x08005ccf   Thumb Code    40  btod.o(CL$$btod_emul)
    __btod_mult_common                       0x08005cf7   Thumb Code   580  btod.o(CL$$btod_mult_common)
    __ARM_fpclassify                         0x08005f3b   Thumb Code    48  fpclassify.o(i.__ARM_fpclassify)
    _is_digit                                0x08005f6b   Thumb Code    14  __printf_wp.o(i._is_digit)
    _get_lc_numeric                          0x08005f79   Thumb Code    44  lc_numeric_c.o(locale$$code)
    _get_lc_ctype                            0x08005fa5   Thumb Code    44  lc_ctype_c.o(locale$$code)
    _fp_init                                 0x08005fd1   Thumb Code    10  fpinit.o(x$fpl$fpinit)
    __fplib_config_fpu_vfp                   0x08005fd9   Thumb Code     0  fpinit.o(x$fpl$fpinit)
    __fplib_config_pureend_doubles           0x08005fd9   Thumb Code     0  fpinit.o(x$fpl$fpinit)
    _printf_fp_dec                           0x08005fdb   Thumb Code     4  printf1.o(x$fpl$printf1)
    _printf_fp_hex                           0x08005fdf   Thumb Code     4  printf2.o(x$fpl$printf2)
    __I$use$fp                               0x08005fe2   Number         0  usenofp.o(x$fpl$usenofp)
    PA0                                      0x08005fe4   Data           8  gpio.o(.constdata)
    PA1                                      0x08005fec   Data           8  gpio.o(.constdata)
    PA2                                      0x08005ff4   Data           8  gpio.o(.constdata)
    PA3                                      0x08005ffc   Data           8  gpio.o(.constdata)
    PA4                                      0x08006004   Data           8  gpio.o(.constdata)
    PA5                                      0x0800600c   Data           8  gpio.o(.constdata)
    PA6                                      0x08006014   Data           8  gpio.o(.constdata)
    PA7                                      0x0800601c   Data           8  gpio.o(.constdata)
    PA8                                      0x08006024   Data           8  gpio.o(.constdata)
    PA9                                      0x0800602c   Data           8  gpio.o(.constdata)
    PA10                                     0x08006034   Data           8  gpio.o(.constdata)
    PA11                                     0x0800603c   Data           8  gpio.o(.constdata)
    PA12                                     0x08006044   Data           8  gpio.o(.constdata)
    PA13                                     0x0800604c   Data           8  gpio.o(.constdata)
    PA14                                     0x08006054   Data           8  gpio.o(.constdata)
    PA15                                     0x0800605c   Data           8  gpio.o(.constdata)
    PB0                                      0x08006064   Data           8  gpio.o(.constdata)
    PB1                                      0x0800606c   Data           8  gpio.o(.constdata)
    PB2                                      0x08006074   Data           8  gpio.o(.constdata)
    PB3                                      0x0800607c   Data           8  gpio.o(.constdata)
    PB4                                      0x08006084   Data           8  gpio.o(.constdata)
    PB5                                      0x0800608c   Data           8  gpio.o(.constdata)
    PB6                                      0x08006094   Data           8  gpio.o(.constdata)
    PB7                                      0x0800609c   Data           8  gpio.o(.constdata)
    PB8                                      0x080060a4   Data           8  gpio.o(.constdata)
    PB9                                      0x080060ac   Data           8  gpio.o(.constdata)
    PB10                                     0x080060b4   Data           8  gpio.o(.constdata)
    PB11                                     0x080060bc   Data           8  gpio.o(.constdata)
    PB12                                     0x080060c4   Data           8  gpio.o(.constdata)
    PB13                                     0x080060cc   Data           8  gpio.o(.constdata)
    PB14                                     0x080060d4   Data           8  gpio.o(.constdata)
    PB15                                     0x080060dc   Data           8  gpio.o(.constdata)
    PC0                                      0x080060e4   Data           8  gpio.o(.constdata)
    PC1                                      0x080060ec   Data           8  gpio.o(.constdata)
    PC2                                      0x080060f4   Data           8  gpio.o(.constdata)
    PC3                                      0x080060fc   Data           8  gpio.o(.constdata)
    PC4                                      0x08006104   Data           8  gpio.o(.constdata)
    PC5                                      0x0800610c   Data           8  gpio.o(.constdata)
    PC6                                      0x08006114   Data           8  gpio.o(.constdata)
    PC7                                      0x0800611c   Data           8  gpio.o(.constdata)
    PC8                                      0x08006124   Data           8  gpio.o(.constdata)
    PC9                                      0x0800612c   Data           8  gpio.o(.constdata)
    PC10                                     0x08006134   Data           8  gpio.o(.constdata)
    PC11                                     0x0800613c   Data           8  gpio.o(.constdata)
    PC12                                     0x08006144   Data           8  gpio.o(.constdata)
    PC13                                     0x0800614c   Data           8  gpio.o(.constdata)
    PC14                                     0x08006154   Data           8  gpio.o(.constdata)
    PC15                                     0x0800615c   Data           8  gpio.o(.constdata)
    PD0                                      0x08006164   Data           8  gpio.o(.constdata)
    PD1                                      0x0800616c   Data           8  gpio.o(.constdata)
    PD2                                      0x08006174   Data           8  gpio.o(.constdata)
    PD3                                      0x0800617c   Data           8  gpio.o(.constdata)
    PD4                                      0x08006184   Data           8  gpio.o(.constdata)
    PD5                                      0x0800618c   Data           8  gpio.o(.constdata)
    PD6                                      0x08006194   Data           8  gpio.o(.constdata)
    PD7                                      0x0800619c   Data           8  gpio.o(.constdata)
    PD8                                      0x080061a4   Data           8  gpio.o(.constdata)
    PD9                                      0x080061ac   Data           8  gpio.o(.constdata)
    PD10                                     0x080061b4   Data           8  gpio.o(.constdata)
    PD11                                     0x080061bc   Data           8  gpio.o(.constdata)
    PD12                                     0x080061c4   Data           8  gpio.o(.constdata)
    PD13                                     0x080061cc   Data           8  gpio.o(.constdata)
    PD14                                     0x080061d4   Data           8  gpio.o(.constdata)
    PD15                                     0x080061dc   Data           8  gpio.o(.constdata)
    PE0                                      0x080061e4   Data           8  gpio.o(.constdata)
    PE1                                      0x080061ec   Data           8  gpio.o(.constdata)
    PE2                                      0x080061f4   Data           8  gpio.o(.constdata)
    PE3                                      0x080061fc   Data           8  gpio.o(.constdata)
    PE4                                      0x08006204   Data           8  gpio.o(.constdata)
    PE5                                      0x0800620c   Data           8  gpio.o(.constdata)
    PE6                                      0x08006214   Data           8  gpio.o(.constdata)
    PE7                                      0x0800621c   Data           8  gpio.o(.constdata)
    PE8                                      0x08006224   Data           8  gpio.o(.constdata)
    PE9                                      0x0800622c   Data           8  gpio.o(.constdata)
    PE10                                     0x08006234   Data           8  gpio.o(.constdata)
    PE11                                     0x0800623c   Data           8  gpio.o(.constdata)
    PE12                                     0x08006244   Data           8  gpio.o(.constdata)
    PE13                                     0x0800624c   Data           8  gpio.o(.constdata)
    PE14                                     0x08006254   Data           8  gpio.o(.constdata)
    PE15                                     0x0800625c   Data           8  gpio.o(.constdata)
    PF0                                      0x08006264   Data           8  gpio.o(.constdata)
    PF1                                      0x0800626c   Data           8  gpio.o(.constdata)
    PF2                                      0x08006274   Data           8  gpio.o(.constdata)
    PF3                                      0x0800627c   Data           8  gpio.o(.constdata)
    PF4                                      0x08006284   Data           8  gpio.o(.constdata)
    PF5                                      0x0800628c   Data           8  gpio.o(.constdata)
    PF6                                      0x08006294   Data           8  gpio.o(.constdata)
    PF7                                      0x0800629c   Data           8  gpio.o(.constdata)
    PF8                                      0x080062a4   Data           8  gpio.o(.constdata)
    PF9                                      0x080062ac   Data           8  gpio.o(.constdata)
    PF10                                     0x080062b4   Data           8  gpio.o(.constdata)
    PF11                                     0x080062bc   Data           8  gpio.o(.constdata)
    PF12                                     0x080062c4   Data           8  gpio.o(.constdata)
    PF13                                     0x080062cc   Data           8  gpio.o(.constdata)
    PF14                                     0x080062d4   Data           8  gpio.o(.constdata)
    PF15                                     0x080062dc   Data           8  gpio.o(.constdata)
    PG0                                      0x080062e4   Data           8  gpio.o(.constdata)
    PG1                                      0x080062ec   Data           8  gpio.o(.constdata)
    PG2                                      0x080062f4   Data           8  gpio.o(.constdata)
    PG3                                      0x080062fc   Data           8  gpio.o(.constdata)
    PG4                                      0x08006304   Data           8  gpio.o(.constdata)
    PG5                                      0x0800630c   Data           8  gpio.o(.constdata)
    PG6                                      0x08006314   Data           8  gpio.o(.constdata)
    PG7                                      0x0800631c   Data           8  gpio.o(.constdata)
    PG8                                      0x08006324   Data           8  gpio.o(.constdata)
    PG9                                      0x0800632c   Data           8  gpio.o(.constdata)
    PG10                                     0x08006334   Data           8  gpio.o(.constdata)
    PG11                                     0x0800633c   Data           8  gpio.o(.constdata)
    PG12                                     0x08006344   Data           8  gpio.o(.constdata)
    PG13                                     0x0800634c   Data           8  gpio.o(.constdata)
    PG14                                     0x08006354   Data           8  gpio.o(.constdata)
    PG15                                     0x0800635c   Data           8  gpio.o(.constdata)
    START_UP                                 0x08006364   Data          12  buzzer_song.o(.constdata)
    SUCCESSFUL_SOUND                         0x08006370   Data           8  buzzer_song.o(.constdata)
    FAIL_SOUND                               0x08006378   Data           6  buzzer_song.o(.constdata)
    CLICK_LEFT                               0x0800637e   Data           4  buzzer_song.o(.constdata)
    CLICK_RIGHT                              0x08006382   Data           4  buzzer_song.o(.constdata)
    CLICK_DOWN                               0x08006386   Data           4  buzzer_song.o(.constdata)
    CLICK_UP                                 0x0800638a   Data           4  buzzer_song.o(.constdata)
    CLICK_CENTER                             0x0800638e   Data           4  buzzer_song.o(.constdata)
    CLICK_SMALL_BUTTON                       0x08006392   Data           4  buzzer_song.o(.constdata)
    CLICK_MUSIC                              0x08006396   Data           4  buzzer_song.o(.constdata)
    BIRTHDAY_SONG                            0x0800639a   Data         144  buzzer_song.o(.constdata)
    Region$$Table$$Base                      0x08006528   Number         0  anon$$obj.o(Region$$Table)
    Region$$Table$$Limit                     0x08006548   Number         0  anon$$obj.o(Region$$Table)
    __ctype                                  0x08006571   Data           0  lc_ctype_c.o(locale$$data)
    minute                                   0x20001018   Data           1  main.o(.data)
    second                                   0x20001019   Data           1  main.o(.data)
    hour                                     0x2000101a   Data           1  main.o(.data)
    ms                                       0x2000101c   Data           2  main.o(.data)
    SystemCoreClock                          0x20001028   Data           4  system_stm32f4xx.o(.data)
    AHBPrescTable                            0x2000102c   Data          16  system_stm32f4xx.o(.data)
    __stdout                                 0x2000104c   Data           4  usart.o(.data)
    USART_RX_STA                             0x20001050   Data           2  usart.o(.data)
    curr_bg_color                            0x20002090   Data           2  1.8 tft_display.o(.data)
    curr_text_color                          0x20002092   Data           2  1.8 tft_display.o(.data)
    curr_text_color_sp                       0x20002094   Data           2  1.8 tft_display.o(.data)
    tft_orientation                          0x20002096   Data           1  1.8 tft_display.o(.data)
    tft_enabled                              0x20002097   Data           1  1.8 tft_display.o(.data)
    print_pos                                0x20002098   Data           2  1.8 tft_display.o(.data)
    startAddress                             0x2000209c   Data           4  flash.o(.data)
    text                                     0x200020d2   Data         200  1.8 tft_display.o(.bss)
    text_prev                                0x2000219a   Data         200  1.8 tft_display.o(.bss)
    text_color                               0x20002262   Data         400  1.8 tft_display.o(.bss)
    text_color_prev                          0x200023f2   Data         400  1.8 tft_display.o(.bss)
    bg_color                                 0x20002582   Data         400  1.8 tft_display.o(.bss)
    bg_color_prev                            0x20002712   Data         400  1.8 tft_display.o(.bss)
    text_bg_color_prev                       0x200028a2   Data         200  1.8 tft_display.o(.bss)
    __libspace_start                         0x2000296c   Data          96  libspace.o(.bss)
    __temporary_stack_top$libspace           0x200029cc   Data           0  libspace.o(.bss)



==============================================================================

Memory Map of the image

  Image Entry point : 0x08000189

  Load Region LR_IROM1 (Base: 0x08000000, Size: 0x00008714, Max: 0x00100000, ABSOLUTE, COMPRESSED[0x00006d74])

    Execution Region ER_IROM1 (Base: 0x08000000, Size: 0x00006674, Max: 0x00100000, ABSOLUTE)

    Base Addr    Size         Type   Attr      Idx    E Section Name        Object

    0x08000000   0x00000188   Data   RO          266    RESET               startup_stm32f40_41xxx.o
    0x08000188   0x00000008   Code   RO         1538  * !!!main             c_w.l(__main.o)
    0x08000190   0x00000034   Code   RO         1859    !!!scatter          c_w.l(__scatter.o)
    0x080001c4   0x00000064   Code   RO         1857    !!dclz77c           c_w.l(__dclz77c.o)
    0x08000228   0x0000001c   Code   RO         1861    !!handler_zi        c_w.l(__scatter_zi.o)
    0x08000244   0x00000000   Code   RO         1535    .ARM.Collect$$_printf_percent$$00000000  c_w.l(_printf_percent.o)
    0x08000244   0x00000006   Code   RO         1610    .ARM.Collect$$_printf_percent$$00000001  c_w.l(_printf_n.o)
    0x0800024a   0x00000006   Code   RO         1612    .ARM.Collect$$_printf_percent$$00000002  c_w.l(_printf_p.o)
    0x08000250   0x00000006   Code   RO         1616    .ARM.Collect$$_printf_percent$$00000003  c_w.l(_printf_f.o)
    0x08000256   0x00000006   Code   RO         1617    .ARM.Collect$$_printf_percent$$00000004  c_w.l(_printf_e.o)
    0x0800025c   0x00000006   Code   RO         1618    .ARM.Collect$$_printf_percent$$00000005  c_w.l(_printf_g.o)
    0x08000262   0x00000006   Code   RO         1619    .ARM.Collect$$_printf_percent$$00000006  c_w.l(_printf_a.o)
    0x08000268   0x0000000a   Code   RO         1624    .ARM.Collect$$_printf_percent$$00000007  c_w.l(_printf_ll.o)
    0x08000272   0x00000006   Code   RO         1614    .ARM.Collect$$_printf_percent$$00000008  c_w.l(_printf_i.o)
    0x08000278   0x00000006   Code   RO         1534    .ARM.Collect$$_printf_percent$$00000009  c_w.l(_printf_d.o)
    0x0800027e   0x00000006   Code   RO         1615    .ARM.Collect$$_printf_percent$$0000000A  c_w.l(_printf_u.o)
    0x08000284   0x00000006   Code   RO         1613    .ARM.Collect$$_printf_percent$$0000000B  c_w.l(_printf_o.o)
    0x0800028a   0x00000006   Code   RO         1611    .ARM.Collect$$_printf_percent$$0000000C  c_w.l(_printf_x.o)
    0x08000290   0x00000006   Code   RO         1621    .ARM.Collect$$_printf_percent$$0000000D  c_w.l(_printf_lli.o)
    0x08000296   0x00000006   Code   RO         1622    .ARM.Collect$$_printf_percent$$0000000E  c_w.l(_printf_lld.o)
    0x0800029c   0x00000006   Code   RO         1623    .ARM.Collect$$_printf_percent$$0000000F  c_w.l(_printf_llu.o)
    0x080002a2   0x00000006   Code   RO         1628    .ARM.Collect$$_printf_percent$$00000010  c_w.l(_printf_llo.o)
    0x080002a8   0x00000006   Code   RO         1629    .ARM.Collect$$_printf_percent$$00000011  c_w.l(_printf_llx.o)
    0x080002ae   0x0000000a   Code   RO         1625    .ARM.Collect$$_printf_percent$$00000012  c_w.l(_printf_l.o)
    0x080002b8   0x00000006   Code   RO         1533    .ARM.Collect$$_printf_percent$$00000013  c_w.l(_printf_c.o)
    0x080002be   0x00000006   Code   RO         1609    .ARM.Collect$$_printf_percent$$00000014  c_w.l(_printf_s.o)
    0x080002c4   0x00000006   Code   RO         1626    .ARM.Collect$$_printf_percent$$00000015  c_w.l(_printf_lc.o)
    0x080002ca   0x00000006   Code   RO         1627    .ARM.Collect$$_printf_percent$$00000016  c_w.l(_printf_ls.o)
    0x080002d0   0x00000004   Code   RO         1620    .ARM.Collect$$_printf_percent$$00000017  c_w.l(_printf_percent_end.o)
    0x080002d4   0x00000002   Code   RO         1723    .ARM.Collect$$libinit$$00000000  c_w.l(libinit.o)
    0x080002d6   0x00000004   Code   RO         1738    .ARM.Collect$$libinit$$00000001  c_w.l(libinit2.o)
    0x080002da   0x00000000   Code   RO         1741    .ARM.Collect$$libinit$$00000004  c_w.l(libinit2.o)
    0x080002da   0x00000000   Code   RO         1744    .ARM.Collect$$libinit$$0000000A  c_w.l(libinit2.o)
    0x080002da   0x00000000   Code   RO         1746    .ARM.Collect$$libinit$$0000000C  c_w.l(libinit2.o)
    0x080002da   0x00000000   Code   RO         1748    .ARM.Collect$$libinit$$0000000E  c_w.l(libinit2.o)
    0x080002da   0x00000006   Code   RO         1749    .ARM.Collect$$libinit$$0000000F  c_w.l(libinit2.o)
    0x080002e0   0x00000000   Code   RO         1751    .ARM.Collect$$libinit$$00000011  c_w.l(libinit2.o)
    0x080002e0   0x0000000c   Code   RO         1752    .ARM.Collect$$libinit$$00000012  c_w.l(libinit2.o)
    0x080002ec   0x00000000   Code   RO         1753    .ARM.Collect$$libinit$$00000013  c_w.l(libinit2.o)
    0x080002ec   0x00000000   Code   RO         1755    .ARM.Collect$$libinit$$00000015  c_w.l(libinit2.o)
    0x080002ec   0x0000000a   Code   RO         1756    .ARM.Collect$$libinit$$00000016  c_w.l(libinit2.o)
    0x080002f6   0x00000000   Code   RO         1757    .ARM.Collect$$libinit$$00000017  c_w.l(libinit2.o)
    0x080002f6   0x00000000   Code   RO         1759    .ARM.Collect$$libinit$$00000019  c_w.l(libinit2.o)
    0x080002f6   0x00000000   Code   RO         1761    .ARM.Collect$$libinit$$0000001B  c_w.l(libinit2.o)
    0x080002f6   0x00000000   Code   RO         1763    .ARM.Collect$$libinit$$0000001D  c_w.l(libinit2.o)
    0x080002f6   0x00000000   Code   RO         1765    .ARM.Collect$$libinit$$0000001F  c_w.l(libinit2.o)
    0x080002f6   0x00000000   Code   RO         1767    .ARM.Collect$$libinit$$00000021  c_w.l(libinit2.o)
    0x080002f6   0x00000000   Code   RO         1769    .ARM.Collect$$libinit$$00000023  c_w.l(libinit2.o)
    0x080002f6   0x00000000   Code   RO         1771    .ARM.Collect$$libinit$$00000025  c_w.l(libinit2.o)
    0x080002f6   0x00000000   Code   RO         1775    .ARM.Collect$$libinit$$0000002C  c_w.l(libinit2.o)
    0x080002f6   0x00000000   Code   RO         1777    .ARM.Collect$$libinit$$0000002E  c_w.l(libinit2.o)
    0x080002f6   0x00000000   Code   RO         1779    .ARM.Collect$$libinit$$00000030  c_w.l(libinit2.o)
    0x080002f6   0x00000000   Code   RO         1781    .ARM.Collect$$libinit$$00000032  c_w.l(libinit2.o)
    0x080002f6   0x00000002   Code   RO         1782    .ARM.Collect$$libinit$$00000033  c_w.l(libinit2.o)
    0x080002f8   0x00000002   Code   RO         1800    .ARM.Collect$$libshutdown$$00000000  c_w.l(libshutdown.o)
    0x080002fa   0x00000000   Code   RO         1811    .ARM.Collect$$libshutdown$$00000003  c_w.l(libshutdown2.o)
    0x080002fa   0x00000000   Code   RO         1814    .ARM.Collect$$libshutdown$$00000006  c_w.l(libshutdown2.o)
    0x080002fa   0x00000000   Code   RO         1817    .ARM.Collect$$libshutdown$$00000009  c_w.l(libshutdown2.o)
    0x080002fa   0x00000000   Code   RO         1819    .ARM.Collect$$libshutdown$$0000000B  c_w.l(libshutdown2.o)
    0x080002fa   0x00000000   Code   RO         1822    .ARM.Collect$$libshutdown$$0000000E  c_w.l(libshutdown2.o)
    0x080002fa   0x00000002   Code   RO         1823    .ARM.Collect$$libshutdown$$0000000F  c_w.l(libshutdown2.o)
    0x080002fc   0x00000000   Code   RO         1560    .ARM.Collect$$rtentry$$00000000  c_w.l(__rtentry.o)
    0x080002fc   0x00000000   Code   RO         1646    .ARM.Collect$$rtentry$$00000002  c_w.l(__rtentry2.o)
    0x080002fc   0x00000006   Code   RO         1658    .ARM.Collect$$rtentry$$00000004  c_w.l(__rtentry4.o)
    0x08000302   0x00000000   Code   RO         1648    .ARM.Collect$$rtentry$$00000009  c_w.l(__rtentry2.o)
    0x08000302   0x00000004   Code   RO         1649    .ARM.Collect$$rtentry$$0000000A  c_w.l(__rtentry2.o)
    0x08000306   0x00000000   Code   RO         1651    .ARM.Collect$$rtentry$$0000000C  c_w.l(__rtentry2.o)
    0x08000306   0x00000008   Code   RO         1652    .ARM.Collect$$rtentry$$0000000D  c_w.l(__rtentry2.o)
    0x0800030e   0x00000002   Code   RO         1731    .ARM.Collect$$rtexit$$00000000  c_w.l(rtexit.o)
    0x08000310   0x00000000   Code   RO         1784    .ARM.Collect$$rtexit$$00000002  c_w.l(rtexit2.o)
    0x08000310   0x00000004   Code   RO         1785    .ARM.Collect$$rtexit$$00000003  c_w.l(rtexit2.o)
    0x08000314   0x00000006   Code   RO         1786    .ARM.Collect$$rtexit$$00000004  c_w.l(rtexit2.o)
    0x0800031a   0x00000024   Code   RO            4    .text               stm32f4xx_it.o
    0x0800033e   0x00000002   PAD
    0x08000340   0x000001f4   Code   RO          151    .text               main.o
    0x08000534   0x00000210   Code   RO          237    .text               system_stm32f4xx.o
    0x08000744   0x00000040   Code   RO          267    .text               startup_stm32f40_41xxx.o
    0x08000784   0x000000e0   Code   RO          274    .text               misc.o
    0x08000864   0x00000694   Code   RO          639    .text               stm32f4xx_flash.o
    0x08000ef8   0x00000294   Code   RO          717    .text               stm32f4xx_gpio.o
    0x0800118c   0x0000065c   Code   RO          912    .text               stm32f4xx_rcc.o
    0x080017e8   0x00000480   Code   RO         1037    .text               stm32f4xx_spi.o
    0x08001c68   0x00000ca2   Code   RO         1085    .text               stm32f4xx_tim.o
    0x0800290a   0x00000002   PAD
    0x0800290c   0x00000454   Code   RO         1109    .text               stm32f4xx_usart.o
    0x08002d60   0x000000f0   Code   RO         1157    .text               usart.o
    0x08002e50   0x00000318   Code   RO         1195    .text               buzzer.o
    0x08003168   0x0000020c   Code   RO         1229    .text               gpio.o
    0x08003374   0x000000f0   Code   RO         1259    .text               ticks.o
    0x08003464   0x000001fc   Code   RO         1295    .text               timer.o
    0x08003660   0x000000f4   Code   RO         1319    .text               button.o
    0x08003754   0x00000064   Code   RO         1353    .text               led.o
    0x080037b8   0x00000e84   Code   RO         1404    .text               1.8 tft_display.o
    0x0800463c   0x00000070   Code   RO         1473    .text               flash.o
    0x080046ac   0x00000002   Code   RO         1499    .text               c_w.l(use_no_semi_2.o)
    0x080046ae   0x00000002   PAD
    0x080046b0   0x00000024   Code   RO         1501    .text               c_w.l(vsprintf.o)
    0x080046d4   0x00000018   Code   RO         1503    .text               c_w.l(__2printf.o)
    0x080046ec   0x00000052   Code   RO         1509    .text               c_w.l(_printf_str.o)
    0x0800473e   0x00000002   PAD
    0x08004740   0x00000078   Code   RO         1511    .text               c_w.l(_printf_dec.o)
    0x080047b8   0x00000188   Code   RO         1530    .text               c_w.l(__printf_flags_ss_wp.o)
    0x08004940   0x00000006   Code   RO         1536    .text               c_w.l(heapauxi.o)
    0x08004946   0x00000002   Code   RO         1558    .text               c_w.l(use_no_semi.o)
    0x08004948   0x0000004e   Code   RO         1561    .text               c_w.l(_printf_pad.o)
    0x08004996   0x00000024   Code   RO         1563    .text               c_w.l(_printf_truncate.o)
    0x080049ba   0x000000b2   Code   RO         1565    .text               c_w.l(_printf_intcommon.o)
    0x08004a6c   0x00000028   Code   RO         1567    .text               c_w.l(_printf_charcount.o)
    0x08004a94   0x00000030   Code   RO         1569    .text               c_w.l(_printf_char_common.o)
    0x08004ac4   0x0000000a   Code   RO         1571    .text               c_w.l(_sputc.o)
    0x08004ace   0x0000002c   Code   RO         1573    .text               c_w.l(_printf_char.o)
    0x08004afa   0x00000002   PAD
    0x08004afc   0x00000024   Code   RO         1575    .text               c_w.l(_printf_char_file.o)
    0x08004b20   0x000000bc   Code   RO         1577    .text               c_w.l(_printf_wctomb.o)
    0x08004bdc   0x0000007c   Code   RO         1580    .text               c_w.l(_printf_longlong_dec.o)
    0x08004c58   0x00000070   Code   RO         1586    .text               c_w.l(_printf_oct_int_ll.o)
    0x08004cc8   0x00000094   Code   RO         1606    .text               c_w.l(_printf_hex_int_ll_ptr.o)
    0x08004d5c   0x0000008a   Code   RO         1660    .text               c_w.l(lludiv10.o)
    0x08004de6   0x0000041a   Code   RO         1662    .text               c_w.l(_printf_fp_dec.o)
    0x08005200   0x000002fc   Code   RO         1664    .text               c_w.l(_printf_fp_hex.o)
    0x080054fc   0x0000002c   Code   RO         1669    .text               c_w.l(_printf_wchar.o)
    0x08005528   0x00000008   Code   RO         1671    .text               c_w.l(ferror.o)
    0x08005530   0x00000040   Code   RO         1675    .text               c_w.l(_wcrtomb.o)
    0x08005570   0x0000004a   Code   RO         1677    .text               c_w.l(sys_stackheap_outer.o)
    0x080055ba   0x00000002   PAD
    0x080055bc   0x00000010   Code   RO         1679    .text               c_w.l(rt_ctype_table.o)
    0x080055cc   0x00000008   Code   RO         1684    .text               c_w.l(rt_locale_intlibspace.o)
    0x080055d4   0x00000080   Code   RO         1686    .text               c_w.l(_printf_fp_infnan.o)
    0x08005654   0x000000dc   Code   RO         1688    .text               c_w.l(bigflt0.o)
    0x08005730   0x0000000c   Code   RO         1716    .text               c_w.l(exit.o)
    0x0800573c   0x00000008   Code   RO         1728    .text               c_w.l(libspace.o)
    0x08005744   0x00000080   Code   RO         1736    .text               c_w.l(strcmpv7m.o)
    0x080057c4   0x0000003e   Code   RO         1691    CL$$btod_d2e        c_w.l(btod.o)
    0x08005802   0x00000046   Code   RO         1693    CL$$btod_d2e_denorm_low  c_w.l(btod.o)
    0x08005848   0x00000060   Code   RO         1692    CL$$btod_d2e_norm_op1  c_w.l(btod.o)
    0x080058a8   0x00000338   Code   RO         1701    CL$$btod_div_common  c_w.l(btod.o)
    0x08005be0   0x000000c6   Code   RO         1698    CL$$btod_e2e        c_w.l(btod.o)
    0x08005ca6   0x00000028   Code   RO         1695    CL$$btod_ediv       c_w.l(btod.o)
    0x08005cce   0x00000028   Code   RO         1694    CL$$btod_emul       c_w.l(btod.o)
    0x08005cf6   0x00000244   Code   RO         1700    CL$$btod_mult_common  c_w.l(btod.o)
    0x08005f3a   0x00000030   Code   RO         1726    i.__ARM_fpclassify  m_wm.l(fpclassify.o)
    0x08005f6a   0x0000000e   Code   RO         1523    i._is_digit         c_w.l(__printf_wp.o)
    0x08005f78   0x0000002c   Code   RO         1714    locale$$code        c_w.l(lc_numeric_c.o)
    0x08005fa4   0x0000002c   Code   RO         1734    locale$$code        c_w.l(lc_ctype_c.o)
    0x08005fd0   0x0000000a   Code   RO         1792    x$fpl$fpinit        fz_wm.l(fpinit.o)
    0x08005fda   0x00000004   Code   RO         1636    x$fpl$printf1       fz_wm.l(printf1.o)
    0x08005fde   0x00000004   Code   RO         1638    x$fpl$printf2       fz_wm.l(printf2.o)
    0x08005fe2   0x00000000   Code   RO         1644    x$fpl$usenofp       fz_wm.l(usenofp.o)
    0x08005fe2   0x00000002   PAD
    0x08005fe4   0x00000380   Data   RO         1230    .constdata          gpio.o
    0x08006364   0x000000c6   Data   RO         1380    .constdata          buzzer_song.o
    0x0800642a   0x00000011   Data   RO         1531    .constdata          c_w.l(__printf_flags_ss_wp.o)
    0x0800643b   0x00000001   PAD
    0x0800643c   0x00000008   Data   RO         1578    .constdata          c_w.l(_printf_wctomb.o)
    0x08006444   0x00000028   Data   RO         1607    .constdata          c_w.l(_printf_hex_int_ll_ptr.o)
    0x0800646c   0x00000026   Data   RO         1665    .constdata          c_w.l(_printf_fp_hex.o)
    0x08006492   0x00000002   PAD
    0x08006494   0x00000094   Data   RO         1689    .constdata          c_w.l(bigflt0.o)
    0x08006528   0x00000020   Data   RO         1855    Region$$Table       anon$$obj.o
    0x08006548   0x0000001c   Data   RO         1713    locale$$data        c_w.l(lc_numeric_c.o)
    0x08006564   0x00000110   Data   RO         1733    locale$$data        c_w.l(lc_ctype_c.o)


    Execution Region RW_IRAM1 (Base: 0x20000000, Size: 0x00002fd0, Max: 0x00020000, ABSOLUTE, COMPRESSED[0x00000700])

    Base Addr    Size         Type   Attr      Idx    E Section Name        Object

    0x20000000   0x00001028   Data   RW          152    .data               main.o
    0x20001028   0x00000014   Data   RW          238    .data               system_stm32f4xx.o
    0x2000103c   0x00000010   Data   RW          913    .data               stm32f4xx_rcc.o
    0x2000104c   0x00000006   Data   RW         1159    .data               usart.o
    0x20001052   0x00000002   PAD
    0x20001054   0x0000001a   Data   RW         1197    .data               buzzer.o
    0x2000106e   0x00000002   PAD
    0x20001070   0x00000008   Data   RW         1260    .data               ticks.o
    0x20001078   0x00000018   Data   RW         1321    .data               button.o
    0x20001090   0x0000100a   Data   RW         1406    .data               1.8 tft_display.o
    0x2000209a   0x00000002   PAD
    0x2000209c   0x00000004   Data   RW         1474    .data               flash.o
    0x200020a0   0x0000001a   Zero   RW         1196    .bss                buzzer.o
    0x200020ba   0x00000018   Zero   RW         1320    .bss                button.o
    0x200020d2   0x00000898   Zero   RW         1405    .bss                1.8 tft_display.o
    0x2000296a   0x00000002   PAD
    0x2000296c   0x00000060   Zero   RW         1729    .bss                c_w.l(libspace.o)
    0x200029cc   0x00000004   PAD
    0x200029d0   0x00000200   Zero   RW          265    HEAP                startup_stm32f40_41xxx.o
    0x20002bd0   0x00000400   Zero   RW          264    STACK               startup_stm32f40_41xxx.o


==============================================================================

Image component sizes


      Code (inc. data)   RO Data    RW Data    ZI Data      Debug   Object Name

      3716        140          0       4106       2200       9755   1.8 tft_display.o
       244         14          0         24         24       2663   button.o
       792         76          0         26         26       6966   buzzer.o
         0          0        198          0          0       1000   buzzer_song.o
       112          6          0          4          0       1498   flash.o
       524         12        896          0          0       5767   gpio.o
       100          6          0          0          0        991   led.o
       500        108          0       4136          0       3366   main.o
       224         20          0          0          0     231021   misc.o
        64         26        392          0       1536        852   startup_stm32f40_41xxx.o
      1684         28          0          0          0       9186   stm32f4xx_flash.o
       660         44          0          0          0       4125   stm32f4xx_gpio.o
        36          0          0          0          0     300982   stm32f4xx_it.o
      1628         52          0         16          0      12928   stm32f4xx_rcc.o
      1152         36          0          0          0       6873   stm32f4xx_spi.o
      3234         60          0          0          0      22328   stm32f4xx_tim.o
      1108         34          0          0          0       7824   stm32f4xx_usart.o
       528         46          0         20          0       1823   system_stm32f4xx.o
       240         28          0          8          0      28692   ticks.o
       508         54          0          0          0       1807   timer.o
       240         12          0          6          0       3447   usart.o

    ----------------------------------------------------------------------
     17298        802       1518       8352       3788     663894   Object Totals
         0          0         32          0          0          0   (incl. Generated)
         4          0          0          6          2          0   (incl. Padding)

    ----------------------------------------------------------------------

      Code (inc. data)   RO Data    RW Data    ZI Data      Debug   Library Member Name

        24          4          0          0          0         84   __2printf.o
       100          0          0          0          0          0   __dclz77c.o
         8          0          0          0          0         68   __main.o
       392          4         17          0          0         92   __printf_flags_ss_wp.o
        14          0          0          0          0         68   __printf_wp.o
         0          0          0          0          0          0   __rtentry.o
        12          0          0          0          0          0   __rtentry2.o
         6          0          0          0          0          0   __rtentry4.o
        52          8          0          0          0          0   __scatter.o
        28          0          0          0          0          0   __scatter_zi.o
         6          0          0          0          0          0   _printf_a.o
         6          0          0          0          0          0   _printf_c.o
        44          0          0          0          0        108   _printf_char.o
        48          6          0          0          0         96   _printf_char_common.o
        36          4          0          0          0         80   _printf_char_file.o
        40          0          0          0          0         68   _printf_charcount.o
         6          0          0          0          0          0   _printf_d.o
       120         16          0          0          0         92   _printf_dec.o
         6          0          0          0          0          0   _printf_e.o
         6          0          0          0          0          0   _printf_f.o
      1050          0          0          0          0        216   _printf_fp_dec.o
       764         10         38          0          0        100   _printf_fp_hex.o
       128         16          0          0          0         84   _printf_fp_infnan.o
         6          0          0          0          0          0   _printf_g.o
       148          4         40          0          0        160   _printf_hex_int_ll_ptr.o
         6          0          0          0          0          0   _printf_i.o
       178          0          0          0          0         88   _printf_intcommon.o
        10          0          0          0          0          0   _printf_l.o
         6          0          0          0          0          0   _printf_lc.o
        10          0          0          0          0          0   _printf_ll.o
         6          0          0          0          0          0   _printf_lld.o
         6          0          0          0          0          0   _printf_lli.o
         6          0          0          0          0          0   _printf_llo.o
         6          0          0          0          0          0   _printf_llu.o
         6          0          0          0          0          0   _printf_llx.o
       124         16          0          0          0         92   _printf_longlong_dec.o
         6          0          0          0          0          0   _printf_ls.o
         6          0          0          0          0          0   _printf_n.o
         6          0          0          0          0          0   _printf_o.o
       112          8          0          0          0        124   _printf_oct_int_ll.o
         6          0          0          0          0          0   _printf_p.o
        78          0          0          0          0        108   _printf_pad.o
         0          0          0          0          0          0   _printf_percent.o
         4          0          0          0          0          0   _printf_percent_end.o
         6          0          0          0          0          0   _printf_s.o
        82          0          0          0          0         80   _printf_str.o
        36          0          0          0          0         84   _printf_truncate.o
         6          0          0          0          0          0   _printf_u.o
        44          0          0          0          0        108   _printf_wchar.o
       188          6          8          0          0         92   _printf_wctomb.o
         6          0          0          0          0          0   _printf_x.o
        10          0          0          0          0         68   _sputc.o
        64          0          0          0          0         92   _wcrtomb.o
       220          4        148          0          0         96   bigflt0.o
      1910        128          0          0          0        672   btod.o
        12          0          0          0          0         72   exit.o
         8          0          0          0          0         68   ferror.o
         6          0          0          0          0        152   heapauxi.o
        44         10        272          0          0         76   lc_ctype_c.o
        44         10         28          0          0         76   lc_numeric_c.o
         2          0          0          0          0          0   libinit.o
        34          0          0          0          0          0   libinit2.o
         2          0          0          0          0          0   libshutdown.o
         2          0          0          0          0          0   libshutdown2.o
         8          4          0          0         96         68   libspace.o
       138          0          0          0          0         80   lludiv10.o
        16          4          0          0          0         76   rt_ctype_table.o
         8          4          0          0          0         68   rt_locale_intlibspace.o
         2          0          0          0          0          0   rtexit.o
        10          0          0          0          0          0   rtexit2.o
       128          0          0          0          0         68   strcmpv7m.o
        74          0          0          0          0         80   sys_stackheap_outer.o
         2          0          0          0          0         68   use_no_semi.o
         2          0          0          0          0         68   use_no_semi_2.o
        36          4          0          0          0         76   vsprintf.o
        10          0          0          0          0        116   fpinit.o
         4          0          0          0          0        116   printf1.o
         4          0          0          0          0        116   printf2.o
         0          0          0          0          0          0   usenofp.o
        48          0          0          0          0        124   fpclassify.o

    ----------------------------------------------------------------------
      6858        270        554          0        100       4588   Library Totals
        10          0          3          0          4          0   (incl. Padding)

    ----------------------------------------------------------------------

      Code (inc. data)   RO Data    RW Data    ZI Data      Debug   Library Name

      6782        270        551          0         96       4116   c_w.l
        18          0          0          0          0        348   fz_wm.l
        48          0          0          0          0        124   m_wm.l

    ----------------------------------------------------------------------
      6858        270        554          0        100       4588   Library Totals

    ----------------------------------------------------------------------

==============================================================================


      Code (inc. data)   RO Data    RW Data    ZI Data      Debug   

     24156       1072       2072       8352       3888     661146   Grand Totals
     24156       1072       2072       1792       3888     661146   ELF Image Totals (compressed)
     24156       1072       2072       1792          0          0   ROM Totals

==============================================================================

    Total RO  Size (Code + RO Data)                26228 (  25.61kB)
    Total RW  Size (RW Data + ZI Data)             12240 (  11.95kB)
    Total ROM Size (Code + RO Data + RW Data)      28020 (  27.36kB)

==============================================================================

