Component: ARM Compiler 5.05 update 1 (build 106) Tool: armlink [4d0efa]

==============================================================================

Section Cross References

    stm32f4xx_it.o(.text) refers to ticks.o(.text) for TimeTick_Decrement
    main.o(.text) refers to _printf_percent.o(.ARM.Collect$$_printf_percent$$00000000) for _printf_percent
    main.o(.text) refers to _printf_d.o(.ARM.Collect$$_printf_percent$$00000009) for _printf_d
    main.o(.text) refers to _printf_dec.o(.text) for _printf_int_dec
    main.o(.text) refers to __2printf.o(.text) for __2printf
    main.o(.text) refers to 1.8 tft_display.o(.text) for tft_prints
    main.o(.text) refers to ticks.o(.text) for SysTick_Init
    main.o(.text) refers to button.o(.text) for button_init
    main.o(.text) refers to buzzer.o(.text) for buzzer_init
    main.o(.text) refers to usart.o(.text) for uart_init
    main.o(.text) refers to main.o(.data) for ms
    main.o(.text) refers to main.o(.bss) for button_released_count
    main.o(.text) refers to buzzer_song.o(.constdata) for START_UP
    system_stm32f4xx.o(.text) refers to system_stm32f4xx.o(.data) for SystemCoreClock
    startup_stm32f40_41xxx.o(STACK) refers (Special) to heapauxi.o(.text) for __use_two_region_memory
    startup_stm32f40_41xxx.o(HEAP) refers (Special) to heapauxi.o(.text) for __use_two_region_memory
    startup_stm32f40_41xxx.o(RESET) refers (Special) to heapauxi.o(.text) for __use_two_region_memory
    startup_stm32f40_41xxx.o(RESET) refers to startup_stm32f40_41xxx.o(STACK) for __initial_sp
    startup_stm32f40_41xxx.o(RESET) refers to startup_stm32f40_41xxx.o(.text) for Reset_Handler
    startup_stm32f40_41xxx.o(RESET) refers to stm32f4xx_it.o(.text) for NMI_Handler
    startup_stm32f40_41xxx.o(RESET) refers to usart.o(.text) for USART1_IRQHandler
    startup_stm32f40_41xxx.o(.text) refers (Special) to heapauxi.o(.text) for __use_two_region_memory
    startup_stm32f40_41xxx.o(.text) refers to system_stm32f4xx.o(.text) for SystemInit
    startup_stm32f40_41xxx.o(.text) refers to __main.o(!!!main) for __main
    startup_stm32f40_41xxx.o(.text) refers to startup_stm32f40_41xxx.o(HEAP) for Heap_Mem
    startup_stm32f40_41xxx.o(.text) refers to startup_stm32f40_41xxx.o(STACK) for Stack_Mem
    stm32f4xx_adc.o(.text) refers to stm32f4xx_rcc.o(.text) for RCC_APB2PeriphResetCmd
    stm32f4xx_can.o(.text) refers to stm32f4xx_rcc.o(.text) for RCC_APB1PeriphResetCmd
    stm32f4xx_cryp.o(.text) refers to stm32f4xx_rcc.o(.text) for RCC_AHB2PeriphResetCmd
    stm32f4xx_cryp_aes.o(.text) refers to stm32f4xx_cryp.o(.text) for CRYP_KeyStructInit
    stm32f4xx_cryp_des.o(.text) refers to stm32f4xx_cryp.o(.text) for CRYP_KeyStructInit
    stm32f4xx_cryp_tdes.o(.text) refers to stm32f4xx_cryp.o(.text) for CRYP_KeyStructInit
    stm32f4xx_dma2d.o(.text) refers to stm32f4xx_rcc.o(.text) for RCC_AHB1PeriphResetCmd
    stm32f4xx_dac.o(.text) refers to stm32f4xx_rcc.o(.text) for RCC_APB1PeriphResetCmd
    stm32f4xx_fsmc.o(.text) refers to stm32f4xx_fsmc.o(.constdata) for FSMC_DefaultTimingStruct
    stm32f4xx_gpio.o(.text) refers to stm32f4xx_rcc.o(.text) for RCC_AHB1PeriphResetCmd
    stm32f4xx_hash.o(.text) refers to stm32f4xx_rcc.o(.text) for RCC_AHB2PeriphResetCmd
    stm32f4xx_hash_md5.o(.text) refers to stm32f4xx_hash.o(.text) for HASH_DeInit
    stm32f4xx_hash_sha1.o(.text) refers to stm32f4xx_hash.o(.text) for HASH_DeInit
    stm32f4xx_i2c.o(.text) refers to stm32f4xx_rcc.o(.text) for RCC_APB1PeriphResetCmd
    stm32f4xx_ltdc.o(.text) refers to stm32f4xx_rcc.o(.text) for RCC_APB2PeriphResetCmd
    stm32f4xx_pwr.o(.text) refers to stm32f4xx_rcc.o(.text) for RCC_APB1PeriphResetCmd
    stm32f4xx_rcc.o(.text) refers to stm32f4xx_rcc.o(.data) for APBAHBPrescTable
    stm32f4xx_rng.o(.text) refers to stm32f4xx_rcc.o(.text) for RCC_AHB2PeriphResetCmd
    stm32f4xx_sai.o(.text) refers to stm32f4xx_rcc.o(.text) for RCC_APB2PeriphResetCmd
    stm32f4xx_sdio.o(.text) refers to stm32f4xx_rcc.o(.text) for RCC_APB2PeriphResetCmd
    stm32f4xx_spi.o(.text) refers to stm32f4xx_rcc.o(.text) for RCC_APB2PeriphResetCmd
    stm32f4xx_syscfg.o(.text) refers to stm32f4xx_rcc.o(.text) for RCC_APB2PeriphResetCmd
    stm32f4xx_tim.o(.text) refers to stm32f4xx_rcc.o(.text) for RCC_APB2PeriphResetCmd
    stm32f4xx_usart.o(.text) refers to stm32f4xx_rcc.o(.text) for RCC_APB2PeriphResetCmd
    stm32f4xx_wwdg.o(.text) refers to stm32f4xx_rcc.o(.text) for RCC_APB1PeriphResetCmd
    usart.o(.rev16_text) refers (Special) to use_no_semi_2.o(.text) for __use_no_semihosting
    usart.o(.revsh_text) refers (Special) to use_no_semi_2.o(.text) for __use_no_semihosting
    usart.o(.rrx_text) refers (Special) to use_no_semi_2.o(.text) for __use_no_semihosting
    usart.o(.text) refers (Special) to use_no_semi_2.o(.text) for __use_no_semihosting
    usart.o(.text) refers to _printf_percent.o(.ARM.Collect$$_printf_percent$$00000000) for _printf_percent
[...]
    _printf_d                                0x08000279   Thumb Code     0  _printf_d.o(.ARM.Collect$$_printf_percent$$00000009)
    _printf_u                                0x0800027f   Thumb Code     0  _printf_u.o(.ARM.Collect$$_printf_percent$$0000000A)
    _printf_o                                0x08000285   Thumb Code     0  _printf_o.o(.ARM.Collect$$_printf_percent$$0000000B)
    _printf_x                                0x0800028b   Thumb Code     0  _printf_x.o(.ARM.Collect$$_printf_percent$$0000000C)
    _printf_lli                              0x08000291   Thumb Code     0  _printf_lli.o(.ARM.Collect$$_printf_percent$$0000000D)
    _printf_lld                              0x08000297   Thumb Code     0  _printf_lld.o(.ARM.Collect$$_printf_percent$$0000000E)
    _printf_llu                              0x0800029d   Thumb Code     0  _printf_llu.o(.ARM.Collect$$_printf_percent$$0000000F)
    _printf_llo                              0x080002a3   Thumb Code     0  _printf_llo.o(.ARM.Collect$$_printf_percent$$00000010)
    _printf_llx                              0x080002a9   Thumb Code     0  _printf_llx.o(.ARM.Collect$$_printf_percent$$00000011)
    _printf_l                                0x080002af   Thumb Code     0  _printf_l.o(.ARM.Collect$$_printf_percent$$00000012)
    _printf_c                                0x080002b9   Thumb Code     0  _printf_c.o(.ARM.Collect$$_printf_percent$$00000013)
    _printf_s                                0x080002bf   Thumb Code     0  _printf_s.o(.ARM.Collect$$_printf_percent$$00000014)
    _printf_lc                               0x080002c5   Thumb Code     0  _printf_lc.o(.ARM.Collect$$_printf_percent$$00000015)
    _printf_ls                               0x080002cb   Thumb Code     0  _printf_ls.o(.ARM.Collect$$_printf_percent$$00000016)
    _printf_percent_end                      0x080002d1   Thumb Code     0  _printf_percent_end.o(.ARM.Collect$$_printf_percent$$00000017)
    __rt_lib_init                            0x080002d5   Thumb Code     0  libinit.o(.ARM.Collect$$libinit$$00000000)
    __rt_lib_init_fp_1                       0x080002d7   Thumb Code     0  libinit2.o(.ARM.Collect$$libinit$$00000001)
    __rt_lib_init_heap_1                     0x080002db   Thumb Code     0  libinit2.o(.ARM.Collect$$libinit$$0000000A)
    __rt_lib_init_lc_common                  0x080002db   Thumb Code     0  libinit2.o(.ARM.Collect$$libinit$$0000000F)
    __rt_lib_init_preinit_1                  0x080002db   Thumb Code     0  libinit2.o(.ARM.Collect$$libinit$$00000004)
    __rt_lib_init_rand_1                     0x080002db   Thumb Code     0  libinit2.o(.ARM.Collect$$libinit$$0000000E)
    __rt_lib_init_user_alloc_1               0x080002db   Thumb Code     0  libinit2.o(.ARM.Collect$$libinit$$0000000C)
    __rt_lib_init_lc_collate_1               0x080002e1   Thumb Code     0  libinit2.o(.ARM.Collect$$libinit$$00000011)
    __rt_lib_init_lc_ctype_2                 0x080002e1   Thumb Code     0  libinit2.o(.ARM.Collect$$libinit$$00000012)
    __rt_lib_init_lc_ctype_1                 0x080002ed   Thumb Code     0  libinit2.o(.ARM.Collect$$libinit$$00000013)
    __rt_lib_init_lc_monetary_1              0x080002ed   Thumb Code     0  libinit2.o(.ARM.Collect$$libinit$$00000015)
    __rt_lib_init_lc_numeric_2               0x080002ed   Thumb Code     0  libinit2.o(.ARM.Collect$$libinit$$00000016)
    __rt_lib_init_alloca_1                   0x080002f7   Thumb Code     0  libinit2.o(.ARM.Collect$$libinit$$0000002E)
    __rt_lib_init_argv_1                     0x080002f7   Thumb Code     0  libinit2.o(.ARM.Collect$$libinit$$0000002C)
    __rt_lib_init_atexit_1                   0x080002f7   Thumb Code     0  libinit2.o(.ARM.Collect$$libinit$$0000001B)
    __rt_lib_init_clock_1                    0x080002f7   Thumb Code     0  libinit2.o(.ARM.Collect$$libinit$$00000021)
    __rt_lib_init_cpp_1                      0x080002f7   Thumb Code     0  libinit2.o(.ARM.Collect$$libinit$$00000032)
    __rt_lib_init_exceptions_1               0x080002f7   Thumb Code     0  libinit2.o(.ARM.Collect$$libinit$$00000030)
    __rt_lib_init_fp_trap_1                  0x080002f7   Thumb Code     0  libinit2.o(.ARM.Collect$$libinit$$0000001F)
    __rt_lib_init_getenv_1                   0x080002f7   Thumb Code     0  libinit2.o(.ARM.Collect$$libinit$$00000023)
    __rt_lib_init_lc_numeric_1               0x080002f7   Thumb Code     0  libinit2.o(.ARM.Collect$$libinit$$00000017)
    __rt_lib_init_lc_time_1                  0x080002f7   Thumb Code     0  libinit2.o(.ARM.Collect$$libinit$$00000019)
    __rt_lib_init_return                     0x080002f7   Thumb Code     0  libinit2.o(.ARM.Collect$$libinit$$00000033)
    __rt_lib_init_signal_1                   0x080002f7   Thumb Code     0  libinit2.o(.ARM.Collect$$libinit$$0000001D)
    __rt_lib_init_stdio_1                    0x080002f7   Thumb Code     0  libinit2.o(.ARM.Collect$$libinit$$00000025)
    __rt_lib_shutdown                        0x080002f9   Thumb Code     0  libshutdown.o(.ARM.Collect$$libshutdown$$00000000)
    __rt_lib_shutdown_fp_trap_1              0x080002fb   Thumb Code     0  libshutdown2.o(.ARM.Collect$$libshutdown$$00000006)
    __rt_lib_shutdown_heap_1                 0x080002fb   Thumb Code     0  libshutdown2.o(.ARM.Collect$$libshutdown$$0000000E)
    __rt_lib_shutdown_return                 0x080002fb   Thumb Code     0  libshutdown2.o(.ARM.Collect$$libshutdown$$0000000F)
    __rt_lib_shutdown_signal_1               0x080002fb   Thumb Code     0  libshutdown2.o(.ARM.Collect$$libshutdown$$00000009)
    __rt_lib_shutdown_stdio_1                0x080002fb   Thumb Code     0  libshutdown2.o(.ARM.Collect$$libshutdown$$00000003)
    __rt_lib_shutdown_user_alloc_1           0x080002fb   Thumb Code     0  libshutdown2.o(.ARM.Collect$$libshutdown$$0000000B)
    __rt_entry                               0x080002fd   Thumb Code     0  __rtentry.o(.ARM.Collect$$rtentry$$00000000)
    __rt_entry_presh_1                       0x080002fd   Thumb Code     0  __rtentry2.o(.ARM.Collect$$rtentry$$00000002)
    __rt_entry_sh                            0x080002fd   Thumb Code     0  __rtentry4.o(.ARM.Collect$$rtentry$$00000004)
    __rt_entry_li                            0x08000303   Thumb Code     0  __rtentry2.o(.ARM.Collect$$rtentry$$0000000A)
    __rt_entry_postsh_1                      0x08000303   Thumb Code     0  __rtentry2.o(.ARM.Collect$$rtentry$$00000009)
    __rt_entry_main                          0x08000307   Thumb Code     0  __rtentry2.o(.ARM.Collect$$rtentry$$0000000D)
    __rt_entry_postli_1                      0x08000307   Thumb Code     0  __rtentry2.o(.ARM.Collect$$rtentry$$0000000C)
    __rt_exit                                0x0800030f   Thumb Code     0  rtexit.o(.ARM.Collect$$rtexit$$00000000)
    __rt_exit_ls                             0x08000311   Thumb Code     0  rtexit2.o(.ARM.Collect$$rtexit$$00000003)
    __rt_exit_prels_1                        0x08000311   Thumb Code     0  rtexit2.o(.ARM.Collect$$rtexit$$00000002)
    __rt_exit_exit                           0x08000315   Thumb Code     0  rtexit2.o(.ARM.Collect$$rtexit$$00000004)
    NMI_Handler                              0x0800031b   Thumb Code     2  stm32f4xx_it.o(.text)
    HardFault_Handler                        0x0800031d   Thumb Code     4  stm32f4xx_it.o(.text)
    MemManage_Handler                        0x08000321   Thumb Code     4  stm32f4xx_it.o(.text)
    BusFault_Handler                         0x08000325   Thumb Code     4  stm32f4xx_it.o(.text)
    UsageFault_Handler                       0x08000329   Thumb Code     4  stm32f4xx_it.o(.text)
    SVC_Handler                              0x0800032d   Thumb Code     2  stm32f4xx_it.o(.text)
    DebugMon_Handler                         0x0800032f   Thumb Code     2  stm32f4xx_it.o(.text)
    PendSV_Handler                           0x08000331   Thumb Code     2  stm32f4xx_it.o(.text)
    SysTick_Handler                          0x08000333   Thumb Code    12  stm32f4xx_it.o(.text)
    system_time                              0x08000341   Thumb Code    88  main.o(.text)
    show_time                                0x08000399   Thumb Code    74  main.o(.text)
    draw_ball                                0x080003e3   Thumb Code    18  main.o(.text)
    display_button_data                      0x080003f5   Thumb Code    42  main.o(.text)
    main                                     0x0800041f   Thumb Code   136  main.o(.text)
    SystemInit                               0x080005f5   Thumb Code    88  system_stm32f4xx.o(.text)
    SystemCoreClockUpdate                    0x0800064d   Thumb Code   174  system_stm32f4xx.o(.text)
    Reset_Handler                            0x08000729   Thumb Code     8  startup_stm32f40_41xxx.o(.text)
    ADC_IRQHandler                           0x08000743   Thumb Code     0  startup_stm32f40_41xxx.o(.text)
    CAN1_RX0_IRQHandler                      0x08000743   Thumb Code     0  startup_stm32f40_41xxx.o(.text)
    CAN1_RX1_IRQHandler                      0x08000743   Thumb Code     0  startup_stm32f40_41xxx.o(.text)
    CAN1_SCE_IRQHandler                      0x08000743   Thumb Code     0  startup_stm32f40_41xxx.o(.text)
    CAN1_TX_IRQHandler                       0x08000743   Thumb Code     0  startup_stm32f40_41xxx.o(.text)
    CAN2_RX0_IRQHandler                      0x08000743   Thumb Code     0  startup_stm32f40_41xxx.o(.text)
    CAN2_RX1_IRQHandler                      0x08000743   Thumb Code     0  startup_stm32f40_41xxx.o(.text)
    CAN2_SCE_IRQHandler                      0x08000743   Thumb Code     0  startup_stm32f40_41xxx.o(.text)
    CAN2_TX_IRQHandler                       0x08000743   Thumb Code     0  startup_stm32f40_41xxx.o(.text)
    CRYP_IRQHandler                          0x08000743   Thumb Code     0  startup_stm32f40_41xxx.o(.text)
    DCMI_IRQHandler                          0x08000743   Thumb Code     0  startup_stm32f40_41xxx.o(.text)
    DMA1_Stream0_IRQHandler                  0x08000743   Thumb Code     0  startup_stm32f40_41xxx.o(.text)
    DMA1_Stream1_IRQHandler                  0x08000743   Thumb Code     0  startup_stm32f40_41xxx.o(.text)
    DMA1_Stream2_IRQHandler                  0x08000743   Thumb Code     0  startup_stm32f40_41xxx.o(.text)
    DMA1_Stream3_IRQHandler                  0x08000743   Thumb Code     0  startup_stm32f40_41xxx.o(.text)
    DMA1_Stream4_IRQHandler                  0x08000743   Thumb Code     0  startup_stm32f40_41xxx.o(.text)
    DMA1_Stream5_IRQHandler                  0x08000743   Thumb Code     0  startup_stm32f40_41xxx.o(.text)
    DMA1_Stream6_IRQHandler                  0x08000743   Thumb Code     0  startup_stm32f40_41xxx.o(.text)
    DMA1_Stream7_IRQHandler                  0x08000743   Thumb Code     0  startup_stm32f40_41xxx.o(.text)
    DMA2_Stream0_IRQHandler                  0x08000743   Thumb Code     0  startup_stm32f40_41xxx.o(.text)
    DMA2_Stream1_IRQHandler                  0x08000743   Thumb Code     0  startup_stm32f40_41xxx.o(.text)
    DMA2_Stream2_IRQHandler                  0x08000743   Thumb Code     0  startup_stm32f40_41xxx.o(.text)
    DMA2_Stream3_IRQHandler                  0x08000743   Thumb Code     0  startup_stm32f40_41xxx.o(.text)
    DMA2_Stream4_IRQHandler                  0x08000743   Thumb Code     0  startup_stm32f40_41xxx.o(.text)
    DMA2_Stream5_IRQHandler                  0x08000743   Thumb Code     0  startup_stm32f40_41xxx.o(.text)
    DMA2_Stream6_IRQHandler                  0x08000743   Thumb Code     0  startup_stm32f40_41xxx.o(.text)
    DMA2_Stream7_IRQHandler                  0x08000743   Thumb Code     0  startup_stm32f40_41xxx.o(.text)
    ETH_IRQHandler                           0x08000743   Thumb Code     0  startup_stm32f40_41xxx.o(.text)
    ETH_WKUP_IRQHandler                      0x08000743   Thumb Code     0  startup_stm32f40_41xxx.o(.text)
    EXTI0_IRQHandler                         0x08000743   Thumb Code     0  startup_stm32f40_41xxx.o(.text)
    EXTI15_10_IRQHandler                     0x08000743   Thumb Code     0  startup_stm32f40_41xxx.o(.text)
    EXTI1_IRQHandler                         0x08000743   Thumb Code     0  startup_stm32f40_41xxx.o(.text)
    EXTI2_IRQHandler                         0x08000743   Thumb Code     0  startup_stm32f40_41xxx.o(.text)
    EXTI3_IRQHandler                         0x08000743   Thumb Code     0  startup_stm32f40_41xxx.o(.text)
    EXTI4_IRQHandler                         0x08000743   Thumb Code     0  startup_stm32f40_41xxx.o(.text)
    EXTI9_5_IRQHandler                       0x08000743   Thumb Code     0  startup_stm32f40_41xxx.o(.text)
    FLASH_IRQHandler                         0x08000743   Thumb Code     0  startup_stm32f40_41xxx.o(.text)
    FPU_IRQHandler                           0x08000743   Thumb Code     0  startup_stm32f40_41xxx.o(.text)
    FSMC_IRQHandler                          0x08000743   Thumb Code     0  startup_stm32f40_41xxx.o(.text)
    HASH_RNG_IRQHandler                      0x08000743   Thumb Code     0  startup_stm32f40_41xxx.o(.text)
    I2C1_ER_IRQHandler                       0x08000743   Thumb Code     0  startup_stm32f40_41xxx.o(.text)
    I2C1_EV_IRQHandler                       0x08000743   Thumb Code     0  startup_stm32f40_41xxx.o(.text)
    I2C2_ER_IRQHandler                       0x08000743   Thumb Code     0  startup_stm32f40_41xxx.o(.text)
    I2C2_EV_IRQHandler                       0x08000743   Thumb Code     0  startup_stm32f40_41xxx.o(.text)
    I2C3_ER_IRQHandler                       0x08000743   Thumb Code     0  startup_stm32f40_41xxx.o(.text)
    I2C3_EV_IRQHandler                       0x08000743   Thumb Code     0  startup_stm32f40_41xxx.o(.text)
    OTG_FS_IRQHandler                        0x08000743   Thumb Code     0  startup_stm32f40_41xxx.o(.text)
    OTG_FS_WKUP_IRQHandler                   0x08000743   Thumb Code     0  startup_stm32f40_41xxx.o(.text)
    OTG_HS_EP1_IN_IRQHandler                 0x08000743   Thumb Code     0  startup_stm32f40_41xxx.o(.text)
    OTG_HS_EP1_OUT_IRQHandler                0x08000743   Thumb Code     0  startup_stm32f40_41xxx.o(.text)
    OTG_HS_IRQHandler                        0x08000743   Thumb Code     0  startup_stm32f40_41xxx.o(.text)
    OTG_HS_WKUP_IRQHandler                   0x08000743   Thumb Code     0  startup_stm32f40_41xxx.o(.text)
    PVD_IRQHandler                           0x08000743   Thumb Code     0  startup_stm32f40_41xxx.o(.text)
    RCC_IRQHandler                           0x08000743   Thumb Code     0  startup_stm32f40_41xxx.o(.text)
    RTC_Alarm_IRQHandler                     0x08000743   Thumb Code     0  startup_stm32f40_41xxx.o(.text)
    RTC_WKUP_IRQHandler                      0x08000743   Thumb Code     0  startup_stm32f40_41xxx.o(.text)
    SDIO_IRQHandler                          0x08000743   Thumb Code     0  startup_stm32f40_41xxx.o(.text)
    SPI1_IRQHandler                          0x08000743   Thumb Code     0  startup_stm32f40_41xxx.o(.text)
    SPI2_IRQHandler                          0x08000743   Thumb Code     0  startup_stm32f40_41xxx.o(.text)
    SPI3_IRQHandler                          0x08000743   Thumb Code     0  startup_stm32f40_41xxx.o(.text)
    TAMP_STAMP_IRQHandler                    0x08000743   Thumb Code     0  startup_stm32f40_41xxx.o(.text)
    TIM1_BRK_TIM9_IRQHandler                 0x08000743   Thumb Code     0  startup_stm32f40_41xxx.o(.text)
    TIM1_CC_IRQHandler                       0x08000743   Thumb Code     0  startup_stm32f40_41xxx.o(.text)
    TIM1_TRG_COM_TIM11_IRQHandler            0x08000743   Thumb Code     0  startup_stm32f40_41xxx.o(.text)
    TIM1_UP_TIM10_IRQHandler                 0x08000743   Thumb Code     0  startup_stm32f40_41xxx.o(.text)
    TIM2_IRQHandler                          0x08000743   Thumb Code     0  startup_stm32f40_41xxx.o(.text)
    TIM3_IRQHandler                          0x08000743   Thumb Code     0  startup_stm32f40_41xxx.o(.text)
    TIM4_IRQHandler                          0x08000743   Thumb Code     0  startup_stm32f40_41xxx.o(.text)
    TIM5_IRQHandler                          0x08000743   Thumb Code     0  startup_stm32f40_41xxx.o(.text)
    TIM6_DAC_IRQHandler                      0x08000743   Thumb Code     0  startup_stm32f40_41xxx.o(.text)
    TIM7_IRQHandler                          0x08000743   Thumb Code     0  startup_stm32f40_41xxx.o(.text)
    TIM8_BRK_TIM12_IRQHandler                0x08000743   Thumb Code     0  startup_stm32f40_41xxx.o(.text)
    TIM8_CC_IRQHandler                       0x08000743   Thumb Code     0  startup_stm32f40_41xxx.o(.text)
    TIM8_TRG_COM_TIM14_IRQHandler            0x08000743   Thumb Code     0  startup_stm32f40_41xxx.o(.text)
    TIM8_UP_TIM13_IRQHandler                 0x08000743   Thumb Code     0  startup_stm32f40_41xxx.o(.text)
    UART4_IRQHandler                         0x08000743   Thumb Code     0  startup_stm32f40_41xxx.o(.text)
    UART5_IRQHandler                         0x08000743   Thumb Code     0  startup_stm32f40_41xxx.o(.text)
    USART2_IRQHandler                        0x08000743   Thumb Code     0  startup_stm32f40_41xxx.o(.text)
    USART3_IRQHandler                        0x08000743   Thumb Code     0  startup_stm32f40_41xxx.o(.text)
    USART6_IRQHandler                        0x08000743   Thumb Code     0  startup_stm32f40_41xxx.o(.text)
    WWDG_IRQHandler                          0x08000743   Thumb Code     0  startup_stm32f40_41xxx.o(.text)
    __user_initial_stackheap                 0x08000745   Thumb Code     0  startup_stm32f40_41xxx.o(.text)
    NVIC_PriorityGroupConfig                 0x08000769   Thumb Code    10  misc.o(.text)
    NVIC_Init                                0x08000773   Thumb Code   106  misc.o(.text)
    NVIC_SetVectorTable                      0x080007dd   Thumb Code    14  misc.o(.text)
    NVIC_SystemLPConfig                      0x080007eb   Thumb Code    34  misc.o(.text)
    SysTick_CLKSourceConfig                  0x0800080d   Thumb Code    40  misc.o(.text)
    GPIO_DeInit                              0x08000849   Thumb Code   268  stm32f4xx_gpio.o(.text)
    GPIO_Init                                0x08000955   Thumb Code   144  stm32f4xx_gpio.o(.text)
    GPIO_StructInit                          0x080009e5   Thumb Code    18  stm32f4xx_gpio.o(.text)
    GPIO_PinLockConfig                       0x080009f7   Thumb Code    34  stm32f4xx_gpio.o(.text)
    GPIO_ReadInputDataBit                    0x08000a19   Thumb Code    18  stm32f4xx_gpio.o(.text)
    GPIO_ReadInputData                       0x08000a2b   Thumb Code     8  stm32f4xx_gpio.o(.text)
    GPIO_ReadOutputDataBit                   0x08000a33   Thumb Code    18  stm32f4xx_gpio.o(.text)
    GPIO_ReadOutputData                      0x08000a45   Thumb Code     8  stm32f4xx_gpio.o(.text)
    GPIO_SetBits                             0x08000a4d   Thumb Code     4  stm32f4xx_gpio.o(.text)
    GPIO_ResetBits                           0x08000a51   Thumb Code     4  stm32f4xx_gpio.o(.text)
    GPIO_WriteBit                            0x08000a55   Thumb Code    10  stm32f4xx_gpio.o(.text)
    GPIO_Write                               0x08000a5f   Thumb Code     4  stm32f4xx_gpio.o(.text)
    GPIO_ToggleBits                          0x08000a63   Thumb Code     8  stm32f4xx_gpio.o(.text)
    GPIO_PinAFConfig                         0x08000a6b   Thumb Code    70  stm32f4xx_gpio.o(.text)
    RCC_DeInit                               0x08000add   Thumb Code    82  stm32f4xx_rcc.o(.text)
    RCC_HSEConfig                            0x08000b2f   Thumb Code    14  stm32f4xx_rcc.o(.text)
    RCC_GetFlagStatus                        0x08000b3d   Thumb Code    60  stm32f4xx_rcc.o(.text)
    RCC_WaitForHSEStartUp                    0x08000b79   Thumb Code    56  stm32f4xx_rcc.o(.text)
    RCC_AdjustHSICalibrationValue            0x08000bb1   Thumb Code    20  stm32f4xx_rcc.o(.text)
    RCC_HSICmd                               0x08000bc5   Thumb Code     6  stm32f4xx_rcc.o(.text)
    RCC_LSEConfig                            0x08000bcb   Thumb Code    46  stm32f4xx_rcc.o(.text)
    RCC_LSICmd                               0x08000bf9   Thumb Code     6  stm32f4xx_rcc.o(.text)
    RCC_PLLConfig                            0x08000bff   Thumb Code    32  stm32f4xx_rcc.o(.text)
    RCC_PLLCmd                               0x08000c1f   Thumb Code     6  stm32f4xx_rcc.o(.text)
    RCC_PLLI2SConfig                         0x08000c25   Thumb Code    14  stm32f4xx_rcc.o(.text)
    RCC_PLLI2SCmd                            0x08000c33   Thumb Code     6  stm32f4xx_rcc.o(.text)
    RCC_PLLSAIConfig                         0x08000c39   Thumb Code    20  stm32f4xx_rcc.o(.text)
    RCC_PLLSAICmd                            0x08000c4d   Thumb Code     6  stm32f4xx_rcc.o(.text)
    RCC_ClockSecuritySystemCmd               0x08000c53   Thumb Code     6  stm32f4xx_rcc.o(.text)
    RCC_MCO1Config                           0x08000c59   Thumb Code    28  stm32f4xx_rcc.o(.text)
    RCC_MCO2Config                           0x08000c75   Thumb Code    28  stm32f4xx_rcc.o(.text)
    RCC_SYSCLKConfig                         0x08000c91   Thumb Code    20  stm32f4xx_rcc.o(.text)
    RCC_GetSYSCLKSource                      0x08000ca5   Thumb Code    12  stm32f4xx_rcc.o(.text)
    RCC_HCLKConfig                           0x08000cb1   Thumb Code    20  stm32f4xx_rcc.o(.text)
    RCC_PCLK1Config                          0x08000cc5   Thumb Code    20  stm32f4xx_rcc.o(.text)
    RCC_PCLK2Config                          0x08000cd9   Thumb Code    22  stm32f4xx_rcc.o(.text)
    RCC_GetClocksFreq                        0x08000cef   Thumb Code   222  stm32f4xx_rcc.o(.text)
    RCC_RTCCLKConfig                         0x08000dcd   Thumb Code    54  stm32f4xx_rcc.o(.text)
    RCC_RTCCLKCmd                            0x08000e03   Thumb Code     8  stm32f4xx_rcc.o(.text)
    RCC_BackupResetCmd                       0x08000e0b   Thumb Code     8  stm32f4xx_rcc.o(.text)
    RCC_I2SCLKConfig                         0x08000e13   Thumb Code     6  stm32f4xx_rcc.o(.text)
    RCC_SAIPLLI2SClkDivConfig                0x08000e19   Thumb Code    26  stm32f4xx_rcc.o(.text)
    RCC_SAIPLLSAIClkDivConfig                0x08000e33   Thumb Code    28  stm32f4xx_rcc.o(.text)
    RCC_SAIBlockACLKConfig                   0x08000e4f   Thumb Code    20  stm32f4xx_rcc.o(.text)
    RCC_SAIBlockBCLKConfig                   0x08000e63   Thumb Code    20  stm32f4xx_rcc.o(.text)
    RCC_LTDCCLKDivConfig                     0x08000e77   Thumb Code    20  stm32f4xx_rcc.o(.text)
    RCC_TIMCLKPresConfig                     0x08000e8b   Thumb Code     6  stm32f4xx_rcc.o(.text)
    RCC_AHB1PeriphClockCmd                   0x08000e91   Thumb Code    34  stm32f4xx_rcc.o(.text)
    RCC_AHB2PeriphClockCmd                   0x08000eb3   Thumb Code    78  stm32f4xx_rcc.o(.text)
    RCC_AHB3PeriphClockCmd                   0x08000f01   Thumb Code    34  stm32f4xx_rcc.o(.text)
    RCC_APB1PeriphClockCmd                   0x08000f23   Thumb Code    34  stm32f4xx_rcc.o(.text)
    RCC_APB2PeriphClockCmd                   0x08000f45   Thumb Code    34  stm32f4xx_rcc.o(.text)
    RCC_AHB1PeriphResetCmd                   0x08000f67   Thumb Code    34  stm32f4xx_rcc.o(.text)
    RCC_AHB2PeriphResetCmd                   0x08000f89   Thumb Code    34  stm32f4xx_rcc.o(.text)
    RCC_AHB3PeriphResetCmd                   0x08000fab   Thumb Code    34  stm32f4xx_rcc.o(.text)
    RCC_APB1PeriphResetCmd                   0x08000fcd   Thumb Code    34  stm32f4xx_rcc.o(.text)
    RCC_APB2PeriphResetCmd                   0x08000fef   Thumb Code    34  stm32f4xx_rcc.o(.text)
    RCC_AHB1PeriphClockLPModeCmd             0x08001011   Thumb Code    34  stm32f4xx_rcc.o(.text)
    RCC_AHB2PeriphClockLPModeCmd             0x08001033   Thumb Code    34  stm32f4xx_rcc.o(.text)
    RCC_AHB3PeriphClockLPModeCmd             0x08001055   Thumb Code    34  stm32f4xx_rcc.o(.text)
    RCC_APB1PeriphClockLPModeCmd             0x08001077   Thumb Code    34  stm32f4xx_rcc.o(.text)
    RCC_APB2PeriphClockLPModeCmd             0x08001099   Thumb Code    34  stm32f4xx_rcc.o(.text)
    RCC_LSEModeConfig                        0x080010bb   Thumb Code    40  stm32f4xx_rcc.o(.text)
    RCC_ITConfig                             0x080010e3   Thumb Code    34  stm32f4xx_rcc.o(.text)
    RCC_ClearFlag                            0x08001105   Thumb Code    18  stm32f4xx_rcc.o(.text)
    RCC_GetITStatus                          0x08001117   Thumb Code    22  stm32f4xx_rcc.o(.text)
    RCC_ClearITPendingBit                    0x0800112d   Thumb Code     8  stm32f4xx_rcc.o(.text)
    SPI_I2S_DeInit                           0x08001139   Thumb Code   152  stm32f4xx_spi.o(.text)
    SPI_Init                                 0x080011d1   Thumb Code    60  stm32f4xx_spi.o(.text)
    I2S_Init                                 0x0800120d   Thumb Code   396  stm32f4xx_spi.o(.text)
    SPI_StructInit                           0x08001399   Thumb Code    24  stm32f4xx_spi.o(.text)
    I2S_StructInit                           0x080013b1   Thumb Code    20  stm32f4xx_spi.o(.text)
    SPI_Cmd                                  0x080013c5   Thumb Code    24  stm32f4xx_spi.o(.text)
    I2S_Cmd                                  0x080013dd   Thumb Code    24  stm32f4xx_spi.o(.text)
    SPI_DataSizeConfig                       0x080013f5   Thumb Code    18  stm32f4xx_spi.o(.text)
    SPI_BiDirectionalLineConfig              0x08001407   Thumb Code    28  stm32f4xx_spi.o(.text)
    SPI_NSSInternalSoftwareConfig            0x08001423   Thumb Code    30  stm32f4xx_spi.o(.text)
    SPI_SSOutputCmd                          0x08001441   Thumb Code    24  stm32f4xx_spi.o(.text)
    SPI_TIModeCmd                            0x08001459   Thumb Code    24  stm32f4xx_spi.o(.text)
    I2S_FullDuplexConfig                     0x08001471   Thumb Code    80  stm32f4xx_spi.o(.text)
    SPI_I2S_ReceiveData                      0x080014c1   Thumb Code     6  stm32f4xx_spi.o(.text)
    SPI_I2S_SendData                         0x080014c7   Thumb Code     4  stm32f4xx_spi.o(.text)
    SPI_CalculateCRC                         0x080014cb   Thumb Code    24  stm32f4xx_spi.o(.text)
    SPI_TransmitCRC                          0x080014e3   Thumb Code    10  stm32f4xx_spi.o(.text)
    SPI_GetCRC                               0x080014ed   Thumb Code    16  stm32f4xx_spi.o(.text)
    SPI_GetCRCPolynomial                     0x080014fd   Thumb Code     6  stm32f4xx_spi.o(.text)
    SPI_I2S_DMACmd                           0x08001503   Thumb Code    18  stm32f4xx_spi.o(.text)
    SPI_I2S_ITConfig                         0x08001515   Thumb Code    68  stm32f4xx_spi.o(.text)
    SPI_I2S_GetFlagStatus                    0x08001559   Thumb Code    18  stm32f4xx_spi.o(.text)
    SPI_I2S_ClearFlag                        0x0800156b   Thumb Code     6  stm32f4xx_spi.o(.text)
    SPI_I2S_GetITStatus                      0x08001571   Thumb Code    52  stm32f4xx_spi.o(.text)
    SPI_I2S_ClearITPendingBit                0x080015a5   Thumb Code    20  stm32f4xx_spi.o(.text)
    TIM_DeInit                               0x080015b9   Thumb Code   346  stm32f4xx_tim.o(.text)
    TIM_TimeBaseInit                         0x08001713   Thumb Code   104  stm32f4xx_tim.o(.text)
    TIM_TimeBaseStructInit                   0x0800177b   Thumb Code    18  stm32f4xx_tim.o(.text)
    TIM_PrescalerConfig                      0x0800178d   Thumb Code     6  stm32f4xx_tim.o(.text)
    TIM_CounterModeConfig                    0x08001793   Thumb Code    18  stm32f4xx_tim.o(.text)
    TIM_SetCounter                           0x080017a5   Thumb Code     4  stm32f4xx_tim.o(.text)
    TIM_SetAutoreload                        0x080017a9   Thumb Code     4  stm32f4xx_tim.o(.text)
    TIM_GetCounter                           0x080017ad   Thumb Code     6  stm32f4xx_tim.o(.text)
    TIM_GetPrescaler                         0x080017b3   Thumb Code     6  stm32f4xx_tim.o(.text)
    TIM_UpdateDisableConfig                  0x080017b9   Thumb Code    24  stm32f4xx_tim.o(.text)
    TIM_UpdateRequestConfig                  0x080017d1   Thumb Code    24  stm32f4xx_tim.o(.text)
    TIM_ARRPreloadConfig                     0x080017e9   Thumb Code    24  stm32f4xx_tim.o(.text)
    TIM_SelectOnePulseMode                   0x08001801   Thumb Code    18  stm32f4xx_tim.o(.text)
    TIM_SetClockDivision                     0x08001813   Thumb Code    18  stm32f4xx_tim.o(.text)
    TIM_Cmd                                  0x08001825   Thumb Code    24  stm32f4xx_tim.o(.text)
    TIM_OC1Init                              0x0800183d   Thumb Code   114  stm32f4xx_tim.o(.text)
    TIM_OC2Init                              0x080018af   Thumb Code   154  stm32f4xx_tim.o(.text)
    TIM_OC3Init                              0x08001949   Thumb Code   204  stm32f4xx_tim.o(.text)
    TIM_OC4Init                              0x08001a15   Thumb Code   112  stm32f4xx_tim.o(.text)
    TIM_OCStructInit                         0x08001a85   Thumb Code    20  stm32f4xx_tim.o(.text)
    TIM_SelectOCxM                           0x08001a99   Thumb Code    86  stm32f4xx_tim.o(.text)
    TIM_SetCompare1                          0x08001aef   Thumb Code     4  stm32f4xx_tim.o(.text)
    TIM_SetCompare2                          0x08001af3   Thumb Code     4  stm32f4xx_tim.o(.text)
    TIM_SetCompare3                          0x08001af7   Thumb Code     4  stm32f4xx_tim.o(.text)
    TIM_SetCompare4                          0x08001afb   Thumb Code     4  stm32f4xx_tim.o(.text)
    TIM_ForcedOC1Config                      0x08001aff   Thumb Code    18  stm32f4xx_tim.o(.text)
    TIM_ForcedOC2Config                      0x08001b11   Thumb Code    26  stm32f4xx_tim.o(.text)
    TIM_ForcedOC3Config                      0x08001b2b   Thumb Code    18  stm32f4xx_tim.o(.text)
    TIM_ForcedOC4Config                      0x08001b3d   Thumb Code    26  stm32f4xx_tim.o(.text)
    TIM_OC1PreloadConfig                     0x08001b57   Thumb Code    18  stm32f4xx_tim.o(.text)
    TIM_OC2PreloadConfig                     0x08001b69   Thumb Code    26  stm32f4xx_tim.o(.text)
    TIM_OC3PreloadConfig                     0x08001b83   Thumb Code    18  stm32f4xx_tim.o(.text)
    TIM_OC4PreloadConfig                     0x08001b95   Thumb Code    26  stm32f4xx_tim.o(.text)
    TIM_OC1FastConfig                        0x08001baf   Thumb Code    18  stm32f4xx_tim.o(.text)
    TIM_OC2FastConfig                        0x08001bc1   Thumb Code    26  stm32f4xx_tim.o(.text)
    TIM_OC3FastConfig                        0x08001bdb   Thumb Code    18  stm32f4xx_tim.o(.text)
    TIM_OC4FastConfig                        0x08001bed   Thumb Code    26  stm32f4xx_tim.o(.text)
    TIM_ClearOC1Ref                          0x08001c07   Thumb Code    18  stm32f4xx_tim.o(.text)
    TIM_ClearOC2Ref                          0x08001c19   Thumb Code    24  stm32f4xx_tim.o(.text)
    TIM_ClearOC3Ref                          0x08001c31   Thumb Code    18  stm32f4xx_tim.o(.text)
    TIM_ClearOC4Ref                          0x08001c43   Thumb Code    24  stm32f4xx_tim.o(.text)
    TIM_OC1PolarityConfig                    0x08001c5b   Thumb Code    18  stm32f4xx_tim.o(.text)
    TIM_OC1NPolarityConfig                   0x08001c6d   Thumb Code    18  stm32f4xx_tim.o(.text)
    TIM_OC2PolarityConfig                    0x08001c7f   Thumb Code    26  stm32f4xx_tim.o(.text)
    TIM_OC2NPolarityConfig                   0x08001c99   Thumb Code    26  stm32f4xx_tim.o(.text)
    TIM_OC3PolarityConfig                    0x08001cb3   Thumb Code    26  stm32f4xx_tim.o(.text)
    TIM_OC3NPolarityConfig                   0x08001ccd   Thumb Code    26  stm32f4xx_tim.o(.text)
    TIM_OC4PolarityConfig                    0x08001ce7   Thumb Code    26  stm32f4xx_tim.o(.text)
    TIM_CCxCmd                               0x08001d01   Thumb Code    30  stm32f4xx_tim.o(.text)
    TIM_CCxNCmd                              0x08001d1f   Thumb Code    30  stm32f4xx_tim.o(.text)
    TIM_SetIC4Prescaler                      0x08001d3d   Thumb Code    26  stm32f4xx_tim.o(.text)
    TIM_SetIC3Prescaler                      0x08001da7   Thumb Code    18  stm32f4xx_tim.o(.text)
    TIM_SetIC2Prescaler                      0x08001e01   Thumb Code    26  stm32f4xx_tim.o(.text)
    TIM_SetIC1Prescaler                      0x08001e75   Thumb Code    18  stm32f4xx_tim.o(.text)
    TIM_ICInit                               0x08001ec1   Thumb Code   110  stm32f4xx_tim.o(.text)
    TIM_ICStructInit                         0x08001f2f   Thumb Code    18  stm32f4xx_tim.o(.text)
    TIM_PWMIConfig                           0x08001f41   Thumb Code   124  stm32f4xx_tim.o(.text)
    TIM_GetCapture1                          0x08001fbd   Thumb Code     6  stm32f4xx_tim.o(.text)
    TIM_GetCapture2                          0x08001fc3   Thumb Code     6  stm32f4xx_tim.o(.text)
    TIM_GetCapture3                          0x08001fc9   Thumb Code     6  stm32f4xx_tim.o(.text)
    TIM_GetCapture4                          0x08001fcf   Thumb Code     6  stm32f4xx_tim.o(.text)
    TIM_BDTRConfig                           0x08001fd5   Thumb Code    32  stm32f4xx_tim.o(.text)
    TIM_BDTRStructInit                       0x08001ff5   Thumb Code    18  stm32f4xx_tim.o(.text)
    TIM_CtrlPWMOutputs                       0x08002007   Thumb Code    30  stm32f4xx_tim.o(.text)
    TIM_SelectCOM                            0x08002025   Thumb Code    24  stm32f4xx_tim.o(.text)
    TIM_CCPreloadControl                     0x0800203d   Thumb Code    24  stm32f4xx_tim.o(.text)
    TIM_ITConfig                             0x08002055   Thumb Code    18  stm32f4xx_tim.o(.text)
    TIM_GenerateEvent                        0x08002067   Thumb Code     4  stm32f4xx_tim.o(.text)
    TIM_GetFlagStatus                        0x0800206b   Thumb Code    18  stm32f4xx_tim.o(.text)
    TIM_ClearFlag                            0x0800207d   Thumb Code     6  stm32f4xx_tim.o(.text)
    TIM_GetITStatus                          0x08002083   Thumb Code    34  stm32f4xx_tim.o(.text)
    TIM_ClearITPendingBit                    0x080020a5   Thumb Code     6  stm32f4xx_tim.o(.text)
    TIM_DMAConfig                            0x080020ab   Thumb Code    10  stm32f4xx_tim.o(.text)
    TIM_DMACmd                               0x080020b5   Thumb Code    18  stm32f4xx_tim.o(.text)
    TIM_SelectCCDMA                          0x080020c7   Thumb Code    24  stm32f4xx_tim.o(.text)
    TIM_InternalClockConfig                  0x080020df   Thumb Code    12  stm32f4xx_tim.o(.text)
    TIM_SelectInputTrigger                   0x080020eb   Thumb Code    18  stm32f4xx_tim.o(.text)
    TIM_ITRxExternalClockConfig              0x080020fd   Thumb Code    24  stm32f4xx_tim.o(.text)
    TIM_TIxExternalClockConfig               0x08002115   Thumb Code    62  stm32f4xx_tim.o(.text)
    TIM_ETRConfig                            0x08002153   Thumb Code    28  stm32f4xx_tim.o(.text)
    TIM_ETRClockMode1Config                  0x0800216f   Thumb Code    54  stm32f4xx_tim.o(.text)
    TIM_ETRClockMode2Config                  0x080021a5   Thumb Code    32  stm32f4xx_tim.o(.text)
    TIM_SelectOutputTrigger                  0x080021c5   Thumb Code    18  stm32f4xx_tim.o(.text)
    TIM_SelectSlaveMode                      0x080021d7   Thumb Code    18  stm32f4xx_tim.o(.text)
    TIM_SelectMasterSlaveMode                0x080021e9   Thumb Code    18  stm32f4xx_tim.o(.text)
    TIM_EncoderInterfaceConfig               0x080021fb   Thumb Code    66  stm32f4xx_tim.o(.text)
    TIM_SelectHallSensor                     0x0800223d   Thumb Code    24  stm32f4xx_tim.o(.text)
    TIM_RemapConfig                          0x08002255   Thumb Code     6  stm32f4xx_tim.o(.text)
    USART_DeInit                             0x0800225d   Thumb Code   206  stm32f4xx_usart.o(.text)
    USART_Init                               0x0800232b   Thumb Code   204  stm32f4xx_usart.o(.text)
    USART_StructInit                         0x080023f7   Thumb Code    24  stm32f4xx_usart.o(.text)
    USART_ClockInit                          0x0800240f   Thumb Code    32  stm32f4xx_usart.o(.text)
    USART_ClockStructInit                    0x0800242f   Thumb Code    12  stm32f4xx_usart.o(.text)
    USART_Cmd                                0x0800243b   Thumb Code    24  stm32f4xx_usart.o(.text)
    USART_SetPrescaler                       0x08002453   Thumb Code    16  stm32f4xx_usart.o(.text)
    USART_OverSampling8Cmd                   0x08002463   Thumb Code    22  stm32f4xx_usart.o(.text)
    USART_OneBitMethodCmd                    0x08002479   Thumb Code    24  stm32f4xx_usart.o(.text)
    USART_SendData                           0x08002491   Thumb Code     8  stm32f4xx_usart.o(.text)
    USART_ReceiveData                        0x08002499   Thumb Code    10  stm32f4xx_usart.o(.text)
    USART_SetAddress                         0x080024a3   Thumb Code    18  stm32f4xx_usart.o(.text)
    USART_ReceiverWakeUpCmd                  0x080024b5   Thumb Code    24  stm32f4xx_usart.o(.text)
    USART_WakeUpConfig                       0x080024cd   Thumb Code    18  stm32f4xx_usart.o(.text)
    USART_LINBreakDetectLengthConfig         0x080024df   Thumb Code    18  stm32f4xx_usart.o(.text)
    USART_LINCmd                             0x080024f1   Thumb Code    24  stm32f4xx_usart.o(.text)
    USART_SendBreak                          0x08002509   Thumb Code    10  stm32f4xx_usart.o(.text)
    USART_HalfDuplexCmd                      0x08002513   Thumb Code    24  stm32f4xx_usart.o(.text)
    USART_SetGuardTime                       0x0800252b   Thumb Code    16  stm32f4xx_usart.o(.text)
    USART_SmartCardCmd                       0x0800253b   Thumb Code    24  stm32f4xx_usart.o(.text)
    USART_SmartCardNACKCmd                   0x08002553   Thumb Code    24  stm32f4xx_usart.o(.text)
    USART_IrDAConfig                         0x0800256b   Thumb Code    18  stm32f4xx_usart.o(.text)
    USART_IrDACmd                            0x0800257d   Thumb Code    24  stm32f4xx_usart.o(.text)
    USART_DMACmd                             0x08002595   Thumb Code    18  stm32f4xx_usart.o(.text)
    USART_ITConfig                           0x080025a7   Thumb Code    74  stm32f4xx_usart.o(.text)
    USART_GetFlagStatus                      0x080025f1   Thumb Code    26  stm32f4xx_usart.o(.text)
    USART_ClearFlag                          0x0800260b   Thumb Code    18  stm32f4xx_usart.o(.text)
    USART_GetITStatus                        0x0800261d   Thumb Code   118  stm32f4xx_usart.o(.text)
    USART_ClearITPendingBit                  0x08002693   Thumb Code    30  stm32f4xx_usart.o(.text)
    _sys_exit                                0x080026b1   Thumb Code     6  usart.o(.text)
    fputc                                    0x080026b7   Thumb Code    22  usart.o(.text)
    uart_init                                0x080026cd   Thumb Code   172  usart.o(.text)
    USART1_IRQHandler                        0x08002779   Thumb Code    30  usart.o(.text)
    buzzer_off                               0x080027a5   Thumb Code    12  buzzer.o(.text)
    buzzer_init                              0x080027b1   Thumb Code   152  buzzer.o(.text)
    buzzer_on                                0x08002849   Thumb Code    40  buzzer.o(.text)
    get_note_period                          0x08002871   Thumb Code    54  buzzer.o(.text)
    buzzer_set_note_period                   0x080028a7   Thumb Code    32  buzzer.o(.text)
    buzzer_check                             0x080028c7   Thumb Code   280  buzzer.o(.text)
    buzzer_stop_song                         0x080029df   Thumb Code     8  buzzer.o(.text)
    buzzer_control                           0x080029e7   Thumb Code    42  buzzer.o(.text)
    buzzer_set_volume                        0x08002a11   Thumb Code    12  buzzer.o(.text)
    buzzer_play_song                         0x08002a1d   Thumb Code    84  buzzer.o(.text)
    AF_config                                0x08002abd   Thumb Code   190  gpio.o(.text)
    LED_gpio_rcc_init                        0x08002b7b   Thumb Code   156  gpio.o(.text)
    gpio_init                                0x08002c17   Thumb Code    54  gpio.o(.text)
    timer_gpio_init                          0x08002c4d   Thumb Code    48  gpio.o(.text)
    BUTTON_init                              0x08002c7d   Thumb Code    44  gpio.o(.text)
    gpio_read_input                          0x08002ca9   Thumb Code    14  gpio.o(.text)
    gpio_write                               0x08002cb7   Thumb Code    18  gpio.o(.text)
    SysTick_Init                             0x08002cc9   Thumb Code    88  ticks.o(.text)
    TimeTick_Decrement                       0x08002d21   Thumb Code    18  ticks.o(.text)
    TimeTick_Increment                       0x08002d33   Thumb Code    30  ticks.o(.text)
    get_us_ticks                             0x08002d51   Thumb Code     6  ticks.o(.text)
    get_ms_ticks                             0x08002d57   Thumb Code    14  ticks.o(.text)
    delay_nus                                0x08002d65   Thumb Code    16  ticks.o(.text)
    delay_1ms                                0x08002d75   Thumb Code    20  ticks.o(.text)
    delay_nms                                0x08002d89   Thumb Code    20  ticks.o(.text)
    timer_rcc_init                           0x08002db9   Thumb Code   228  timer.o(.text)
    timer_init                               0x08002e9d   Thumb Code    54  timer.o(.text)
    pwm_timer_init                           0x08002ed3   Thumb Code   172  timer.o(.text)
    button_init                              0x08002fb5   Thumb Code    24  button.o(.text)
    button_read                              0x08002fcd   Thumb Code    12  button.o(.text)
    button_update                            0x08002fd9   Thumb Code    72  button.o(.text)
    LED_init                                 0x08003039   Thumb Code    64  led.o(.text)
    LED_control                              0x08003079   Thumb Code    30  led.o(.text)
    tft_spi_init                             0x0800309d   Thumb Code   180  1.8 tft_display.o(.text)
    tft_write_command                        0x08003151   Thumb Code    76  1.8 tft_display.o(.text)
    tft_write_data                           0x0800319d   Thumb Code    76  1.8 tft_display.o(.text)
    tft_config                               0x080031e9   Thumb Code   514  1.8 tft_display.o(.text)
    tft_reset                                0x080033eb   Thumb Code    36  1.8 tft_display.o(.text)
    tft_fill_color                           0x0800340f   Thumb Code    98  1.8 tft_display.o(.text)
    tft_set_special_color                    0x08003471   Thumb Code     6  1.8 tft_display.o(.text)
    tft_set_text_color                       0x08003477   Thumb Code    42  1.8 tft_display.o(.text)
    tft_set_bg_color                         0x080034a1   Thumb Code     6  1.8 tft_display.o(.text)
    tft_init                                 0x080034a7   Thumb Code   172  1.8 tft_display.o(.text)
    tft_enable                               0x08003553   Thumb Code     8  1.8 tft_display.o(.text)
    tft_disable                              0x0800355b   Thumb Code     8  1.8 tft_display.o(.text)
    tft_get_bg_color                         0x08003563   Thumb Code     6  1.8 tft_display.o(.text)
    tft_get_text_color                       0x08003569   Thumb Code     6  1.8 tft_display.o(.text)
    tft_get_special_text_color               0x0800356f   Thumb Code     6  1.8 tft_display.o(.text)
    tft_get_orientation                      0x08003575   Thumb Code     6  1.8 tft_display.o(.text)
    tft_force_clear                          0x0800357b   Thumb Code    86  1.8 tft_display.o(.text)
    tft_set_orientation                      0x080035d1   Thumb Code    28  1.8 tft_display.o(.text)
    tft_get_max_x_char                       0x080035ed   Thumb Code    24  1.8 tft_display.o(.text)
    tft_get_max_y_char                       0x08003605   Thumb Code    24  1.8 tft_display.o(.text)
    tft_set_pixel_pos                        0x0800361d   Thumb Code    78  1.8 tft_display.o(.text)
    tft_set_char_pos                         0x0800366b   Thumb Code    82  1.8 tft_display.o(.text)
    tft_clear_line                           0x080036bd   Thumb Code    68  1.8 tft_display.o(.text)
    tft_clear                                0x08003701   Thumb Code    22  1.8 tft_display.o(.text)
    tft_toggle                               0x08003717   Thumb Code    34  1.8 tft_display.o(.text)
    tft_put_pixel                            0x08003739   Thumb Code   100  1.8 tft_display.o(.text)
    tft_char_is_changed                      0x0800379d   Thumb Code   186  1.8 tft_display.o(.text)
    tft_prints                               0x08003857   Thumb Code   268  1.8 tft_display.o(.text)
    tft_update                               0x08003963   Thumb Code  1454  1.8 tft_display.o(.text)
    __use_no_semihosting                     0x08003f21   Thumb Code     2  use_no_semi_2.o(.text)
    __c89vsprintf                            0x08003f25   Thumb Code    32  c89vsprintf.o(.text)
    __2printf                                0x08003f49   Thumb Code    20  __2printf.o(.text)
    _printf_str                              0x08003f61   Thumb Code    82  _printf_str.o(.text)
    _printf_int_dec                          0x08003fb5   Thumb Code   104  _printf_dec.o(.text)
    __printf                                 0x0800402d   Thumb Code   388  __printf_flags_ss_wp.o(.text)
    __use_two_region_memory                  0x080041b5   Thumb Code     2  heapauxi.o(.text)
    __rt_heap_escrow$2region                 0x080041b7   Thumb Code     2  heapauxi.o(.text)
    __rt_heap_expand$2region                 0x080041b9   Thumb Code     2  heapauxi.o(.text)
    __I$use$semihosting                      0x080041bb   Thumb Code     0  use_no_semi.o(.text)
    __use_no_semihosting_swi                 0x080041bb   Thumb Code     2  use_no_semi.o(.text)
    _printf_pre_padding                      0x080041bd   Thumb Code    44  _printf_pad.o(.text)
    _printf_post_padding                     0x080041e9   Thumb Code    34  _printf_pad.o(.text)
    _printf_truncate_signed                  0x0800420b   Thumb Code    18  _printf_truncate.o(.text)
    _printf_truncate_unsigned                0x0800421d   Thumb Code    18  _printf_truncate.o(.text)
    _printf_int_common                       0x0800422f   Thumb Code   178  _printf_intcommon.o(.text)
    _printf_charcount                        0x080042e1   Thumb Code    40  _printf_charcount.o(.text)
    _printf_char_common                      0x08004313   Thumb Code    32  _printf_char_common.o(.text)
    _sputc                                   0x08004339   Thumb Code    10  _sputc.o(.text)
    _printf_cs_common                        0x08004343   Thumb Code    20  _printf_char.o(.text)
    _printf_char                             0x08004357   Thumb Code    16  _printf_char.o(.text)
    _printf_string                           0x08004367   Thumb Code     8  _printf_char.o(.text)
    _printf_char_file                        0x08004371   Thumb Code    32  _printf_char_file.o(.text)
    _printf_wctomb                           0x08004395   Thumb Code   182  _printf_wctomb.o(.text)
    _printf_longlong_dec                     0x08004451   Thumb Code   108  _printf_longlong_dec.o(.text)
    _printf_longlong_oct                     0x080044cd   Thumb Code    68  _printf_oct_int_ll.o(.text)
    _printf_int_oct                          0x08004511   Thumb Code    24  _printf_oct_int_ll.o(.text)
    _printf_ll_oct                           0x08004529   Thumb Code    12  _printf_oct_int_ll.o(.text)
    _printf_longlong_hex                     0x0800453d   Thumb Code    86  _printf_hex_int_ll_ptr.o(.text)
    _printf_int_hex                          0x08004593   Thumb Code    28  _printf_hex_int_ll_ptr.o(.text)
    _printf_ll_hex                           0x080045af   Thumb Code    12  _printf_hex_int_ll_ptr.o(.text)
    _printf_hex_ptr                          0x080045bb   Thumb Code    18  _printf_hex_int_ll_ptr.o(.text)
    _ll_udiv10                               0x080045d1   Thumb Code   138  lludiv10.o(.text)
    __lib_sel_fp_printf                      0x0800465b   Thumb Code     2  _printf_fp_dec.o(.text)
    _printf_fp_dec_real                      0x08004809   Thumb Code   620  _printf_fp_dec.o(.text)
    _printf_lcs_common                       0x08004a75   Thumb Code    20  _printf_wchar.o(.text)
    _printf_wchar                            0x08004a89   Thumb Code    16  _printf_wchar.o(.text)
    _printf_wstring                          0x08004a99   Thumb Code     8  _printf_wchar.o(.text)
    ferror                                   0x08004aa1   Thumb Code     8  ferror.o(.text)
    _wcrtomb                                 0x08004aa9   Thumb Code    64  _wcrtomb.o(.text)
    __user_setup_stackheap                   0x08004ae9   Thumb Code    74  sys_stackheap_outer.o(.text)
    __rt_ctype_table                         0x08004b35   Thumb Code    16  rt_ctype_table.o(.text)
    __rt_locale                              0x08004b45   Thumb Code     8  rt_locale_intlibspace.o(.text)
    _printf_fp_infnan                        0x08004b4d   Thumb Code   112  _printf_fp_infnan.o(.text)
    _btod_etento                             0x08004bcd   Thumb Code   216  bigflt0.o(.text)
    exit                                     0x08004ca9   Thumb Code    12  exit.o(.text)
    __user_libspace                          0x08004cb5   Thumb Code     8  libspace.o(.text)
    __user_perproc_libspace                  0x08004cb5   Thumb Code     0  libspace.o(.text)
    __user_perthread_libspace                0x08004cb5   Thumb Code     0  libspace.o(.text)
    strcmp                                   0x08004cbd   Thumb Code   128  strcmpv7m.o(.text)
    _btod_d2e                                0x08004d3d   Thumb Code    62  btod.o(CL$$btod_d2e)
    _d2e_denorm_low                          0x08004d7b   Thumb Code    70  btod.o(CL$$btod_d2e_denorm_low)
    _d2e_norm_op1                            0x08004dc1   Thumb Code    96  btod.o(CL$$btod_d2e_norm_op1)
    __btod_div_common                        0x08004e21   Thumb Code   696  btod.o(CL$$btod_div_common)
    _e2e                                     0x08005159   Thumb Code   198  btod.o(CL$$btod_e2e)
    _btod_ediv                               0x0800521f   Thumb Code    40  btod.o(CL$$btod_ediv)
    _btod_emul                               0x08005247   Thumb Code    40  btod.o(CL$$btod_emul)
    __btod_mult_common                       0x0800526f   Thumb Code   580  btod.o(CL$$btod_mult_common)
    __ARM_fpclassify                         0x080054b3   Thumb Code    48  fpclassify.o(i.__ARM_fpclassify)
    _is_digit                                0x080054e3   Thumb Code    14  __printf_wp.o(i._is_digit)
    _get_lc_numeric                          0x080054f1   Thumb Code    44  lc_numeric_c.o(locale$$code)
    _get_lc_ctype                            0x0800551d   Thumb Code    44  lc_ctype_c.o(locale$$code)
    _fp_init                                 0x08005549   Thumb Code    10  fpinit.o(x$fpl$fpinit)
    __fplib_config_fpu_vfp                   0x08005551   Thumb Code     0  fpinit.o(x$fpl$fpinit)
    __fplib_config_pureend_doubles           0x08005551   Thumb Code     0  fpinit.o(x$fpl$fpinit)
    _printf_fp_dec                           0x08005553   Thumb Code     4  printf1.o(x$fpl$printf1)
    __I$use$fp                               0x08005556   Number         0  usenofp.o(x$fpl$usenofp)
    PA0                                      0x08005558   Data           8  gpio.o(.constdata)
    PA1                                      0x08005560   Data           8  gpio.o(.constdata)
    PA2                                      0x08005568   Data           8  gpio.o(.constdata)
    PA3                                      0x08005570   Data           8  gpio.o(.constdata)
    PA4                                      0x08005578   Data           8  gpio.o(.constdata)
    PA5                                      0x08005580   Data           8  gpio.o(.constdata)
    PA6                                      0x08005588   Data           8  gpio.o(.constdata)
    PA7                                      0x08005590   Data           8  gpio.o(.constdata)
    PA8                                      0x08005598   Data           8  gpio.o(.constdata)
    PA9                                      0x080055a0   Data           8  gpio.o(.constdata)
    PA10                                     0x080055a8   Data           8  gpio.o(.constdata)
    PA11                                     0x080055b0   Data           8  gpio.o(.constdata)
    PA12                                     0x080055b8   Data           8  gpio.o(.constdata)
    PA13                                     0x080055c0   Data           8  gpio.o(.constdata)
    PA14                                     0x080055c8   Data           8  gpio.o(.constdata)
    PA15                                     0x080055d0   Data           8  gpio.o(.constdata)
    PB0                                      0x080055d8   Data           8  gpio.o(.constdata)
    PB1                                      0x080055e0   Data           8  gpio.o(.constdata)
    PB2                                      0x080055e8   Data           8  gpio.o(.constdata)
    PB3                                      0x080055f0   Data           8  gpio.o(.constdata)
    PB4                                      0x080055f8   Data           8  gpio.o(.constdata)
    PB5                                      0x08005600   Data           8  gpio.o(.constdata)
    PB6                                      0x08005608   Data           8  gpio.o(.constdata)
    PB7                                      0x08005610   Data           8  gpio.o(.constdata)
    PB8                                      0x08005618   Data           8  gpio.o(.constdata)
    PB9                                      0x08005620   Data           8  gpio.o(.constdata)
    PB10                                     0x08005628   Data           8  gpio.o(.constdata)
    PB11                                     0x08005630   Data           8  gpio.o(.constdata)
    PB12                                     0x08005638   Data           8  gpio.o(.constdata)
    PB13                                     0x08005640   Data           8  gpio.o(.constdata)
    PB14                                     0x08005648   Data           8  gpio.o(.constdata)
    PB15                                     0x08005650   Data           8  gpio.o(.constdata)
    PC0                                      0x08005658   Data           8  gpio.o(.constdata)
    PC1                                      0x08005660   Data           8  gpio.o(.constdata)
    PC2                                      0x08005668   Data           8  gpio.o(.constdata)
    PC3                                      0x08005670   Data           8  gpio.o(.constdata)
    PC4                                      0x08005678   Data           8  gpio.o(.constdata)
    PC5                                      0x08005680   Data           8  gpio.o(.constdata)
    PC6                                      0x08005688   Data           8  gpio.o(.constdata)
    PC7                                      0x08005690   Data           8  gpio.o(.constdata)
    PC8                                      0x08005698   Data           8  gpio.o(.constdata)
    PC9                                      0x080056a0   Data           8  gpio.o(.constdata)
    PC10                                     0x080056a8   Data           8  gpio.o(.constdata)
    PC11                                     0x080056b0   Data           8  gpio.o(.constdata)
    PC12                                     0x080056b8   Data           8  gpio.o(.constdata)
    PC13                                     0x080056c0   Data           8  gpio.o(.constdata)
    PC14                                     0x080056c8   Data           8  gpio.o(.constdata)
    PC15                                     0x080056d0   Data           8  gpio.o(.constdata)
    PD0                                      0x080056d8   Data           8  gpio.o(.constdata)
    PD1                                      0x080056e0   Data           8  gpio.o(.constdata)
    PD2                                      0x080056e8   Data           8  gpio.o(.constdata)
    PD3                                      0x080056f0   Data           8  gpio.o(.constdata)
    PD4                                      0x080056f8   Data           8  gpio.o(.constdata)
    PD5                                      0x08005700   Data           8  gpio.o(.constdata)
    PD6                                      0x08005708   Data           8  gpio.o(.constdata)
    PD7                                      0x08005710   Data           8  gpio.o(.constdata)
    PD8                                      0x08005718   Data           8  gpio.o(.constdata)
    PD9                                      0x08005720   Data           8  gpio.o(.constdata)
    PD10                                     0x08005728   Data           8  gpio.o(.constdata)
    PD11                                     0x08005730   Data           8  gpio.o(.constdata)
    PD12                                     0x08005738   Data           8  gpio.o(.constdata)
    PD13                                     0x08005740   Data           8  gpio.o(.constdata)
    PD14                                     0x08005748   Data           8  gpio.o(.constdata)
    PD15                                     0x08005750   Data           8  gpio.o(.constdata)
    PE0                                      0x08005758   Data           8  gpio.o(.constdata)
    PE1                                      0x08005760   Data           8  gpio.o(.constdata)
    PE2                                      0x08005768   Data           8  gpio.o(.constdata)
    PE3                                      0x08005770   Data           8  gpio.o(.constdata)
    PE4                                      0x08005778   Data           8  gpio.o(.constdata)
    PE5                                      0x08005780   Data           8  gpio.o(.constdata)
    PE6                                      0x08005788   Data           8  gpio.o(.constdata)
    PE7                                      0x08005790   Data           8  gpio.o(.constdata)
    PE8                                      0x08005798   Data           8  gpio.o(.constdata)
    PE9                                      0x080057a0   Data           8  gpio.o(.constdata)
    PE10                                     0x080057a8   Data           8  gpio.o(.constdata)
    PE11                                     0x080057b0   Data           8  gpio.o(.constdata)
    PE12                                     0x080057b8   Data           8  gpio.o(.constdata)
    PE13                                     0x080057c0   Data           8  gpio.o(.constdata)
    PE14                                     0x080057c8   Data           8  gpio.o(.constdata)
    PE15                                     0x080057d0   Data           8  gpio.o(.constdata)
    PF0                                      0x080057d8   Data           8  gpio.o(.constdata)
    PF1                                      0x080057e0   Data           8  gpio.o(.constdata)
    PF2                                      0x080057e8   Data           8  gpio.o(.constdata)
    PF3                                      0x080057f0   Data           8  gpio.o(.constdata)
    PF4                                      0x080057f8   Data           8  gpio.o(.constdata)
    PF5                                      0x08005800   Data           8  gpio.o(.constdata)
    PF6                                      0x08005808   Data           8  gpio.o(.constdata)
    PF7                                      0x08005810   Data           8  gpio.o(.constdata)
    PF8                                      0x08005818   Data           8  gpio.o(.constdata)
    PF9                                      0x08005820   Data           8  gpio.o(.constdata)
    PF10                                     0x08005828   Data           8  gpio.o(.constdata)
    PF11                                     0x08005830   Data           8  gpio.o(.constdata)
    PF12                                     0x08005838   Data           8  gpio.o(.constdata)
    PF13                                     0x08005840   Data           8  gpio.o(.constdata)
    PF14                                     0x08005848   Data           8  gpio.o(.constdata)
    PF15                                     0x08005850   Data           8  gpio.o(.constdata)
    PG0                                      0x08005858   Data           8  gpio.o(.constdata)
    PG1                                      0x08005860   Data           8  gpio.o(.constdata)
    PG2                                      0x08005868   Data           8  gpio.o(.constdata)
    PG3                                      0x08005870   Data           8  gpio.o(.constdata)
    PG4                                      0x08005878   Data           8  gpio.o(.constdata)
    PG5                                      0x08005880   Data           8  gpio.o(.constdata)
    PG6                                      0x08005888   Data           8  gpio.o(.constdata)
    PG7                                      0x08005890   Data           8  gpio.o(.constdata)
    PG8                                      0x08005898   Data           8  gpio.o(.constdata)
    PG9                                      0x080058a0   Data           8  gpio.o(.constdata)
    PG10                                     0x080058a8   Data           8  gpio.o(.constdata)
    PG11                                     0x080058b0   Data           8  gpio.o(.constdata)
    PG12                                     0x080058b8   Data           8  gpio.o(.constdata)
    PG13                                     0x080058c0   Data           8  gpio.o(.constdata)
    PG14                                     0x080058c8   Data           8  gpio.o(.constdata)
    PG15                                     0x080058d0   Data           8  gpio.o(.constdata)
    START_UP                                 0x080058d8   Data          12  buzzer_song.o(.constdata)
    SUCCESSFUL_SOUND                         0x080058e4   Data           8  buzzer_song.o(.constdata)
    FAIL_SOUND                               0x080058ec   Data           6  buzzer_song.o(.constdata)
    CLICK_LEFT                               0x080058f2   Data           4  buzzer_song.o(.constdata)
    CLICK_RIGHT                              0x080058f6   Data           4  buzzer_song.o(.constdata)
    CLICK_DOWN                               0x080058fa   Data           4  buzzer_song.o(.constdata)
    CLICK_UP                                 0x080058fe   Data           4  buzzer_song.o(.constdata)
    CLICK_CENTER                             0x08005902   Data           4  buzzer_song.o(.constdata)
    CLICK_SMALL_BUTTON                       0x08005906   Data           4  buzzer_song.o(.constdata)
    CLICK_MUSIC                              0x0800590a   Data           4  buzzer_song.o(.constdata)
    BIRTHDAY_SONG                            0x0800590e   Data         144  buzzer_song.o(.constdata)
    Region$$Table$$Base                      0x08005a74   Number         0  anon$$obj.o(Region$$Table)
    Region$$Table$$Limit                     0x08005a94   Number         0  anon$$obj.o(Region$$Table)
    __ctype                                  0x08005abd   Data           0  lc_ctype_c.o(locale$$data)
    minute                                   0x20001000   Data           1  main.o(.data)
    second                                   0x20001001   Data           1  main.o(.data)
    hour                                     0x20001002   Data           1  main.o(.data)
    ms                                       0x20001004   Data           2  main.o(.data)
    SystemCoreClock                          0x20001010   Data           4  system_stm32f4xx.o(.data)
    AHBPrescTable                            0x20001014   Data          16  system_stm32f4xx.o(.data)
    __stdout                                 0x20001034   Data           4  usart.o(.data)
    USART_RX_STA                             0x20001038   Data           2  usart.o(.data)
    curr_bg_color                            0x20002078   Data           2  1.8 tft_display.o(.data)
    curr_text_color                          0x2000207a   Data           2  1.8 tft_display.o(.data)
    curr_text_color_sp                       0x2000207c   Data           2  1.8 tft_display.o(.data)
    tft_orientation                          0x2000207e   Data           1  1.8 tft_display.o(.data)
    tft_enabled                              0x2000207f   Data           1  1.8 tft_display.o(.data)
    print_pos                                0x20002080   Data           2  1.8 tft_display.o(.data)
    text                                     0x200020ce   Data         200  1.8 tft_display.o(.bss)
    text_prev                                0x20002196   Data         200  1.8 tft_display.o(.bss)
    text_color                               0x2000225e   Data         400  1.8 tft_display.o(.bss)
    text_color_prev                          0x200023ee   Data         400  1.8 tft_display.o(.bss)
    bg_color                                 0x2000257e   Data         400  1.8 tft_display.o(.bss)
    bg_color_prev                            0x2000270e   Data         400  1.8 tft_display.o(.bss)
    text_bg_color_prev                       0x2000289e   Data         200  1.8 tft_display.o(.bss)
    __libspace_start                         0x20002968   Data          96  libspace.o(.bss)
    __temporary_stack_top$libspace           0x200029c8   Data           0  libspace.o(.bss)



==============================================================================

Memory Map of the image

  Image Entry point : 0x08000189

  Load Region LR_IROM1 (Base: 0x08000000, Size: 0x00007c44, Max: 0x00100000, ABSOLUTE, COMPRESSED[0x000062bc])

    Execution Region ER_IROM1 (Base: 0x08000000, Size: 0x00005bc0, Max: 0x00100000, ABSOLUTE)

    Base Addr    Size         Type   Attr      Idx    E Section Name        Object

    0x08000000   0x00000188   Data   RO          273    RESET               startup_stm32f40_41xxx.o
    0x08000188   0x00000008   Code   RO         1642  * !!!main             c_w.l(__main.o)
    0x08000190   0x00000034   Code   RO         1954    !!!scatter          c_w.l(__scatter.o)
    0x080001c4   0x00000064   Code   RO         1952    !!dclz77c           c_w.l(__dclz77c.o)
    0x08000228   0x0000001c   Code   RO         1956    !!handler_zi        c_w.l(__scatter_zi.o)
    0x08000244   0x00000000   Code   RO         1639    .ARM.Collect$$_printf_percent$$00000000  c_w.l(_printf_percent.o)
    0x08000244   0x00000006   Code   RO         1714    .ARM.Collect$$_printf_percent$$00000001  c_w.l(_printf_n.o)
    0x0800024a   0x00000006   Code   RO         1716    .ARM.Collect$$_printf_percent$$00000002  c_w.l(_printf_p.o)
    0x08000250   0x00000006   Code   RO         1720    .ARM.Collect$$_printf_percent$$00000003  c_w.l(_printf_f.o)
    0x08000256   0x00000006   Code   RO         1721    .ARM.Collect$$_printf_percent$$00000004  c_w.l(_printf_e.o)
    0x0800025c   0x00000006   Code   RO         1722    .ARM.Collect$$_printf_percent$$00000005  c_w.l(_printf_g.o)
    0x08000262   0x00000006   Code   RO         1723    .ARM.Collect$$_printf_percent$$00000006  c_w.l(_printf_a.o)
    0x08000268   0x0000000a   Code   RO         1728    .ARM.Collect$$_printf_percent$$00000007  c_w.l(_printf_ll.o)
    0x08000272   0x00000006   Code   RO         1718    .ARM.Collect$$_printf_percent$$00000008  c_w.l(_printf_i.o)
    0x08000278   0x00000006   Code   RO         1638    .ARM.Collect$$_printf_percent$$00000009  c_w.l(_printf_d.o)
    0x0800027e   0x00000006   Code   RO         1719    .ARM.Collect$$_printf_percent$$0000000A  c_w.l(_printf_u.o)
    0x08000284   0x00000006   Code   RO         1717    .ARM.Collect$$_printf_percent$$0000000B  c_w.l(_printf_o.o)
    0x0800028a   0x00000006   Code   RO         1715    .ARM.Collect$$_printf_percent$$0000000C  c_w.l(_printf_x.o)
    0x08000290   0x00000006   Code   RO         1725    .ARM.Collect$$_printf_percent$$0000000D  c_w.l(_printf_lli.o)
    0x08000296   0x00000006   Code   RO         1726    .ARM.Collect$$_printf_percent$$0000000E  c_w.l(_printf_lld.o)
    0x0800029c   0x00000006   Code   RO         1727    .ARM.Collect$$_printf_percent$$0000000F  c_w.l(_printf_llu.o)
    0x080002a2   0x00000006   Code   RO         1732    .ARM.Collect$$_printf_percent$$00000010  c_w.l(_printf_llo.o)
    0x080002a8   0x00000006   Code   RO         1733    .ARM.Collect$$_printf_percent$$00000011  c_w.l(_printf_llx.o)
    0x080002ae   0x0000000a   Code   RO         1729    .ARM.Collect$$_printf_percent$$00000012  c_w.l(_printf_l.o)
    0x080002b8   0x00000006   Code   RO         1637    .ARM.Collect$$_printf_percent$$00000013  c_w.l(_printf_c.o)
    0x080002be   0x00000006   Code   RO         1713    .ARM.Collect$$_printf_percent$$00000014  c_w.l(_printf_s.o)
    0x080002c4   0x00000006   Code   RO         1730    .ARM.Collect$$_printf_percent$$00000015  c_w.l(_printf_lc.o)
    0x080002ca   0x00000006   Code   RO         1731    .ARM.Collect$$_printf_percent$$00000016  c_w.l(_printf_ls.o)
    0x080002d0   0x00000004   Code   RO         1724    .ARM.Collect$$_printf_percent$$00000017  c_w.l(_printf_percent_end.o)
    0x080002d4   0x00000002   Code   RO         1818    .ARM.Collect$$libinit$$00000000  c_w.l(libinit.o)
    0x080002d6   0x00000004   Code   RO         1833    .ARM.Collect$$libinit$$00000001  c_w.l(libinit2.o)
    0x080002da   0x00000000   Code   RO         1836    .ARM.Collect$$libinit$$00000004  c_w.l(libinit2.o)
    0x080002da   0x00000000   Code   RO         1839    .ARM.Collect$$libinit$$0000000A  c_w.l(libinit2.o)
    0x080002da   0x00000000   Code   RO         1841    .ARM.Collect$$libinit$$0000000C  c_w.l(libinit2.o)
    0x080002da   0x00000000   Code   RO         1843    .ARM.Collect$$libinit$$0000000E  c_w.l(libinit2.o)
    0x080002da   0x00000006   Code   RO         1844    .ARM.Collect$$libinit$$0000000F  c_w.l(libinit2.o)
    0x080002e0   0x00000000   Code   RO         1846    .ARM.Collect$$libinit$$00000011  c_w.l(libinit2.o)
    0x080002e0   0x0000000c   Code   RO         1847    .ARM.Collect$$libinit$$00000012  c_w.l(libinit2.o)
    0x080002ec   0x00000000   Code   RO         1848    .ARM.Collect$$libinit$$00000013  c_w.l(libinit2.o)
    0x080002ec   0x00000000   Code   RO         1850    .ARM.Collect$$libinit$$00000015  c_w.l(libinit2.o)
    0x080002ec   0x0000000a   Code   RO         1851    .ARM.Collect$$libinit$$00000016  c_w.l(libinit2.o)
    0x080002f6   0x00000000   Code   RO         1852    .ARM.Collect$$libinit$$00000017  c_w.l(libinit2.o)
    0x080002f6   0x00000000   Code   RO         1854    .ARM.Collect$$libinit$$00000019  c_w.l(libinit2.o)
    0x080002f6   0x00000000   Code   RO         1856    .ARM.Collect$$libinit$$0000001B  c_w.l(libinit2.o)
    0x080002f6   0x00000000   Code   RO         1858    .ARM.Collect$$libinit$$0000001D  c_w.l(libinit2.o)
    0x080002f6   0x00000000   Code   RO         1860    .ARM.Collect$$libinit$$0000001F  c_w.l(libinit2.o)
    0x080002f6   0x00000000   Code   RO         1862    .ARM.Collect$$libinit$$00000021  c_w.l(libinit2.o)
    0x080002f6   0x00000000   Code   RO         1864    .ARM.Collect$$libinit$$00000023  c_w.l(libinit2.o)
    0x080002f6   0x00000000   Code   RO         1866    .ARM.Collect$$libinit$$00000025  c_w.l(libinit2.o)
    0x080002f6   0x00000000   Code   RO         1870    .ARM.Collect$$libinit$$0000002C  c_w.l(libinit2.o)
    0x080002f6   0x00000000   Code   RO         1872    .ARM.Collect$$libinit$$0000002E  c_w.l(libinit2.o)
    0x080002f6   0x00000000   Code   RO         1874    .ARM.Collect$$libinit$$00000030  c_w.l(libinit2.o)
    0x080002f6   0x00000000   Code   RO         1876    .ARM.Collect$$libinit$$00000032  c_w.l(libinit2.o)
    0x080002f6   0x00000002   Code   RO         1877    .ARM.Collect$$libinit$$00000033  c_w.l(libinit2.o)
    0x080002f8   0x00000002   Code   RO         1895    .ARM.Collect$$libshutdown$$00000000  c_w.l(libshutdown.o)
    0x080002fa   0x00000000   Code   RO         1906    .ARM.Collect$$libshutdown$$00000003  c_w.l(libshutdown2.o)
    0x080002fa   0x00000000   Code   RO         1909    .ARM.Collect$$libshutdown$$00000006  c_w.l(libshutdown2.o)
    0x080002fa   0x00000000   Code   RO         1912    .ARM.Collect$$libshutdown$$00000009  c_w.l(libshutdown2.o)
    0x080002fa   0x00000000   Code   RO         1914    .ARM.Collect$$libshutdown$$0000000B  c_w.l(libshutdown2.o)
    0x080002fa   0x00000000   Code   RO         1917    .ARM.Collect$$libshutdown$$0000000E  c_w.l(libshutdown2.o)
    0x080002fa   0x00000002   Code   RO         1918    .ARM.Collect$$libshutdown$$0000000F  c_w.l(libshutdown2.o)
    0x080002fc   0x00000000   Code   RO         1664    .ARM.Collect$$rtentry$$00000000  c_w.l(__rtentry.o)
    0x080002fc   0x00000000   Code   RO         1744    .ARM.Collect$$rtentry$$00000002  c_w.l(__rtentry2.o)
    0x080002fc   0x00000006   Code   RO         1756    .ARM.Collect$$rtentry$$00000004  c_w.l(__rtentry4.o)
    0x08000302   0x00000000   Code   RO         1746    .ARM.Collect$$rtentry$$00000009  c_w.l(__rtentry2.o)
    0x08000302   0x00000004   Code   RO         1747    .ARM.Collect$$rtentry$$0000000A  c_w.l(__rtentry2.o)
    0x08000306   0x00000000   Code   RO         1749    .ARM.Collect$$rtentry$$0000000C  c_w.l(__rtentry2.o)
    0x08000306   0x00000008   Code   RO         1750    .ARM.Collect$$rtentry$$0000000D  c_w.l(__rtentry2.o)
    0x0800030e   0x00000002   Code   RO         1826    .ARM.Collect$$rtexit$$00000000  c_w.l(rtexit.o)
    0x08000310   0x00000000   Code   RO         1879    .ARM.Collect$$rtexit$$00000002  c_w.l(rtexit2.o)
    0x08000310   0x00000004   Code   RO         1880    .ARM.Collect$$rtexit$$00000003  c_w.l(rtexit2.o)
    0x08000314   0x00000006   Code   RO         1881    .ARM.Collect$$rtexit$$00000004  c_w.l(rtexit2.o)
    0x0800031a   0x00000024   Code   RO            4    .text               stm32f4xx_it.o
    0x0800033e   0x00000002   PAD
    0x08000340   0x000001d8   Code   RO          151    .text               main.o
    0x08000518   0x00000210   Code   RO          244    .text               system_stm32f4xx.o
    0x08000728   0x00000040   Code   RO          274    .text               startup_stm32f40_41xxx.o
    0x08000768   0x000000e0   Code   RO          281    .text               misc.o
    0x08000848   0x00000294   Code   RO          724    .text               stm32f4xx_gpio.o
    0x08000adc   0x0000065c   Code   RO          919    .text               stm32f4xx_rcc.o
    0x08001138   0x00000480   Code   RO         1044    .text               stm32f4xx_spi.o
    0x080015b8   0x00000ca2   Code   RO         1092    .text               stm32f4xx_tim.o
    0x0800225a   0x00000002   PAD
    0x0800225c   0x00000454   Code   RO         1116    .text               stm32f4xx_usart.o
    0x080026b0   0x000000f4   Code   RO         1164    .text               usart.o
    0x080027a4   0x00000318   Code   RO         1202    .text               buzzer.o
    0x08002abc   0x0000020c   Code   RO         1236    .text               gpio.o
    0x08002cc8   0x000000f0   Code   RO         1266    .text               ticks.o
    0x08002db8   0x000001fc   Code   RO         1302    .text               timer.o
    0x08002fb4   0x00000084   Code   RO         1326    .text               button.o
    0x08003038   0x00000064   Code   RO         1360    .text               led.o
    0x0800309c   0x00000e84   Code   RO         1532    .text               1.8 tft_display.o
    0x08003f20   0x00000002   Code   RO         1603    .text               c_w.l(use_no_semi_2.o)
    0x08003f22   0x00000002   PAD
    0x08003f24   0x00000024   Code   RO         1605    .text               c_w.l(c89vsprintf.o)
    0x08003f48   0x00000018   Code   RO         1607    .text               c_w.l(__2printf.o)
    0x08003f60   0x00000052   Code   RO         1613    .text               c_w.l(_printf_str.o)
    0x08003fb2   0x00000002   PAD
    0x08003fb4   0x00000078   Code   RO         1615    .text               c_w.l(_printf_dec.o)
    0x0800402c   0x00000188   Code   RO         1634    .text               c_w.l(__printf_flags_ss_wp.o)
    0x080041b4   0x00000006   Code   RO         1640    .text               c_w.l(heapauxi.o)
    0x080041ba   0x00000002   Code   RO         1662    .text               c_w.l(use_no_semi.o)
    0x080041bc   0x0000004e   Code   RO         1665    .text               c_w.l(_printf_pad.o)
    0x0800420a   0x00000024   Code   RO         1667    .text               c_w.l(_printf_truncate.o)
    0x0800422e   0x000000b2   Code   RO         1669    .text               c_w.l(_printf_intcommon.o)
    0x080042e0   0x00000028   Code   RO         1671    .text               c_w.l(_printf_charcount.o)
    0x08004308   0x00000030   Code   RO         1673    .text               c_w.l(_printf_char_common.o)
    0x08004338   0x0000000a   Code   RO         1675    .text               c_w.l(_sputc.o)
    0x08004342   0x0000002c   Code   RO         1677    .text               c_w.l(_printf_char.o)
    0x0800436e   0x00000002   PAD
    0x08004370   0x00000024   Code   RO         1679    .text               c_w.l(_printf_char_file.o)
    0x08004394   0x000000bc   Code   RO         1681    .text               c_w.l(_printf_wctomb.o)
    0x08004450   0x0000007c   Code   RO         1684    .text               c_w.l(_printf_longlong_dec.o)
    0x080044cc   0x00000070   Code   RO         1690    .text               c_w.l(_printf_oct_int_ll.o)
    0x0800453c   0x00000094   Code   RO         1710    .text               c_w.l(_printf_hex_int_ll_ptr.o)
    0x080045d0   0x0000008a   Code   RO         1758    .text               c_w.l(lludiv10.o)
    0x0800465a   0x0000041a   Code   RO         1760    .text               c_w.l(_printf_fp_dec.o)
    0x08004a74   0x0000002c   Code   RO         1764    .text               c_w.l(_printf_wchar.o)
    0x08004aa0   0x00000008   Code   RO         1766    .text               c_w.l(ferror.o)
    0x08004aa8   0x00000040   Code   RO         1770    .text               c_w.l(_wcrtomb.o)
    0x08004ae8   0x0000004a   Code   RO         1772    .text               c_w.l(sys_stackheap_outer.o)
    0x08004b32   0x00000002   PAD
    0x08004b34   0x00000010   Code   RO         1774    .text               c_w.l(rt_ctype_table.o)
    0x08004b44   0x00000008   Code   RO         1779    .text               c_w.l(rt_locale_intlibspace.o)
    0x08004b4c   0x00000080   Code   RO         1781    .text               c_w.l(_printf_fp_infnan.o)
    0x08004bcc   0x000000dc   Code   RO         1783    .text               c_w.l(bigflt0.o)
    0x08004ca8   0x0000000c   Code   RO         1811    .text               c_w.l(exit.o)
    0x08004cb4   0x00000008   Code   RO         1823    .text               c_w.l(libspace.o)
    0x08004cbc   0x00000080   Code   RO         1831    .text               c_w.l(strcmpv7m.o)
    0x08004d3c   0x0000003e   Code   RO         1786    CL$$btod_d2e        c_w.l(btod.o)
    0x08004d7a   0x00000046   Code   RO         1788    CL$$btod_d2e_denorm_low  c_w.l(btod.o)
    0x08004dc0   0x00000060   Code   RO         1787    CL$$btod_d2e_norm_op1  c_w.l(btod.o)
    0x08004e20   0x00000338   Code   RO         1796    CL$$btod_div_common  c_w.l(btod.o)
    0x08005158   0x000000c6   Code   RO         1793    CL$$btod_e2e        c_w.l(btod.o)
    0x0800521e   0x00000028   Code   RO         1790    CL$$btod_ediv       c_w.l(btod.o)
    0x08005246   0x00000028   Code   RO         1789    CL$$btod_emul       c_w.l(btod.o)
    0x0800526e   0x00000244   Code   RO         1795    CL$$btod_mult_common  c_w.l(btod.o)
    0x080054b2   0x00000030   Code   RO         1821    i.__ARM_fpclassify  m_wm.l(fpclassify.o)
    0x080054e2   0x0000000e   Code   RO         1627    i._is_digit         c_w.l(__printf_wp.o)
    0x080054f0   0x0000002c   Code   RO         1809    locale$$code        c_w.l(lc_numeric_c.o)
    0x0800551c   0x0000002c   Code   RO         1829    locale$$code        c_w.l(lc_ctype_c.o)
    0x08005548   0x0000000a   Code   RO         1887    x$fpl$fpinit        fz_wm.l(fpinit.o)
    0x08005552   0x00000004   Code   RO         1740    x$fpl$printf1       fz_wm.l(printf1.o)
    0x08005556   0x00000000   Code   RO         1742    x$fpl$usenofp       fz_wm.l(usenofp.o)
    0x08005556   0x00000002   PAD
    0x08005558   0x00000380   Data   RO         1237    .constdata          gpio.o
    0x080058d8   0x000000c6   Data   RO         1387    .constdata          buzzer_song.o
    0x0800599e   0x00000011   Data   RO         1635    .constdata          c_w.l(__printf_flags_ss_wp.o)
    0x080059af   0x00000001   PAD
    0x080059b0   0x00000008   Data   RO         1682    .constdata          c_w.l(_printf_wctomb.o)
    0x080059b8   0x00000028   Data   RO         1711    .constdata          c_w.l(_printf_hex_int_ll_ptr.o)
    0x080059e0   0x00000094   Data   RO         1784    .constdata          c_w.l(bigflt0.o)
    0x08005a74   0x00000020   Data   RO         1950    Region$$Table       anon$$obj.o
    0x08005a94   0x0000001c   Data   RO         1808    locale$$data        c_w.l(lc_numeric_c.o)
    0x08005ab0   0x00000110   Data   RO         1828    locale$$data        c_w.l(lc_ctype_c.o)


    Execution Region RW_IRAM1 (Base: 0x20000000, Size: 0x00002fc8, Max: 0x00020000, ABSOLUTE, COMPRESSED[0x000006fc])

    Base Addr    Size         Type   Attr      Idx    E Section Name        Object

    0x20000000   0x00001010   Data   RW          153    .data               main.o
    0x20001010   0x00000014   Data   RW          245    .data               system_stm32f4xx.o
    0x20001024   0x00000010   Data   RW          920    .data               stm32f4xx_rcc.o
    0x20001034   0x00000006   Data   RW         1166    .data               usart.o
    0x2000103a   0x00000002   PAD
    0x2000103c   0x0000001a   Data   RW         1204    .data               buzzer.o
    0x20001056   0x00000002   PAD
    0x20001058   0x00000008   Data   RW         1267    .data               ticks.o
    0x20001060   0x00000018   Data   RW         1328    .data               button.o
    0x20001078   0x0000100a   Data   RW         1534    .data               1.8 tft_display.o
    0x20002082   0x00000002   PAD
    0x20002084   0x00000018   Zero   RW          152    .bss                main.o
    0x2000209c   0x0000001a   Zero   RW         1203    .bss                buzzer.o
    0x200020b6   0x00000018   Zero   RW         1327    .bss                button.o
    0x200020ce   0x00000898   Zero   RW         1533    .bss                1.8 tft_display.o
    0x20002966   0x00000002   PAD
    0x20002968   0x00000060   Zero   RW         1824    .bss                c_w.l(libspace.o)
    0x200029c8   0x00000200   Zero   RW          272    HEAP                startup_stm32f40_41xxx.o
    0x20002bc8   0x00000400   Zero   RW          271    STACK               startup_stm32f40_41xxx.o


==============================================================================

Image component sizes


      Code (inc. data)   RO Data    RW Data    ZI Data      Debug   Object Name

      3716        140          0       4106       2200       9763   1.8 tft_display.o
       132         24          0         24         24       1920   button.o
       792         76          0         26         26       6962   buzzer.o
         0          0        198          0          0       1000   buzzer_song.o
       524         12        896          0          0       5763   gpio.o
       100          6          0          0          0        987   led.o
       472        114          0       4112         24       3195   main.o
       224         20          0          0          0     231017   misc.o
        64         26        392          0       1536        852   startup_stm32f40_41xxx.o
       660         44          0          0          0       4121   stm32f4xx_gpio.o
        36          0          0          0          0     289506   stm32f4xx_it.o
      1628         52          0         16          0      12924   stm32f4xx_rcc.o
      1152         36          0          0          0       6873   stm32f4xx_spi.o
      3234         60          0          0          0      22328   stm32f4xx_tim.o
      1108         34          0          0          0       7824   stm32f4xx_usart.o
       528         46          0         20          0       1819   system_stm32f4xx.o
       240         28          0          8          0      28684   ticks.o
       508         54          0          0          0       1807   timer.o
       244         14          0          6          0       3479   usart.o

    ----------------------------------------------------------------------
     15366        786       1518       8324       3812     640824   Object Totals
         0          0         32          0          0          0   (incl. Generated)
         4          0          0          6          2          0   (incl. Padding)

    ----------------------------------------------------------------------

      Code (inc. data)   RO Data    RW Data    ZI Data      Debug   Library Member Name

        24          4          0          0          0         84   __2printf.o
       100          0          0          0          0          0   __dclz77c.o
         8          0          0          0          0         68   __main.o
       392          4         17          0          0         92   __printf_flags_ss_wp.o
        14          0          0          0          0         68   __printf_wp.o
         0          0          0          0          0          0   __rtentry.o
        12          0          0          0          0          0   __rtentry2.o
         6          0          0          0          0          0   __rtentry4.o
        52          8          0          0          0          0   __scatter.o
        28          0          0          0          0          0   __scatter_zi.o
         6          0          0          0          0          0   _printf_a.o
         6          0          0          0          0          0   _printf_c.o
        44          0          0          0          0        108   _printf_char.o
        48          6          0          0          0         96   _printf_char_common.o
        36          4          0          0          0         80   _printf_char_file.o
        40          0          0          0          0         68   _printf_charcount.o
         6          0          0          0          0          0   _printf_d.o
       120         16          0          0          0         92   _printf_dec.o
         6          0          0          0          0          0   _printf_e.o
         6          0          0          0          0          0   _printf_f.o
      1050          0          0          0          0        216   _printf_fp_dec.o
       128         16          0          0          0         84   _printf_fp_infnan.o
         6          0          0          0          0          0   _printf_g.o
       148          4         40          0          0        160   _printf_hex_int_ll_ptr.o
         6          0          0          0          0          0   _printf_i.o
       178          0          0          0          0         88   _printf_intcommon.o
        10          0          0          0          0          0   _printf_l.o
         6          0          0          0          0          0   _printf_lc.o
        10          0          0          0          0          0   _printf_ll.o
         6          0          0          0          0          0   _printf_lld.o
         6          0          0          0          0          0   _printf_lli.o
         6          0          0          0          0          0   _printf_llo.o
         6          0          0          0          0          0   _printf_llu.o
         6          0          0          0          0          0   _printf_llx.o
       124         16          0          0          0         92   _printf_longlong_dec.o
         6          0          0          0          0          0   _printf_ls.o
         6          0          0          0          0          0   _printf_n.o
         6          0          0          0          0          0   _printf_o.o
       112          8          0          0          0        124   _printf_oct_int_ll.o
         6          0          0          0          0          0   _printf_p.o
        78          0          0          0          0        108   _printf_pad.o
         0          0          0          0          0          0   _printf_percent.o
         4          0          0          0          0          0   _printf_percent_end.o
         6          0          0          0          0          0   _printf_s.o
        82          0          0          0          0         80   _printf_str.o
        36          0          0          0          0         84   _printf_truncate.o
         6          0          0          0          0          0   _printf_u.o
        44          0          0          0          0        108   _printf_wchar.o
       188          6          8          0          0         92   _printf_wctomb.o
         6          0          0          0          0          0   _printf_x.o
        10          0          0          0          0         68   _sputc.o
        64          0          0          0          0         92   _wcrtomb.o
       220          4        148          0          0         96   bigflt0.o
      1910        128          0          0          0        672   btod.o
        36          4          0          0          0         76   c89vsprintf.o
        12          0          0          0          0         72   exit.o
         8          0          0          0          0         68   ferror.o
         6          0          0          0          0        152   heapauxi.o
        44         10        272          0          0         76   lc_ctype_c.o
        44         10         28          0          0         76   lc_numeric_c.o
         2          0          0          0          0          0   libinit.o
        34          0          0          0          0          0   libinit2.o
         2          0          0          0          0          0   libshutdown.o
         2          0          0          0          0          0   libshutdown2.o
         8          4          0          0         96         68   libspace.o
       138          0          0          0          0         80   lludiv10.o
        16          4          0          0          0         76   rt_ctype_table.o
         8          4          0          0          0         68   rt_locale_intlibspace.o
         2          0          0          0          0          0   rtexit.o
        10          0          0          0          0          0   rtexit2.o
       128          0          0          0          0         68   strcmpv7m.o
        74          0          0          0          0         80   sys_stackheap_outer.o
         2          0          0          0          0         68   use_no_semi.o
         2          0          0          0          0         68   use_no_semi_2.o
        10          0          0          0          0        116   fpinit.o
         4          0          0          0          0        116   printf1.o
         0          0          0          0          0          0   usenofp.o
        48          0          0          0          0        124   fpclassify.o

    ----------------------------------------------------------------------
      6090        260        514          0         96       4372   Library Totals
        10          0          1          0          0          0   (incl. Padding)

    ----------------------------------------------------------------------

      Code (inc. data)   RO Data    RW Data    ZI Data      Debug   Library Name

      6018        260        513          0         96       4016   c_w.l
        14          0          0          0          0        232   fz_wm.l
        48          0          0          0          0        124   m_wm.l

    ----------------------------------------------------------------------
      6090        260        514          0         96       4372   Library Totals

    ----------------------------------------------------------------------

==============================================================================


      Code (inc. data)   RO Data    RW Data    ZI Data      Debug   

     21456       1046       2032       8324       3908     638812   Grand Totals
     21456       1046       2032       1788       3908     638812   ELF Image Totals (compressed)
     21456       1046       2032       1788          0          0   ROM Totals

==============================================================================

    Total RO  Size (Code + RO Data)                23488 (  22.94kB)
    Total RW  Size (RW Data + ZI Data)             12232 (  11.95kB)
    Total ROM Size (Code + RO Data + RW Data)      25276 (  24.68kB)

==============================================================================

