<html>
<body>
<pre>
<h1>µVision Build Log</h1>
<h2>Project:</h2>
C:\Users\Kenneth Au\Dropbox\Documents\HKUST\Robocon 2015\Advanced Tutorial\stm32_test\Project.uvproj
Project File Date:  12/27/2014

<h2>Output:</h2>
Build target 'stm32_template'
linking...
Program Size: Code=13912 RO-data=428 RW-data=536 ZI-data=3272  
FromELF: creating hex file...
".\output\stm32_template.axf" - 0 Error(s), 0 Warning(s).
"C:\Program Files (x86)\STMicroelectronics\Software\Flash Loader Demo\STMFlashLoader.exe"  -c --pn 30 --br 115200 --to 1000 -i STM32_High-density_512K -e --all -p --dwp --drp -d --a 8000000 --fn .\output\stm32_template.hex --v
"C:\Program Files (x86)\STMicroelectronics\Software\Flash Loader Demo\STMFlashLoader.exe"  -c --pn 30 --br 115200 --to 1000 -i STM32_High-density_512K -e --all -p --dwp --drp -d --a 8000000 --fn .\output\stm32_template.hex --v
"C:\Program Files (x86)\STMicroelectronics\Software\Flash Loader Demo\STMFlashLoader.exe"  -c --pn 30 --br 115200 --to 1000 -i STM32_High-density_512K -e --all -p --dwp --drp -d --a 8000000 --fn .\output\stm32_template.hex --v
"C:\Program Files (x86)\STMicroelectronics\Software\Flash Loader Demo\STMFlashLoader.exe"  -c --pn 30 --br 115200 --to 1000 -i STM32_High-density_512K -e --all -p --dwp --drp -d --a 8000000 --fn .\output\stm32_template.hex --v
</pre>
</body>
</html>
ing:  #520-D: initialization with "{...}" expected for aggregate object
  s32 lm629_pos_backup[MAX_CHIP] = 0;
C:\stm32\ustrobo_min_system\src\lm629.c: 1 warning, 0 errors
compiling motor_pwm.c...
compiling servo.c...
compiling system.c...
compiling ticks.c...
compiling uart.c...
compiling xbc_mb.c...
C:\stm32\ustrobo_min_system\src\xbc_mb.c(124): warning:  #177-D: variable "i" was declared but never referenced
        u8 i;
C:\stm32\ustrobo_min_system\src\xbc_mb.c(126): warning:  #177-D: variable "check_sum" was declared but never referenced
        u16 check_sum = 0;
C:\stm32\ustrobo_min_system\src\xbc_mb.c(438): warning:  #177-D: variable "i" was declared but never referenced
        u8 i;
C:\stm32\ustrobo_min_system\src\xbc_mb.c: 3 warnings, 0 errors
compiling core_cm3.c...
compiling misc.c...
compiling stm32f10x_adc.c...
compiling stm32f10x_bkp.c...
compiling stm32f10x_can.c...
compiling stm32f10x_cec.c...
compiling stm32f10x_crc.c...
compiling stm32f10x_dac.c...
compiling stm32f10x_dbgmcu.c...
compiling stm32f10x_dma.c...
compiling stm32f10x_exti.c...
compiling stm32f10x_flash.c...
compiling stm32f10x_fsmc.c...
compiling stm32f10x_gpio.c...
compiling stm32f10x_i2c.c...
compiling stm32f10x_iwdg.c...
compiling stm32f10x_pwr.c...
compiling stm32f10x_rcc.c...
compiling stm32f10x_rtc.c...
compiling stm32f10x_sdio.c...
compiling stm32f10x_spi.c...
compiling stm32f10x_tim.c...
compiling stm32f10x_usart.c...
compiling stm32f10x_wwdg.c...
compiling system_stm32f10x.c...
assembling startup_stm32f10x_hd.s...
linking...
Program Size: Code=13912 RO-data=428 RW-data=536 ZI-data=3272  
FromELF: creating hex file...
".\output\stm32_template.axf" - 0 Error(s), 10 Warning(s).
"C:\Program Files (x86)\STMicroelectronics\Software\Flash Loader Demonstrator\STMFlashLoader.exe"  -c --pn 30 --br 115200 --to 1000 -i STM32_High-density_512K -e --all -p --dwp --drp -d --a 8000000 --fn .\output\stm32_template.hex --v
--- Error: failed to execute '"C:\Program Files (x86)\STMicroelectronics\Software\Flash Loader Demonstrator\STMFlashLoader.exe"  -c --pn 30 --br 115200 --to 1000 -i STM32_High-density_512K -e --all -p --dwp --drp -d --a 8000000 --fn .\output\stm32_template.hex --v'
