<html>
<body>
<pre>
<h1>µVision Build Log</h1>
<h2>Tool Versions:</h2>
IDE-Version: µVision V5.13.0.0
Copyright (C) 2014 ARM Ltd and ARM Germany GmbH. All rights reserved.
License Information: Kenneth Au, HKUST, LIC=YA3Y8-3AVRM-BEMHH-WJJS6-DZAP4-SAWSM
 
Tool Versions:
Toolchain:       MDK-ARM Standard  Version: 5.13.0.0
Toolchain Path:  C:\Keil_v5\ARM\ARMCC\Bin
C Compiler:      Armcc.exe V5.05 update 1 (build 106)
Assembler:       Armasm.exe V5.05 update 1 (build 106)
Linker/Locator:  ArmLink.exe V5.05 update 1 (build 106)
Library Manager: ArmAr.exe V5.05 update 1 (build 106)
Hex Converter:   FromElf.exe V5.05 update 1 (build 106)
CPU DLL:         SARMCM3.DLL V5.13.0.0
Dialog DLL:      DARMSTM.DLL V1.65.0.0
Target DLL:      Segger\JL2CM3.dll V2.99.11.0
Dialog DLL:      TARMSTM.DLL V1.64.0.0
 
<h2>Project:</h2>
C:\Users\Kenneth Au\Dropbox\Documents\HKUST\Robocon 2015\git\motor_driver\STM32-FD-ADC.uvprojx
Project File Date:  01/08/2015

<h2>Output:</h2>
Build target 'STM32-FD-ADC'
compiling main.c...
user\main.c(83): warning:  #188-D: enumerated type mixed with another type
                                 GPIO_WriteBit(GPIOC,GPIO_Pin_1,1);
user\main.c(84): warning:  #188-D: enumerated type mixed with another type
                                 GPIO_WriteBit(GPIOC,GPIO_Pin_0,1);
user\main.c(123): warning:  #188-D: enumerated type mixed with another type
                                 GPIO_WriteBit(GPIOC,GPIO_Pin_1,0);
user\main.c(124): warning:  #188-D: enumerated type mixed with another type
                                 GPIO_WriteBit(GPIOC,GPIO_Pin_0,0);
user\main.c: 4 warnings, 0 errors
linking...
Program Size: Code=17580 RO-data=360 RW-data=568 ZI-data=6216  
FromELF: creating hex file...
".\obj\STM32-FD-ADC.axf" - 0 Error(s), 4 Warning(s).

<h2>Collection of Component include folders:</h2>
  C:\Users\Kenneth Au\Dropbox\Documents\HKUST\Robocon 2015\git\motor_driver\RTE
  C:\Keil_v5\ARM\PACK\Keil\STM32F1xx_DFP\1.0.5\Device\Include

<h2>Collection of Component Files used:</h2>
</pre>
</body>
</html>
