<html>
<body>
<pre>
<h1>礦ision Build Log</h1>
<h2>Project:</h2>
D:\Desktop\新程序\June 7(上场)\(encoder)24V大蓝黑带pid转换 Motor Control June 7\STM32-FD-ADC.uvproj
Project File Date:  06/07/2013

<h2>Output:</h2>
Build target 'STM32-FD-ADC'
creating preprocessor file for motion.c...
compiling motion.c...
creating preprocessor file for main.c...
compiling main.c...
user\main.c(81): warning:  #188-D: enumerated type mixed with another type
user\main.c(82): warning:  #188-D: enumerated type mixed with another type
user\main.c(114): warning:  #188-D: enumerated type mixed with another type
user\main.c(115): warning:  #188-D: enumerated type mixed with another type
creating preprocessor file for pid_pos.c...
compiling pid_pos.c...
creating preprocessor file for pid_vel.c...
compiling pid_vel.c...
user\pid_vel.c(212): warning:  #188-D: enumerated type mixed with another type
user\pid_vel.c(213): warning:  #188-D: enumerated type mixed with another type
user\pid_vel.c(224): warning:  #188-D: enumerated type mixed with another type
user\pid_vel.c(225): warning:  #188-D: enumerated type mixed with another type
creating preprocessor file for Robocon_CAN.c...
compiling Robocon_CAN.c...
user\Robocon_CAN.c(179): warning:  #177-D: variable "retry" was declared but never referenced
user\Robocon_CAN.c(180): warning:  #550-D: variable "TX_MailBox" was set but never used
creating preprocessor file for Robocon_CANProtocol.c...
compiling Robocon_CANProtocol.c...
user\Robocon_CANProtocol.c(396): warning:  #550-D: variable "new_x" was set but never used
user\Robocon_CANProtocol.c(397): warning:  #550-D: variable "new_y" was set but never used
user\Robocon_CANProtocol.c(398): warning:  #550-D: variable "new_angle" was set but never used
creating preprocessor file for system.c...
compiling system.c...
creating preprocessor file for stm32f10x_it.c...
compiling stm32f10x_it.c...
creating preprocessor file for ticks.c...
compiling ticks.c...
creating preprocessor file for debugger.c...
compiling debugger.c...
creating preprocessor file for stm32f10x_adc.c...
compiling stm32f10x_adc.c...
creating preprocessor file for stm32f10x_dma.c...
compiling stm32f10x_dma.c...
creating preprocessor file for stm32f10x_gpio.c...
compiling stm32f10x_gpio.c...
creating preprocessor file for stm32f10x_rcc.c...
compiling stm32f10x_rcc.c...
creating preprocessor file for stm32f10x_usart.c...
compiling stm32f10x_usart.c...
creating preprocessor file for misc.c...
compiling misc.c...
creating preprocessor file for stm32f10x_flash.c...
compiling stm32f10x_flash.c...
creating preprocessor file for stm32f10x_spi.c...
compiling stm32f10x_spi.c...
creating preprocessor file for stm32f10x_tim.c...
compiling stm32f10x_tim.c...
creating preprocessor file for stm32f10x_can.c...
compiling stm32f10x_can.c...
creating preprocessor file for system_stm32f10x.c...
compiling system_stm32f10x.c...
creating preprocessor file for stm32f10x_exti.c...
compiling stm32f10x_exti.c...
creating preprocessor file for core_cm3.c...
compiling core_cm3.c...
linking...
Program Size: Code=13908 RO-data=268 RW-data=504 ZI-data=6216  
FromELF: creating hex file...
".\obj\STM32-FD-ADC.axf" - 0 Errors, 13 Warning(s).
Load "D:\\Desktop\\新程序\\June 7(上场)\\(encoder)24V大蓝黑带pid转换 Motor Control June 7\\obj\\STM32-FD-ADC.axf" 
Set JLink Project File to "D:\Desktop\新程序\June 7(上场)\(encoder)24V大蓝黑带pid转换 Motor Control June 7\JLinkSettings.ini"
* JLink Info: Device "STM32F103RB" selected (128 KB flash, 20 KB RAM).
 
JLink info:
------------
DLL: V4.68a, compiled Apr 12 2013 13:26:50
Firmware: J-Link ARM V8 compiled Nov 14 2012 22:34:52
Hardware: V8.00
S/N : 99999994 
Feature(s) : RDI,FlashDL,FlashBP,JFlash,GDBFULL 
 
* JLink Info: Found SWD-DP with ID 0x1BA01477
* JLink Info: Found SWD-DP with ID 0x1BA01477
* JLink Info: TPIU fitted.
* JLink Info: FPUnit: 6 code (BP) slots and 2 literal slots
* JLink Info: Found Cortex-M3 r1p1, Little endian.
ROMTableAddr = 0xE00FF003
 
Target info:
------------
Device: STM32F103RB
VTarget = 3.332V
State of Pins: 
TCK: 0, TDI: 0, TDO: 1, TMS: 1, TRES: 1, TRST: 1
Hardware-Breakpoints: 6
Software-Breakpoints: 8192
Watchpoints:          4
JTAG speed: 4000 kHz
 
Full Chip Erase Done.
Programming Done.
Verify OK.
Application running ...
Build target 'STM32-FD-ADC'
creating preprocessor file for motion.c...
compiling motion.c...
creating preprocessor file for main.c...
compiling main.c...
user\main.c(81): warning:  #188-D: enumerated type mixed with another type
user\main.c(82): warning:  #188-D: enumerated type mixed with another type
user\main.c(114): warning:  #188-D: enumerated type mixed with another type
user\main.c(115): warning:  #188-D: enumerated type mixed with another type
creating preprocessor file for pid_pos.c...
compiling pid_pos.c...
creating preprocessor file for pid_vel.c...
compiling pid_vel.c...
user\pid_vel.c(212): warning:  #188-D: enumerated type mixed with another type
user\pid_vel.c(213): warning:  #188-D: enumerated type mixed with another type
user\pid_vel.c(224): warning:  #188-D: enumerated type mixed with another type
user\pid_vel.c(225): warning:  #188-D: enumerated type mixed with another type
creating preprocessor file for Robocon_CAN.c...
compiling Robocon_CAN.c...
user\Robocon_CAN.c(179): warning:  #177-D: variable "retry" was declared but never referenced
user\Robocon_CAN.c(180): warning:  #550-D: variable "TX_MailBox" was set but never used
creating preprocessor file for Robocon_CANProtocol.c...
compiling Robocon_CANProtocol.c...
user\Robocon_CANProtocol.c(396): warning:  #550-D: variable "new_x" was set but never used
user\Robocon_CANProtocol.c(397): warning:  #550-D: variable "new_y" was set but never used
user\Robocon_CANProtocol.c(398): warning:  #550-D: variable "new_angle" was set but never used
creating preprocessor file for system.c...
compiling system.c...
creating preprocessor file for stm32f10x_it.c...
compiling stm32f10x_it.c...
creating preprocessor file for ticks.c...
compiling ticks.c...
creating preprocessor file for debugger.c...
compiling debugger.c...
creating preprocessor file for stm32f10x_adc.c...
compiling stm32f10x_adc.c...
creating preprocessor file for stm32f10x_dma.c...
compiling stm32f10x_dma.c...
creating preprocessor file for stm32f10x_gpio.c...
compiling stm32f10x_gpio.c...
creating preprocessor file for stm32f10x_rcc.c...
compiling stm32f10x_rcc.c...
creating preprocessor file for stm32f10x_usart.c...
compiling stm32f10x_usart.c...
creating preprocessor file for misc.c...
compiling misc.c...
creating preprocessor file for stm32f10x_flash.c...
compiling stm32f10x_flash.c...
creating preprocessor file for stm32f10x_spi.c...
compiling stm32f10x_spi.c...
creating preprocessor file for stm32f10x_tim.c...
compiling stm32f10x_tim.c...
creating preprocessor file for stm32f10x_can.c...
compiling stm32f10x_can.c...
creating preprocessor file for system_stm32f10x.c...
compiling system_stm32f10x.c...
creating preprocessor file for stm32f10x_exti.c...
compiling stm32f10x_exti.c...
creating preprocessor file for core_cm3.c...
compiling core_cm3.c...
linking...
Program Size: Code=13908 RO-data=268 RW-data=504 ZI-data=6216  
FromELF: creating hex file...
".\obj\STM32-FD-ADC.axf" - 0 Errors, 13 Warning(s).
Load "D:\\Desktop\\新程序\\June 7(上场)\\(encoder)24V大蓝黑带pid转换 Motor Control June 7\\obj\\STM32-FD-ADC.axf" 
Set JLink Project File to "D:\Desktop\新程序\June 7(上场)\(encoder)24V大蓝黑带pid转换 Motor Control June 7\JLinkSettings.ini"
* JLink Info: Device "STM32F103RB" selected (128 KB flash, 20 KB RAM).
 
JLink info:
------------
DLL: V4.68a, compiled Apr 12 2013 13:26:50
Firmware: J-Link ARM V8 compiled Nov 14 2012 22:34:52
Hardware: V8.00
S/N : 99999994 
Feature(s) : RDI,FlashDL,FlashBP,JFlash,GDBFULL 
 
* JLink Info: Found SWD-DP with ID 0x1BA01477
* JLink Info: Found SWD-DP with ID 0x1BA01477
* JLink Info: TPIU fitted.
* JLink Info: FPUnit: 6 code (BP) slots and 2 literal slots
* JLink Info: Found Cortex-M3 r1p1, Little endian.
ROMTableAddr = 0xE00FF003
 
Target info:
------------
Device: STM32F103RB
VTarget = 3.300V
State of Pins: 
TCK: 0, TDI: 0, TDO: 1, TMS: 1, TRES: 1, TRST: 1
Hardware-Breakpoints: 6
Software-Breakpoints: 8192
Watchpoints:          4
JTAG speed: 4000 kHz
 
Full Chip Erase Done.
Programming Done.
Verify OK.
Application running ...
Build target 'STM32-FD-ADC'
creating preprocessor file for motion.c...
compiling motion.c...
creating preprocessor file for main.c...
compiling main.c...
user\main.c(81): warning:  #188-D: enumerated type mixed with another type
user\main.c(82): warning:  #188-D: enumerated type mixed with another type
user\main.c(114): warning:  #188-D: enumerated type mixed with another type
user\main.c(115): warning:  #188-D: enumerated type mixed with another type
creating preprocessor file for pid_pos.c...
compiling pid_pos.c...
creating preprocessor file for pid_vel.c...
compiling pid_vel.c...
user\pid_vel.c(212): warning:  #188-D: enumerated type mixed with another type
user\pid_vel.c(213): warning:  #188-D: enumerated type mixed with another type
user\pid_vel.c(224): warning:  #188-D: enumerated type mixed with another type
user\pid_vel.c(225): warning:  #188-D: enumerated type mixed with another type
creating preprocessor file for Robocon_CAN.c...
compiling Robocon_CAN.c...
user\Robocon_CAN.c(179): warning:  #177-D: variable "retry" was declared but never referenced
user\Robocon_CAN.c(180): warning:  #550-D: variable "TX_MailBox" was set but never used
creating preprocessor file for Robocon_CANProtocol.c...
compiling Robocon_CANProtocol.c...
user\Robocon_CANProtocol.c(396): warning:  #550-D: variable "new_x" was set but never used
user\Robocon_CANProtocol.c(397): warning:  #550-D: variable "new_y" was set but never used
user\Robocon_CANProtocol.c(398): warning:  #550-D: variable "new_angle" was set but never used
creating preprocessor file for system.c...
compiling system.c...
creating preprocessor file for stm32f10x_it.c...
compiling stm32f10x_it.c...
creating preprocessor file for ticks.c...
compiling ticks.c...
creating preprocessor file for debugger.c...
compiling debugger.c...
creating preprocessor file for stm32f10x_adc.c...
compiling stm32f10x_adc.c...
creating preprocessor file for stm32f10x_dma.c...
compiling stm32f10x_dma.c...
creating preprocessor file for stm32f10x_gpio.c...
compiling stm32f10x_gpio.c...
creating preprocessor file for stm32f10x_rcc.c...
compiling stm32f10x_rcc.c...
creating preprocessor file for stm32f10x_usart.c...
compiling stm32f10x_usart.c...
creating preprocessor file for misc.c...
compiling misc.c...
creating preprocessor file for stm32f10x_flash.c...
compiling stm32f10x_flash.c...
creating preprocessor file for stm32f10x_spi.c...
compiling stm32f10x_spi.c...
creating preprocessor file for stm32f10x_tim.c...
compiling stm32f10x_tim.c...
creating preprocessor file for stm32f10x_can.c...
compiling stm32f10x_can.c...
creating preprocessor file for system_stm32f10x.c...
compiling system_stm32f10x.c...
creating preprocessor file for stm32f10x_exti.c...
compiling stm32f10x_exti.c...
creating preprocessor file for core_cm3.c...
compiling core_cm3.c...
linking...
Program Size: Code=13908 RO-data=268 RW-data=504 ZI-data=6216  
FromELF: creating hex file...
".\obj\STM32-FD-ADC.axf" - 0 Errors, 13 Warning(s).
Load "D:\\Desktop\\新程序\\June 7(上场)\\(encoder)24V大蓝黑带pid转换 Motor Control June 7\\obj\\STM32-FD-ADC.axf" 
Set JLink Project File to "D:\Desktop\新程序\June 7(上场)\(encoder)24V大蓝黑带pid转换 Motor Control June 7\JLinkSettings.ini"
* JLink Info: Device "STM32F103RB" selected (128 KB flash, 20 KB RAM).
 
JLink info:
------------
DLL: V4.68a, compiled Apr 12 2013 13:26:50
Firmware: J-Link ARM V8 compiled Nov 14 2012 22:34:52
Hardware: V8.00
S/N : 99999994 
Feature(s) : RDI,FlashDL,FlashBP,JFlash,GDBFULL 
 
* JLink Info: Found SWD-DP with ID 0x1BA01477
* JLink Info: Found SWD-DP with ID 0x1BA01477
* JLink Info: TPIU fitted.
* JLink Info: FPUnit: 6 code (BP) slots and 2 literal slots
* JLink Info: Found Cortex-M3 r1p1, Little endian.
ROMTableAddr = 0xE00FF003
 
Target info:
------------
Device: STM32F103RB
VTarget = 3.313V
State of Pins: 
TCK: 0, TDI: 0, TDO: 1, TMS: 1, TRES: 1, TRST: 1
Hardware-Breakpoints: 6
Software-Breakpoints: 8192
Watchpoints:          4
JTAG speed: 4000 kHz
 
Full Chip Erase Done.
Programming Done.
Verify OK.
Application running ...
