<html>
<body>
<pre>
<h1>µVision Build Log</h1>
<h2>Tool Versions:</h2>
IDE-Version: µVision V5.13.0.0
Copyright (C) 2014 ARM Ltd and ARM Germany GmbH. All rights reserved.
License Information: Kenneth Au, HKUST, LIC=YA3Y8-3AVRM-BEMHH-WJJS6-DZAP4-SAWSM
 
Tool Versions:
Toolchain:       MDK-ARM Standard  Version: 5.13.0.0
Toolchain Path:  C:\Keil_v5\ARM\ARMCC\Bin
C Compiler:      Armcc.exe V5.05 update 1 (build 106)
Assembler:       Armasm.exe V5.05 update 1 (build 106)
Linker/Locator:  ArmLink.exe V5.05 update 1 (build 106)
Library Manager: ArmAr.exe V5.05 update 1 (build 106)
Hex Converter:   FromElf.exe V5.05 update 1 (build 106)
CPU DLL:         SARMCM3.DLL V5.13.0.0
Dialog DLL:      DCM.DLL V1.13.1.0
Target DLL:      UL2CM3.DLL V1.154.12.0
Dialog DLL:      TCM.DLL V1.14.4.0
 
<h2>Project:</h2>
C:\Users\Kenneth Au\Dropbox\Documents\HKUST\Robocon 2015\Software\STM32_Program\Robocon2015\stm32f103VF_template\Project.uvprojx
Project File Date:  01/19/2015

<h2>Output:</h2>
Build target 'stm32_template'
compiling main.c...
src\user\main.c(4): warning:  #177-D: variable "seconds_img" was declared but never referenced
  static u16 seconds_img = (u16)-1;
src\user\main.c: 1 warning, 0 errors
linking...
Program Size: Code=25008 RO-data=1024 RW-data=2196 ZI-data=35684  
FromELF: creating hex file...
".\output\stm32_template.axf" - 0 Error(s), 1 Warning(s).

<h2>Collection of Component include folders:</h2>
  C:\Users\Kenneth Au\Dropbox\Documents\HKUST\Robocon 2015\Software\STM32_Program\Robocon2015\stm32f103VF_template\RTE
  C:\Keil_v5\ARM\PACK\Keil\STM32F1xx_DFP\1.0.5\Device\Include

<h2>Collection of Component Files used:</h2>
</pre>
</body>
</html>
