Component: ARM Compiler 5.05 update 1 (build 106) Tool: armlink [4d0efa]

==============================================================================

Section Cross References

    startup_stm32f10x_md.o(RESET) refers to startup_stm32f10x_md.o(STACK) for __initial_sp
    startup_stm32f10x_md.o(RESET) refers to startup_stm32f10x_md.o(.text) for Reset_Handler
    startup_stm32f10x_md.o(RESET) refers to stm32f10x_it.o(i.SysTick_Handler) for SysTick_Handler
    startup_stm32f10x_md.o(RESET) refers to robocon_canprotocol.o(i.USB_LP_CAN1_RX0_IRQHandler) for USB_LP_CAN1_RX0_IRQHandler
    startup_stm32f10x_md.o(RESET) refers to ticks.o(i.TIM4_IRQHandler) for TIM4_IRQHandler
    startup_stm32f10x_md.o(RESET) refers to stm32f10x_it.o(i.USART3_IRQHandler) for USART3_IRQHandler
    startup_stm32f10x_md.o(.text) refers to entry.o(.ARM.Collect$$$$00000000) for __main
    motion.o(i.motion_set_motor) refers to stm32f10x_tim.o(i.TIM_SetCompare3) for TIM_SetCompare3
    motion.o(i.motion_set_motor) refers to stm32f10x_gpio.o(i.GPIO_SetBits) for GPIO_SetBits
    motion.o(i.motion_set_motor) refers to stm32f10x_gpio.o(i.GPIO_ResetBits) for GPIO_ResetBits
    main.o(i.main) refers to system.o(i.system_init) for system_init
    main.o(i.main) refers to system.o(i.system_para_init) for system_para_init
    main.o(i.main) refers to system.o(i.system_pwm_enable) for system_pwm_enable
    main.o(i.main) refers to pid_vel.o(i.init_memory) for init_memory
    main.o(i.main) refers to ticks.o(i.ticks_init) for ticks_init
    main.o(i.main) refers to robocon_can.o(i.CAN_Configuration) for CAN_Configuration
    main.o(i.main) refers to stm32f10x_gpio.o(i.GPIO_WriteBit) for GPIO_WriteBit
    main.o(i.main) refers to ticks.o(i.get_ticks) for get_ticks
    main.o(i.main) refers to ffixi.o(.text) for __aeabi_f2iz
    main.o(i.main) refers to robocon_canprotocol.o(i.Send_Encoder) for Send_Encoder
    main.o(i.main) refers to pid_vel.o(i.cali_user) for cali_user
    main.o(i.main) refers to robocon_can.o(i.Device1_TX) for Device1_TX
    main.o(i.main) refers to pid_vel.o(i.motor_zero) for motor_zero
    main.o(i.main) refers to robocon_canprotocol.o(i.Calibration_Done) for Calibration_Done
    main.o(i.main) refers to main.o(.data) for ticks_img
    main.o(i.main) refers to pid_vel.o(.data) for d_cal
    main.o(i.main) refers to system.o(.data) for ADC_ConvertedValue
    pid_pos.o(i.abs) refers to cfrcmple.o(.text) for __aeabi_cfrcmple
    pid_pos.o(i.motor_set_position) refers to pid_pos.o(i.pos_set_home) for pos_set_home
    pid_pos.o(i.motor_set_position) refers to ffltui.o(.text) for __aeabi_ui2f
    pid_pos.o(i.motor_set_position) refers to fflti.o(.text) for __aeabi_i2f
    pid_pos.o(i.motor_set_position) refers to pid_pos.o(.data) for max_pwm
    pid_pos.o(i.motor_set_position) refers to pid_vel.o(.data) for enable_bar
    pid_pos.o(i.pos_cal_function_mode) refers to fadd.o(.text) for __aeabi_fadd
    pid_pos.o(i.pos_cal_function_mode) refers to fmul.o(.text) for __aeabi_fmul
    pid_pos.o(i.pos_cal_function_mode) refers to cfrcmple.o(.text) for __aeabi_cfrcmple
    pid_pos.o(i.pos_cal_function_mode) refers to pid_pos.o(i.abs) for abs
    pid_pos.o(i.pos_cal_function_mode) refers to f2d.o(.text) for __aeabi_f2d
    pid_pos.o(i.pos_cal_function_mode) refers to sqrt.o(i.sqrt) for sqrt
    pid_pos.o(i.pos_cal_function_mode) refers to d2f.o(.text) for __aeabi_d2f
    pid_pos.o(i.pos_cal_function_mode) refers to fdiv.o(.text) for __aeabi_fdiv
    pid_pos.o(i.pos_cal_function_mode) refers to cfcmple.o(.text) for __aeabi_cfcmple
    pid_pos.o(i.pos_cal_function_mode) refers to pid_vel.o(.data) for d_cal
    pid_pos.o(i.pos_cal_function_mode) refers to pid_pos.o(.data) for count_init
    pid_pos.o(i.pos_get_curr) refers to pid_pos.o(.data) for count_total
    pid_pos.o(i.pos_move) refers to pid_pos.o(i.abs) for abs
    pid_pos.o(i.pos_move) refers to cfrcmple.o(.text) for __aeabi_cfrcmple
    pid_pos.o(i.pos_move) refers to pid_pos.o(i.pos_move_function_mode) for pos_move_function_mode
    pid_pos.o(i.pos_move) refers to pid_pos.o(.data) for predictor
    pid_pos.o(i.pos_move) refers to pid_vel.o(.data) for enable_bar
    pid_pos.o(i.pos_move_function_mode) refers to pid_pos.o(i.pos_cal_function_mode) for pos_cal_function_mode
    pid_pos.o(i.pos_move_function_mode) refers to pid_vel.o(i.vel_move) for vel_move
    pid_pos.o(i.pos_move_function_mode) refers to stm32f10x_it.o(.data) for ticks
    pid_pos.o(i.pos_set_home) refers to pid_pos.o(.data) for count_total
    pid_pos.o(i.pos_set_home) refers to pid_vel.o(.data) for d_cal
    pid_pos.o(i.pos_set_max) refers to pid_pos.o(.data) for max_acc
    pid_vel.o(i.ADC_calibration) refers to ffltui.o(.text) for __aeabi_ui2f
    pid_vel.o(i.ADC_calibration) refers to fadd.o(.text) for __aeabi_fadd
    pid_vel.o(i.ADC_calibration) refers to fdiv.o(.text) for __aeabi_fdiv
    pid_vel.o(i.ADC_calibration) refers to cfrcmple.o(.text) for __aeabi_cfrcmple
[...]
    ../clib/microlib/division.c              0x00000000   Number         0  uldiv.o ABSOLUTE
    ../clib/microlib/division.c              0x00000000   Number         0  uidiv.o ABSOLUTE
    ../clib/microlib/errno.c                 0x00000000   Number         0  errno.o ABSOLUTE
    ../clib/microlib/init/entry.s            0x00000000   Number         0  entry7a.o ABSOLUTE
    ../clib/microlib/init/entry.s            0x00000000   Number         0  entry9a.o ABSOLUTE
    ../clib/microlib/init/entry.s            0x00000000   Number         0  entry11a.o ABSOLUTE
    ../clib/microlib/init/entry.s            0x00000000   Number         0  entry8b.o ABSOLUTE
    ../clib/microlib/init/entry.s            0x00000000   Number         0  entry8a.o ABSOLUTE
    ../clib/microlib/init/entry.s            0x00000000   Number         0  entry7b.o ABSOLUTE
    ../clib/microlib/init/entry.s            0x00000000   Number         0  entry10b.o ABSOLUTE
    ../clib/microlib/init/entry.s            0x00000000   Number         0  entry5.o ABSOLUTE
    ../clib/microlib/init/entry.s            0x00000000   Number         0  entry10a.o ABSOLUTE
    ../clib/microlib/init/entry.s            0x00000000   Number         0  entry9b.o ABSOLUTE
    ../clib/microlib/init/entry.s            0x00000000   Number         0  entry2.o ABSOLUTE
    ../clib/microlib/init/entry.s            0x00000000   Number         0  entry11b.o ABSOLUTE
    ../clib/microlib/init/entry.s            0x00000000   Number         0  entry.o ABSOLUTE
    ../clib/microlib/longlong.c              0x00000000   Number         0  llsshr.o ABSOLUTE
    ../clib/microlib/longlong.c              0x00000000   Number         0  llushr.o ABSOLUTE
    ../clib/microlib/longlong.c              0x00000000   Number         0  llshl.o ABSOLUTE
    ../clib/microlib/printf/printf.c         0x00000000   Number         0  printfa.o ABSOLUTE
    ../clib/microlib/stdio/streams.c         0x00000000   Number         0  stdout.o ABSOLUTE
    ../clib/microlib/string/memcpy.c         0x00000000   Number         0  memcpyb.o ABSOLUTE
    ../clib/microlib/string/memcpy.c         0x00000000   Number         0  memcpya.o ABSOLUTE
    ../clib/microlib/stubs.s                 0x00000000   Number         0  iusefp.o ABSOLUTE
    ../fplib/microlib/d2f.c                  0x00000000   Number         0  d2f.o ABSOLUTE
    ../fplib/microlib/f2d.c                  0x00000000   Number         0  f2d.o ABSOLUTE
    ../fplib/microlib/fpadd.c                0x00000000   Number         0  dadd.o ABSOLUTE
    ../fplib/microlib/fpadd.c                0x00000000   Number         0  fadd.o ABSOLUTE
    ../fplib/microlib/fpdiv.c                0x00000000   Number         0  fdiv.o ABSOLUTE
    ../fplib/microlib/fpdiv.c                0x00000000   Number         0  ddiv.o ABSOLUTE
    ../fplib/microlib/fpepilogue.c           0x00000000   Number         0  fepilogue.o ABSOLUTE
    ../fplib/microlib/fpepilogue.c           0x00000000   Number         0  depilogue.o ABSOLUTE
    ../fplib/microlib/fpfix.c                0x00000000   Number         0  ffixi.o ABSOLUTE
    ../fplib/microlib/fpfix.c                0x00000000   Number         0  dfixul.o ABSOLUTE
    ../fplib/microlib/fpflt.c                0x00000000   Number         0  ffltui.o ABSOLUTE
    ../fplib/microlib/fpflt.c                0x00000000   Number         0  fflti.o ABSOLUTE
    ../fplib/microlib/fpmul.c                0x00000000   Number         0  dmul.o ABSOLUTE
    ../fplib/microlib/fpmul.c                0x00000000   Number         0  fmul.o ABSOLUTE
    ../fplib/microlib/fpsqrt.c               0x00000000   Number         0  dsqrt.o ABSOLUTE
    ../mathlib/sqrt.c                        0x00000000   Number         0  sqrt.o ABSOLUTE
    ../mathlib/sqrt.c                        0x00000000   Number         0  sqrt_x.o ABSOLUTE
    CM3\\core_cm3.c                          0x00000000   Number         0  core_cm3.o ABSOLUTE
    CM3\core_cm3.c                           0x00000000   Number         0  core_cm3.o ABSOLUTE
    FWlib\SRC\misc.c                         0x00000000   Number         0  misc.o ABSOLUTE
    FWlib\SRC\stm32f10x_adc.c                0x00000000   Number         0  stm32f10x_adc.o ABSOLUTE
    FWlib\SRC\stm32f10x_can.c                0x00000000   Number         0  stm32f10x_can.o ABSOLUTE
    FWlib\SRC\stm32f10x_dma.c                0x00000000   Number         0  stm32f10x_dma.o ABSOLUTE
    FWlib\SRC\stm32f10x_exti.c               0x00000000   Number         0  stm32f10x_exti.o ABSOLUTE
    FWlib\SRC\stm32f10x_flash.c              0x00000000   Number         0  stm32f10x_flash.o ABSOLUTE
    FWlib\SRC\stm32f10x_gpio.c               0x00000000   Number         0  stm32f10x_gpio.o ABSOLUTE
    FWlib\SRC\stm32f10x_rcc.c                0x00000000   Number         0  stm32f10x_rcc.o ABSOLUTE
    FWlib\SRC\stm32f10x_spi.c                0x00000000   Number         0  stm32f10x_spi.o ABSOLUTE
    FWlib\SRC\stm32f10x_tim.c                0x00000000   Number         0  stm32f10x_tim.o ABSOLUTE
    FWlib\SRC\stm32f10x_usart.c              0x00000000   Number         0  stm32f10x_usart.o ABSOLUTE
    FWlib\SRC\system_stm32f10x.c             0x00000000   Number         0  system_stm32f10x.o ABSOLUTE
    cdcmple.s                                0x00000000   Number         0  cdcmple.o ABSOLUTE
    cdrcmple.s                               0x00000000   Number         0  cdrcmple.o ABSOLUTE
    cfcmple.s                                0x00000000   Number         0  cfcmple.o ABSOLUTE
    cfrcmple.s                               0x00000000   Number         0  cfrcmple.o ABSOLUTE
    dc.s                                     0x00000000   Number         0  dc.o ABSOLUTE
    handlers.s                               0x00000000   Number         0  handlers.o ABSOLUTE
    init.s                                   0x00000000   Number         0  init.o ABSOLUTE
    startup\startup_stm32f10x_md.s           0x00000000   Number         0  startup_stm32f10x_md.o ABSOLUTE
    user\Robocon_CAN.c                       0x00000000   Number         0  robocon_can.o ABSOLUTE
    user\Robocon_CANProtocol.c               0x00000000   Number         0  robocon_canprotocol.o ABSOLUTE
    user\debugger.c                          0x00000000   Number         0  debugger.o ABSOLUTE
    user\main.c                              0x00000000   Number         0  main.o ABSOLUTE
    user\motion.c                            0x00000000   Number         0  motion.o ABSOLUTE
    user\pid_pos.c                           0x00000000   Number         0  pid_pos.o ABSOLUTE
    user\pid_vel.c                           0x00000000   Number         0  pid_vel.o ABSOLUTE
    user\stm32f10x_it.c                      0x00000000   Number         0  stm32f10x_it.o ABSOLUTE
    user\system.c                            0x00000000   Number         0  system.o ABSOLUTE
    user\ticks.c                             0x00000000   Number         0  ticks.o ABSOLUTE
    user\uart.c                              0x00000000   Number         0  uart.o ABSOLUTE
    RESET                                    0x08000000   Section      236  startup_stm32f10x_md.o(RESET)
    .ARM.Collect$$$$00000000                 0x080000ec   Section        0  entry.o(.ARM.Collect$$$$00000000)
    .ARM.Collect$$$$00000001                 0x080000ec   Section        4  entry2.o(.ARM.Collect$$$$00000001)
    .ARM.Collect$$$$00000004                 0x080000f0   Section        4  entry5.o(.ARM.Collect$$$$00000004)
    .ARM.Collect$$$$00000008                 0x080000f4   Section        0  entry7b.o(.ARM.Collect$$$$00000008)
    .ARM.Collect$$$$0000000A                 0x080000f4   Section        0  entry8b.o(.ARM.Collect$$$$0000000A)
    .ARM.Collect$$$$0000000B                 0x080000f4   Section        8  entry9a.o(.ARM.Collect$$$$0000000B)
    .ARM.Collect$$$$0000000D                 0x080000fc   Section        0  entry10a.o(.ARM.Collect$$$$0000000D)
    .ARM.Collect$$$$0000000F                 0x080000fc   Section        0  entry11a.o(.ARM.Collect$$$$0000000F)
    .ARM.Collect$$$$00002712                 0x080000fc   Section        4  entry2.o(.ARM.Collect$$$$00002712)
    __lit__00000000                          0x080000fc   Data           4  entry2.o(.ARM.Collect$$$$00002712)
    .text                                    0x08000100   Section       28  startup_stm32f10x_md.o(.text)
    .text                                    0x0800011c   Section        0  memcpya.o(.text)
    .text                                    0x08000140   Section        0  fadd.o(.text)
    .text                                    0x080001f0   Section        0  fmul.o(.text)
    .text                                    0x08000254   Section        0  fdiv.o(.text)
    .text                                    0x080002d0   Section        0  fflti.o(.text)
    .text                                    0x080002e2   Section        0  ffltui.o(.text)
    .text                                    0x080002ec   Section        0  ffixi.o(.text)
    .text                                    0x0800031e   Section        0  f2d.o(.text)
    .text                                    0x08000344   Section        0  d2f.o(.text)
    .text                                    0x0800037c   Section       20  cfcmple.o(.text)
    .text                                    0x08000390   Section       20  cfrcmple.o(.text)
    .text                                    0x080003a4   Section        0  iusefp.o(.text)
    .text                                    0x080003a4   Section        0  fepilogue.o(.text)
    .text                                    0x08000412   Section        0  dsqrt.o(.text)
    .text                                    0x080004b4   Section       36  init.o(.text)
    .text                                    0x080004d8   Section        0  llshl.o(.text)
    .text                                    0x080004f6   Section        0  llushr.o(.text)
    .text                                    0x08000516   Section        0  depilogue.o(.text)
    .text                                    0x080005d0   Section        0  __dczerorl2.o(.text)
    i.ADC_Calibaration                       0x08000628   Section        0  system.o(i.ADC_Calibaration)
    i.ADC_Cmd                                0x0800065c   Section        0  stm32f10x_adc.o(i.ADC_Cmd)
    i.ADC_DMACmd                             0x08000672   Section        0  stm32f10x_adc.o(i.ADC_DMACmd)
    i.ADC_GetCalibrationStatus               0x08000688   Section        0  stm32f10x_adc.o(i.ADC_GetCalibrationStatus)
    i.ADC_GetResetCalibrationStatus          0x0800069c   Section        0  stm32f10x_adc.o(i.ADC_GetResetCalibrationStatus)
    i.ADC_Init                               0x080006b0   Section        0  stm32f10x_adc.o(i.ADC_Init)
    i.ADC_RegularChannelConfig               0x08000700   Section        0  stm32f10x_adc.o(i.ADC_RegularChannelConfig)
    i.ADC_ResetCalibration                   0x080007b8   Section        0  stm32f10x_adc.o(i.ADC_ResetCalibration)
    i.ADC_SoftwareStartConvCmd               0x080007c2   Section        0  stm32f10x_adc.o(i.ADC_SoftwareStartConvCmd)
    i.ADC_StartCalibration                   0x080007d8   Section        0  stm32f10x_adc.o(i.ADC_StartCalibration)
    i.ADC_calibration                        0x080007e4   Section        0  pid_vel.o(i.ADC_calibration)
    i.CAN_Configuration                      0x080008a4   Section        0  robocon_can.o(i.CAN_Configuration)
    i.CAN_DeInit                             0x08000964   Section        0  stm32f10x_can.o(i.CAN_DeInit)
    i.CAN_FIFORelease                        0x0800098c   Section        0  stm32f10x_can.o(i.CAN_FIFORelease)
    i.CAN_FilterInit                         0x0800099c   Section        0  stm32f10x_can.o(i.CAN_FilterInit)
    i.CAN_GPIO_Configuration                 0x08000aa4   Section        0  robocon_can.o(i.CAN_GPIO_Configuration)
    i.CAN_ITConfig                           0x08000ad8   Section        0  stm32f10x_can.o(i.CAN_ITConfig)
    i.CAN_Init                               0x08000aea   Section        0  stm32f10x_can.o(i.CAN_Init)
    i.CAN_NVIC_Configuration                 0x08000c02   Section        0  robocon_can.o(i.CAN_NVIC_Configuration)
    i.CAN_Receive                            0x08000c22   Section        0  stm32f10x_can.o(i.CAN_Receive)
    i.CAN_Rx_Processing                      0x08000d0c   Section        0  robocon_canprotocol.o(i.CAN_Rx_Processing)
    i.CAN_StructInit                         0x08000d40   Section        0  stm32f10x_can.o(i.CAN_StructInit)
    i.CAN_Transmit                           0x08000d60   Section        0  stm32f10x_can.o(i.CAN_Transmit)
    i.CAN_TransmitStatus                     0x08000e86   Section        0  stm32f10x_can.o(i.CAN_TransmitStatus)
    i.Cal_Feedback_Encoding                  0x08000f14   Section        0  robocon_canprotocol.o(i.Cal_Feedback_Encoding)
    i.Calibration_Done                       0x08000f3c   Section        0  robocon_canprotocol.o(i.Calibration_Done)
    i.DMA_Cmd                                0x08000f8c   Section        0  stm32f10x_dma.o(i.DMA_Cmd)
    i.DMA_DeInit                             0x08000fa4   Section        0  stm32f10x_dma.o(i.DMA_DeInit)
    i.DMA_Init                               0x080010e8   Section        0  stm32f10x_dma.o(i.DMA_Init)
    i.Device1_TX                             0x08001124   Section        0  robocon_can.o(i.Device1_TX)
    i.Encoder_Feedback_Encoding              0x08001150   Section        0  robocon_canprotocol.o(i.Encoder_Feedback_Encoding)
    i.Encoder_init1                          0x080011ac   Section        0  system.o(i.Encoder_init1)
    i.FLASH_PrefetchBufferCmd                0x0800124c   Section        0  stm32f10x_flash.o(i.FLASH_PrefetchBufferCmd)
    i.FLASH_SetLatency                       0x08001268   Section        0  stm32f10x_flash.o(i.FLASH_SetLatency)
    i.Four_Bytes_Decomposition               0x08001280   Section        0  robocon_canprotocol.o(i.Four_Bytes_Decomposition)
    i.Four_Bytes_Reconstruction              0x080012ae   Section        0  robocon_canprotocol.o(i.Four_Bytes_Reconstruction)
    i.GPIO_Init                              0x080012ca   Section        0  stm32f10x_gpio.o(i.GPIO_Init)
    i.GPIO_PinRemapConfig                    0x080013e0   Section        0  stm32f10x_gpio.o(i.GPIO_PinRemapConfig)
    i.GPIO_ResetBits                         0x08001450   Section        0  stm32f10x_gpio.o(i.GPIO_ResetBits)
    i.GPIO_SetBits                           0x08001454   Section        0  stm32f10x_gpio.o(i.GPIO_SetBits)
    i.GPIO_WriteBit                          0x08001458   Section        0  stm32f10x_gpio.o(i.GPIO_WriteBit)
    i.GPIO_init                              0x08001464   Section        0  system.o(i.GPIO_init)
    i.General_Encoding                       0x080014b4   Section        0  robocon_canprotocol.o(i.General_Encoding)
    i.Gyro_Cmd_Decoding                      0x08001500   Section        0  robocon_canprotocol.o(i.Gyro_Cmd_Decoding)
    i.Motor_Cmd_Decoding                     0x08001580   Section        0  robocon_canprotocol.o(i.Motor_Cmd_Decoding)
    i.NVIC_Configuration                     0x080016a8   Section        0  system.o(i.NVIC_Configuration)
    i.NVIC_Init                              0x080016dc   Section        0  misc.o(i.NVIC_Init)
    i.NVIC_PriorityGroupConfig               0x0800174c   Section        0  misc.o(i.NVIC_PriorityGroupConfig)
    i.NVIC_SetVectorTable                    0x08001760   Section        0  misc.o(i.NVIC_SetVectorTable)
    i.RCC_ADCCLKConfig                       0x08001774   Section        0  stm32f10x_rcc.o(i.RCC_ADCCLKConfig)
    i.RCC_AHBPeriphClockCmd                  0x0800178c   Section        0  stm32f10x_rcc.o(i.RCC_AHBPeriphClockCmd)
    i.RCC_APB1PeriphClockCmd                 0x080017ac   Section        0  stm32f10x_rcc.o(i.RCC_APB1PeriphClockCmd)
    i.RCC_APB1PeriphResetCmd                 0x080017cc   Section        0  stm32f10x_rcc.o(i.RCC_APB1PeriphResetCmd)
    i.RCC_APB2PeriphClockCmd                 0x080017ec   Section        0  stm32f10x_rcc.o(i.RCC_APB2PeriphClockCmd)
    i.RCC_Configuration                      0x0800180c   Section        0  system.o(i.RCC_Configuration)
    i.RCC_DeInit                             0x08001828   Section        0  stm32f10x_rcc.o(i.RCC_DeInit)
    i.RCC_GetClocksFreq                      0x08001874   Section        0  stm32f10x_rcc.o(i.RCC_GetClocksFreq)
    i.RCC_GetFlagStatus                      0x08001948   Section        0  stm32f10x_rcc.o(i.RCC_GetFlagStatus)
    i.RCC_GetSYSCLKSource                    0x08001984   Section        0  stm32f10x_rcc.o(i.RCC_GetSYSCLKSource)
    i.RCC_HCLKConfig                         0x08001994   Section        0  stm32f10x_rcc.o(i.RCC_HCLKConfig)
    i.RCC_HSEConfig                          0x080019ac   Section        0  stm32f10x_rcc.o(i.RCC_HSEConfig)
    i.RCC_PCLK1Config                        0x080019f8   Section        0  stm32f10x_rcc.o(i.RCC_PCLK1Config)
    i.RCC_PCLK2Config                        0x08001a10   Section        0  stm32f10x_rcc.o(i.RCC_PCLK2Config)
    i.RCC_PLLCmd                             0x08001a28   Section        0  stm32f10x_rcc.o(i.RCC_PLLCmd)
    i.RCC_PLLConfig                          0x08001a34   Section        0  stm32f10x_rcc.o(i.RCC_PLLConfig)
    i.RCC_SYSCLKConfig                       0x08001a50   Section        0  stm32f10x_rcc.o(i.RCC_SYSCLKConfig)
    i.RCC_WaitForHSEStartUp                  0x08001a68   Section        0  stm32f10x_rcc.o(i.RCC_WaitForHSEStartUp)
    i.Send_Encoder                           0x08001aa0   Section        0  robocon_canprotocol.o(i.Send_Encoder)
    i.SetupClock                             0x08001af4   Section        0  system.o(i.SetupClock)
    i.SysTick_CLKSourceConfig                0x08001b5e   Section        0  misc.o(i.SysTick_CLKSourceConfig)
    i.SysTick_Configuration                  0x08001b88   Section        0  system.o(i.SysTick_Configuration)
    i.SysTick_Handler                        0x08001bec   Section        0  stm32f10x_it.o(i.SysTick_Handler)
    i.TI1_Config                             0x08001c00   Section        0  stm32f10x_tim.o(i.TI1_Config)
    TI1_Config                               0x08001c01   Thumb Code    56  stm32f10x_tim.o(i.TI1_Config)
    i.TI2_Config                             0x08001c38   Section        0  stm32f10x_tim.o(i.TI2_Config)
    TI2_Config                               0x08001c39   Thumb Code    80  stm32f10x_tim.o(i.TI2_Config)
    i.TI3_Config                             0x08001c88   Section        0  stm32f10x_tim.o(i.TI3_Config)
    TI3_Config                               0x08001c89   Thumb Code    72  stm32f10x_tim.o(i.TI3_Config)
    i.TI4_Config                             0x08001cd0   Section        0  stm32f10x_tim.o(i.TI4_Config)
    TI4_Config                               0x08001cd1   Thumb Code    82  stm32f10x_tim.o(i.TI4_Config)
    i.TIM4_IRQHandler                        0x08001d24   Section        0  ticks.o(i.TIM4_IRQHandler)
    i.TIM_ARRPreloadConfig                   0x08001d68   Section        0  stm32f10x_tim.o(i.TIM_ARRPreloadConfig)
    i.TIM_ClearFlag                          0x08001d80   Section        0  stm32f10x_tim.o(i.TIM_ClearFlag)
    i.TIM_ClearITPendingBit                  0x08001d86   Section        0  stm32f10x_tim.o(i.TIM_ClearITPendingBit)
    i.TIM_Cmd                                0x08001d8c   Section        0  stm32f10x_tim.o(i.TIM_Cmd)
    i.TIM_CtrlPWMOutputs                     0x08001da4   Section        0  stm32f10x_tim.o(i.TIM_CtrlPWMOutputs)
    i.TIM_EncoderInterfaceConfig             0x08001dc2   Section        0  stm32f10x_tim.o(i.TIM_EncoderInterfaceConfig)
    i.TIM_GetCounter                         0x08001e04   Section        0  stm32f10x_tim.o(i.TIM_GetCounter)
    i.TIM_ICInit                             0x08001e0a   Section        0  stm32f10x_tim.o(i.TIM_ICInit)
    i.TIM_ICStructInit                       0x08001e78   Section        0  stm32f10x_tim.o(i.TIM_ICStructInit)
    i.TIM_ITConfig                           0x08001e8a   Section        0  stm32f10x_tim.o(i.TIM_ITConfig)
    i.TIM_OC3Init                            0x08001e9c   Section        0  stm32f10x_tim.o(i.TIM_OC3Init)
    i.TIM_OC3PreloadConfig                   0x08001f34   Section        0  stm32f10x_tim.o(i.TIM_OC3PreloadConfig)
    i.TIM_SetCompare3                        0x08001f46   Section        0  stm32f10x_tim.o(i.TIM_SetCompare3)
    i.TIM_SetCounter                         0x08001f4a   Section        0  stm32f10x_tim.o(i.TIM_SetCounter)
    i.TIM_SetIC1Prescaler                    0x08001f4e   Section        0  stm32f10x_tim.o(i.TIM_SetIC1Prescaler)
    i.TIM_SetIC2Prescaler                    0x08001f60   Section        0  stm32f10x_tim.o(i.TIM_SetIC2Prescaler)
    i.TIM_SetIC3Prescaler                    0x08001f7a   Section        0  stm32f10x_tim.o(i.TIM_SetIC3Prescaler)
    i.TIM_SetIC4Prescaler                    0x08001f8c   Section        0  stm32f10x_tim.o(i.TIM_SetIC4Prescaler)
    i.TIM_TimeBaseInit                       0x08001fa8   Section        0  stm32f10x_tim.o(i.TIM_TimeBaseInit)
    i.Two_Bytes_Reconstruction               0x08001fe4   Section        0  robocon_canprotocol.o(i.Two_Bytes_Reconstruction)
    i.USART3_Configuration                   0x08001ff8   Section        0  system.o(i.USART3_Configuration)
    i.USART3_IRQHandler                      0x0800208c   Section        0  stm32f10x_it.o(i.USART3_IRQHandler)
    i.USART_ClockInit                        0x080021e4   Section        0  stm32f10x_usart.o(i.USART_ClockInit)
    i.USART_Cmd                              0x08002206   Section        0  stm32f10x_usart.o(i.USART_Cmd)
    i.USART_GetFlagStatus                    0x0800221e   Section        0  stm32f10x_usart.o(i.USART_GetFlagStatus)
    i.USART_ITConfig                         0x08002230   Section        0  stm32f10x_usart.o(i.USART_ITConfig)
    i.USART_Init                             0x08002270   Section        0  stm32f10x_usart.o(i.USART_Init)
    i.USART_ReceiveData                      0x0800230c   Section        0  stm32f10x_usart.o(i.USART_ReceiveData)
    i.USART_SendData                         0x08002316   Section        0  stm32f10x_usart.o(i.USART_SendData)
    i.USB_LP_CAN1_RX0_IRQHandler             0x08002320   Section        0  robocon_canprotocol.o(i.USB_LP_CAN1_RX0_IRQHandler)
    i._ADC_Configuration                     0x08002348   Section        0  system.o(i._ADC_Configuration)
    i._ADC_Initialization                    0x08002370   Section        0  system.o(i._ADC_Initialization)
    i._DMA_Configuration                     0x080023cc   Section        0  system.o(i._DMA_Configuration)
    i._DMA_Initialization                    0x080023d8   Section        0  system.o(i._DMA_Initialization)
    i.__scatterload_copy                     0x08002430   Section       14  handlers.o(i.__scatterload_copy)
    i.__scatterload_null                     0x0800243e   Section        2  handlers.o(i.__scatterload_null)
    i.__scatterload_zeroinit                 0x08002440   Section       14  handlers.o(i.__scatterload_zeroinit)
    i.__set_errno                            0x08002450   Section        0  errno.o(i.__set_errno)
    i.abs                                    0x0800245c   Section        0  pid_pos.o(i.abs)
    i.cali_user                              0x08002474   Section        0  pid_vel.o(i.cali_user)
    i.current_circle                         0x08002480   Section        0  pid_vel.o(i.current_circle)
    i.get_current                            0x0800259c   Section        0  pid_vel.o(i.get_current)
    i.get_ticks                              0x08002610   Section        0  ticks.o(i.get_ticks)
    i.increase_encoder                       0x0800261c   Section        0  pid_vel.o(i.increase_encoder)
    i.init_memory                            0x0800263c   Section        0  pid_vel.o(i.init_memory)
    i.main                                   0x08002658   Section        0  main.o(i.main)
    i.motion_set_motor                       0x080027c0   Section        0  motion.o(i.motion_set_motor)
    i.motor_lock                             0x08002814   Section        0  pid_vel.o(i.motor_lock)
    i.motor_set_position                     0x08002820   Section        0  pid_pos.o(i.motor_set_position)
    i.motor_set_pwm                          0x08002854   Section        0  pid_vel.o(i.motor_set_pwm)
    i.motor_set_pwm_current                  0x08002884   Section        0  pid_vel.o(i.motor_set_pwm_current)
    i.motor_set_speed                        0x08002898   Section        0  pid_vel.o(i.motor_set_speed)
    i.motor_zero                             0x080028ac   Section        0  pid_vel.o(i.motor_zero)
    i.pos_cal_function_mode                  0x080028b8   Section        0  pid_pos.o(i.pos_cal_function_mode)
    i.pos_move                               0x08002cc8   Section        0  pid_pos.o(i.pos_move)
    i.pos_move_function_mode                 0x08002d04   Section        0  pid_pos.o(i.pos_move_function_mode)
    i.pos_set_home                           0x08002d28   Section        0  pid_pos.o(i.pos_set_home)
    i.read_encoder                           0x08002d5c   Section        0  pid_vel.o(i.read_encoder)
    i.set_acceleration                       0x08002e88   Section        0  pid_vel.o(i.set_acceleration)
    i.set_pwm_to_motor                       0x08002ea8   Section        0  pid_vel.o(i.set_pwm_to_motor)
    i.sqrt                                   0x08002ef8   Section        0  sqrt.o(i.sqrt)
    i.system_init                            0x08002f44   Section        0  system.o(i.system_init)
    i.system_para_init                       0x08002f8c   Section        0  system.o(i.system_para_init)
    i.system_pwm_enable                      0x08002fa4   Section        0  system.o(i.system_pwm_enable)
    i.ticks_init                             0x08002fb4   Section        0  ticks.o(i.ticks_init)
    i.timer3_pwm_init                        0x08003008   Section        0  system.o(i.timer3_pwm_init)
    i.vel_calculate_pwm                      0x08003094   Section        0  pid_vel.o(i.vel_calculate_pwm)
    i.vel_err                                0x080031e0   Section        0  pid_vel.o(i.vel_err)
    i.vel_move                               0x0800336c   Section        0  pid_vel.o(i.vel_move)
    i.vel_n_pos                              0x080033d4   Section        0  pid_vel.o(i.vel_n_pos)
    i.vel_pwm                                0x080034b0   Section        0  pid_vel.o(i.vel_pwm)
    i.vel_pwm_current                        0x080034d4   Section        0  pid_vel.o(i.vel_pwm_current)
    i.vel_stop                               0x080036b0   Section        0  pid_vel.o(i.vel_stop)
    i.vel_zero                               0x08003720   Section        0  pid_vel.o(i.vel_zero)
    .data                                    0x20000000   Section       28  main.o(.data)
    .data                                    0x2000001c   Section       80  pid_pos.o(.data)
    .data                                    0x2000006c   Section      252  pid_vel.o(.data)
    .data                                    0x20000168   Section       50  robocon_canprotocol.o(.data)
    .data                                    0x2000019a   Section       28  system.o(.data)
    .data                                    0x200001b8   Section       36  stm32f10x_it.o(.data)
    .data                                    0x200001dc   Section        4  ticks.o(.data)
    .data                                    0x200001e0   Section       20  stm32f10x_rcc.o(.data)
    APBAHBPrescTable                         0x200001e0   Data          16  stm32f10x_rcc.o(.data)
    ADCPrescTable                            0x200001f0   Data           4  stm32f10x_rcc.o(.data)
    .data                                    0x200001f4   Section        4  errno.o(.data)
    _errno                                   0x200001f4   Data           4  errno.o(.data)
    .bss                                     0x200001f8   Section      108  pid_vel.o(.bss)
    .bss                                     0x20000264   Section     5180  robocon_can.o(.bss)
    .bss                                     0x200016a0   Section       16  system.o(.bss)
    .bss                                     0x200016b0   Section      400  stm32f10x_it.o(.bss)
    STACK                                    0x20001840   Section      512  startup_stm32f10x_md.o(STACK)

    Global Symbols

    Symbol Name                              Value     Ov Type        Size  Object(Section)

    BuildAttributes$$THM_ISAv4$P$D$K$B$S$PE$A:L22UL41UL21$X:L11$S22US41US21$IEEE1$IW$USESV6$~STKCKD$USESV7$~SHL$OTIME$ROPI$IEEEJ$EBA8$MICROLIB$REQ8$PRES8$EABIv2 0x00000000   Number         0  anon$$obj.o ABSOLUTE
    __ARM_use_no_argv                        0x00000000   Number         0  main.o ABSOLUTE
    __cpp_initialize__aeabi_                  - Undefined Weak Reference
    __cxa_finalize                            - Undefined Weak Reference
    _clock_init                               - Undefined Weak Reference
    _microlib_exit                            - Undefined Weak Reference
    __Vectors_Size                           0x000000ec   Number         0  startup_stm32f10x_md.o ABSOLUTE
    __Vectors                                0x08000000   Data           4  startup_stm32f10x_md.o(RESET)
    __Vectors_End                            0x080000ec   Data           0  startup_stm32f10x_md.o(RESET)
    __main                                   0x080000ed   Thumb Code     0  entry.o(.ARM.Collect$$$$00000000)
    _main_stk                                0x080000ed   Thumb Code     0  entry2.o(.ARM.Collect$$$$00000001)
    _main_scatterload                        0x080000f1   Thumb Code     0  entry5.o(.ARM.Collect$$$$00000004)
    __main_after_scatterload                 0x080000f5   Thumb Code     0  entry5.o(.ARM.Collect$$$$00000004)
    _main_clock                              0x080000f5   Thumb Code     0  entry7b.o(.ARM.Collect$$$$00000008)
    _main_cpp_init                           0x080000f5   Thumb Code     0  entry8b.o(.ARM.Collect$$$$0000000A)
    _main_init                               0x080000f5   Thumb Code     0  entry9a.o(.ARM.Collect$$$$0000000B)
    __rt_final_cpp                           0x080000fd   Thumb Code     0  entry10a.o(.ARM.Collect$$$$0000000D)
    __rt_final_exit                          0x080000fd   Thumb Code     0  entry11a.o(.ARM.Collect$$$$0000000F)
    Reset_Handler                            0x08000101   Thumb Code     4  startup_stm32f10x_md.o(.text)
    NMI_Handler                              0x08000105   Thumb Code     2  startup_stm32f10x_md.o(.text)
    HardFault_Handler                        0x08000107   Thumb Code     2  startup_stm32f10x_md.o(.text)
    MemManage_Handler                        0x08000109   Thumb Code     2  startup_stm32f10x_md.o(.text)
    BusFault_Handler                         0x0800010b   Thumb Code     2  startup_stm32f10x_md.o(.text)
    UsageFault_Handler                       0x0800010d   Thumb Code     2  startup_stm32f10x_md.o(.text)
    SVC_Handler                              0x0800010f   Thumb Code     2  startup_stm32f10x_md.o(.text)
    DebugMon_Handler                         0x08000111   Thumb Code     2  startup_stm32f10x_md.o(.text)
    PendSV_Handler                           0x08000113   Thumb Code     2  startup_stm32f10x_md.o(.text)
    ADC1_2_IRQHandler                        0x08000117   Thumb Code     0  startup_stm32f10x_md.o(.text)
    CAN1_RX1_IRQHandler                      0x08000117   Thumb Code     0  startup_stm32f10x_md.o(.text)
    CAN1_SCE_IRQHandler                      0x08000117   Thumb Code     0  startup_stm32f10x_md.o(.text)
    DMA1_Channel1_IRQHandler                 0x08000117   Thumb Code     0  startup_stm32f10x_md.o(.text)
    DMA1_Channel2_IRQHandler                 0x08000117   Thumb Code     0  startup_stm32f10x_md.o(.text)
    DMA1_Channel3_IRQHandler                 0x08000117   Thumb Code     0  startup_stm32f10x_md.o(.text)
    DMA1_Channel4_IRQHandler                 0x08000117   Thumb Code     0  startup_stm32f10x_md.o(.text)
    DMA1_Channel5_IRQHandler                 0x08000117   Thumb Code     0  startup_stm32f10x_md.o(.text)
    DMA1_Channel6_IRQHandler                 0x08000117   Thumb Code     0  startup_stm32f10x_md.o(.text)
    DMA1_Channel7_IRQHandler                 0x08000117   Thumb Code     0  startup_stm32f10x_md.o(.text)
    EXTI0_IRQHandler                         0x08000117   Thumb Code     0  startup_stm32f10x_md.o(.text)
    EXTI15_10_IRQHandler                     0x08000117   Thumb Code     0  startup_stm32f10x_md.o(.text)
    EXTI1_IRQHandler                         0x08000117   Thumb Code     0  startup_stm32f10x_md.o(.text)
    EXTI2_IRQHandler                         0x08000117   Thumb Code     0  startup_stm32f10x_md.o(.text)
    EXTI3_IRQHandler                         0x08000117   Thumb Code     0  startup_stm32f10x_md.o(.text)
    EXTI4_IRQHandler                         0x08000117   Thumb Code     0  startup_stm32f10x_md.o(.text)
    EXTI9_5_IRQHandler                       0x08000117   Thumb Code     0  startup_stm32f10x_md.o(.text)
    FLASH_IRQHandler                         0x08000117   Thumb Code     0  startup_stm32f10x_md.o(.text)
    I2C1_ER_IRQHandler                       0x08000117   Thumb Code     0  startup_stm32f10x_md.o(.text)
    I2C1_EV_IRQHandler                       0x08000117   Thumb Code     0  startup_stm32f10x_md.o(.text)
    I2C2_ER_IRQHandler                       0x08000117   Thumb Code     0  startup_stm32f10x_md.o(.text)
    I2C2_EV_IRQHandler                       0x08000117   Thumb Code     0  startup_stm32f10x_md.o(.text)
    PVD_IRQHandler                           0x08000117   Thumb Code     0  startup_stm32f10x_md.o(.text)
    RCC_IRQHandler                           0x08000117   Thumb Code     0  startup_stm32f10x_md.o(.text)
    RTCAlarm_IRQHandler                      0x08000117   Thumb Code     0  startup_stm32f10x_md.o(.text)
    RTC_IRQHandler                           0x08000117   Thumb Code     0  startup_stm32f10x_md.o(.text)
    SPI1_IRQHandler                          0x08000117   Thumb Code     0  startup_stm32f10x_md.o(.text)
    SPI2_IRQHandler                          0x08000117   Thumb Code     0  startup_stm32f10x_md.o(.text)
    TAMPER_IRQHandler                        0x08000117   Thumb Code     0  startup_stm32f10x_md.o(.text)
    TIM1_BRK_IRQHandler                      0x08000117   Thumb Code     0  startup_stm32f10x_md.o(.text)
    TIM1_CC_IRQHandler                       0x08000117   Thumb Code     0  startup_stm32f10x_md.o(.text)
    TIM1_TRG_COM_IRQHandler                  0x08000117   Thumb Code     0  startup_stm32f10x_md.o(.text)
    TIM1_UP_IRQHandler                       0x08000117   Thumb Code     0  startup_stm32f10x_md.o(.text)
    TIM2_IRQHandler                          0x08000117   Thumb Code     0  startup_stm32f10x_md.o(.text)
    TIM3_IRQHandler                          0x08000117   Thumb Code     0  startup_stm32f10x_md.o(.text)
    USART1_IRQHandler                        0x08000117   Thumb Code     0  startup_stm32f10x_md.o(.text)
    USART2_IRQHandler                        0x08000117   Thumb Code     0  startup_stm32f10x_md.o(.text)
    USBWakeUp_IRQHandler                     0x08000117   Thumb Code     0  startup_stm32f10x_md.o(.text)
    USB_HP_CAN1_TX_IRQHandler                0x08000117   Thumb Code     0  startup_stm32f10x_md.o(.text)
    WWDG_IRQHandler                          0x08000117   Thumb Code     0  startup_stm32f10x_md.o(.text)
    __aeabi_memcpy                           0x0800011d   Thumb Code    36  memcpya.o(.text)
    __aeabi_memcpy4                          0x0800011d   Thumb Code     0  memcpya.o(.text)
    __aeabi_memcpy8                          0x0800011d   Thumb Code     0  memcpya.o(.text)
    __aeabi_fadd                             0x08000141   Thumb Code   164  fadd.o(.text)
    __aeabi_fsub                             0x080001e5   Thumb Code     6  fadd.o(.text)
    __aeabi_frsub                            0x080001eb   Thumb Code     6  fadd.o(.text)
    __aeabi_fmul                             0x080001f1   Thumb Code   100  fmul.o(.text)
    __aeabi_fdiv                             0x08000255   Thumb Code   124  fdiv.o(.text)
    __aeabi_i2f                              0x080002d1   Thumb Code    18  fflti.o(.text)
    __aeabi_ui2f                             0x080002e3   Thumb Code    10  ffltui.o(.text)
    __aeabi_f2iz                             0x080002ed   Thumb Code    50  ffixi.o(.text)
    __aeabi_f2d                              0x0800031f   Thumb Code    38  f2d.o(.text)
    __aeabi_d2f                              0x08000345   Thumb Code    56  d2f.o(.text)
    __aeabi_cfcmpeq                          0x0800037d   Thumb Code     0  cfcmple.o(.text)
    __aeabi_cfcmple                          0x0800037d   Thumb Code    20  cfcmple.o(.text)
    __aeabi_cfrcmple                         0x08000391   Thumb Code    20  cfrcmple.o(.text)
    __I$use$fp                               0x080003a5   Thumb Code     0  iusefp.o(.text)
    _float_round                             0x080003a5   Thumb Code    18  fepilogue.o(.text)
    _float_epilogue                          0x080003b7   Thumb Code    92  fepilogue.o(.text)
    _dsqrt                                   0x08000413   Thumb Code   162  dsqrt.o(.text)
    __scatterload                            0x080004b5   Thumb Code    28  init.o(.text)
    __scatterload_rt2                        0x080004b5   Thumb Code     0  init.o(.text)
    __aeabi_llsl                             0x080004d9   Thumb Code    30  llshl.o(.text)
    _ll_shift_l                              0x080004d9   Thumb Code     0  llshl.o(.text)
    __aeabi_llsr                             0x080004f7   Thumb Code    32  llushr.o(.text)
    _ll_ushift_r                             0x080004f7   Thumb Code     0  llushr.o(.text)
    _double_round                            0x08000517   Thumb Code    30  depilogue.o(.text)
    _double_epilogue                         0x08000535   Thumb Code   156  depilogue.o(.text)
    __decompress                             0x080005d1   Thumb Code     0  __dczerorl2.o(.text)
    __decompress1                            0x080005d1   Thumb Code    86  __dczerorl2.o(.text)
    ADC_Calibaration                         0x08000629   Thumb Code    48  system.o(i.ADC_Calibaration)
    ADC_Cmd                                  0x0800065d   Thumb Code    22  stm32f10x_adc.o(i.ADC_Cmd)
    ADC_DMACmd                               0x08000673   Thumb Code    22  stm32f10x_adc.o(i.ADC_DMACmd)
    ADC_GetCalibrationStatus                 0x08000689   Thumb Code    20  stm32f10x_adc.o(i.ADC_GetCalibrationStatus)
    ADC_GetResetCalibrationStatus            0x0800069d   Thumb Code    20  stm32f10x_adc.o(i.ADC_GetResetCalibrationStatus)
    ADC_Init                                 0x080006b1   Thumb Code    70  stm32f10x_adc.o(i.ADC_Init)
    ADC_RegularChannelConfig                 0x08000701   Thumb Code   184  stm32f10x_adc.o(i.ADC_RegularChannelConfig)
    ADC_ResetCalibration                     0x080007b9   Thumb Code    10  stm32f10x_adc.o(i.ADC_ResetCalibration)
    ADC_SoftwareStartConvCmd                 0x080007c3   Thumb Code    22  stm32f10x_adc.o(i.ADC_SoftwareStartConvCmd)
    ADC_StartCalibration                     0x080007d9   Thumb Code    10  stm32f10x_adc.o(i.ADC_StartCalibration)
    ADC_calibration                          0x080007e5   Thumb Code   162  pid_vel.o(i.ADC_calibration)
    CAN_Configuration                        0x080008a5   Thumb Code   186  robocon_can.o(i.CAN_Configuration)
    CAN_DeInit                               0x08000965   Thumb Code    36  stm32f10x_can.o(i.CAN_DeInit)
    CAN_FIFORelease                          0x0800098d   Thumb Code    14  stm32f10x_can.o(i.CAN_FIFORelease)
    CAN_FilterInit                           0x0800099d   Thumb Code   258  stm32f10x_can.o(i.CAN_FilterInit)
    CAN_GPIO_Configuration                   0x08000aa5   Thumb Code    48  robocon_can.o(i.CAN_GPIO_Configuration)
    CAN_ITConfig                             0x08000ad9   Thumb Code    18  stm32f10x_can.o(i.CAN_ITConfig)
    CAN_Init                                 0x08000aeb   Thumb Code   280  stm32f10x_can.o(i.CAN_Init)
    CAN_NVIC_Configuration                   0x08000c03   Thumb Code    32  robocon_can.o(i.CAN_NVIC_Configuration)
    CAN_Receive                              0x08000c23   Thumb Code   234  stm32f10x_can.o(i.CAN_Receive)
    CAN_Rx_Processing                        0x08000d0d   Thumb Code    52  robocon_canprotocol.o(i.CAN_Rx_Processing)
    CAN_StructInit                           0x08000d41   Thumb Code    32  stm32f10x_can.o(i.CAN_StructInit)
    CAN_Transmit                             0x08000d61   Thumb Code   294  stm32f10x_can.o(i.CAN_Transmit)
    CAN_TransmitStatus                       0x08000e87   Thumb Code   142  stm32f10x_can.o(i.CAN_TransmitStatus)
    Cal_Feedback_Encoding                    0x08000f15   Thumb Code    40  robocon_canprotocol.o(i.Cal_Feedback_Encoding)
    Calibration_Done                         0x08000f3d   Thumb Code    74  robocon_canprotocol.o(i.Calibration_Done)
    DMA_Cmd                                  0x08000f8d   Thumb Code    22  stm32f10x_dma.o(i.DMA_Cmd)
    DMA_DeInit                               0x08000fa5   Thumb Code   306  stm32f10x_dma.o(i.DMA_DeInit)
    DMA_Init                                 0x080010e9   Thumb Code    60  stm32f10x_dma.o(i.DMA_Init)
    Device1_TX                               0x08001125   Thumb Code    34  robocon_can.o(i.Device1_TX)
    Encoder_Feedback_Encoding                0x08001151   Thumb Code    90  robocon_canprotocol.o(i.Encoder_Feedback_Encoding)
    Encoder_init1                            0x080011ad   Thumb Code   156  system.o(i.Encoder_init1)
    FLASH_PrefetchBufferCmd                  0x0800124d   Thumb Code    22  stm32f10x_flash.o(i.FLASH_PrefetchBufferCmd)
    FLASH_SetLatency                         0x08001269   Thumb Code    18  stm32f10x_flash.o(i.FLASH_SetLatency)
    Four_Bytes_Decomposition                 0x08001281   Thumb Code    46  robocon_canprotocol.o(i.Four_Bytes_Decomposition)
    Four_Bytes_Reconstruction                0x080012af   Thumb Code    28  robocon_canprotocol.o(i.Four_Bytes_Reconstruction)
    GPIO_Init                                0x080012cb   Thumb Code   278  stm32f10x_gpio.o(i.GPIO_Init)
    GPIO_PinRemapConfig                      0x080013e1   Thumb Code   106  stm32f10x_gpio.o(i.GPIO_PinRemapConfig)
    GPIO_ResetBits                           0x08001451   Thumb Code     4  stm32f10x_gpio.o(i.GPIO_ResetBits)
    GPIO_SetBits                             0x08001455   Thumb Code     4  stm32f10x_gpio.o(i.GPIO_SetBits)
    GPIO_WriteBit                            0x08001459   Thumb Code    10  stm32f10x_gpio.o(i.GPIO_WriteBit)
    GPIO_init                                0x08001465   Thumb Code    68  system.o(i.GPIO_init)
    General_Encoding                         0x080014b5   Thumb Code    76  robocon_canprotocol.o(i.General_Encoding)
    Gyro_Cmd_Decoding                        0x08001501   Thumb Code   128  robocon_canprotocol.o(i.Gyro_Cmd_Decoding)
    Motor_Cmd_Decoding                       0x08001581   Thumb Code   276  robocon_canprotocol.o(i.Motor_Cmd_Decoding)
    NVIC_Configuration                       0x080016a9   Thumb Code    50  system.o(i.NVIC_Configuration)
    NVIC_Init                                0x080016dd   Thumb Code   100  misc.o(i.NVIC_Init)
    NVIC_PriorityGroupConfig                 0x0800174d   Thumb Code    10  misc.o(i.NVIC_PriorityGroupConfig)
    NVIC_SetVectorTable                      0x08001761   Thumb Code    12  misc.o(i.NVIC_SetVectorTable)
    RCC_ADCCLKConfig                         0x08001775   Thumb Code    18  stm32f10x_rcc.o(i.RCC_ADCCLKConfig)
    RCC_AHBPeriphClockCmd                    0x0800178d   Thumb Code    26  stm32f10x_rcc.o(i.RCC_AHBPeriphClockCmd)
    RCC_APB1PeriphClockCmd                   0x080017ad   Thumb Code    26  stm32f10x_rcc.o(i.RCC_APB1PeriphClockCmd)
    RCC_APB1PeriphResetCmd                   0x080017cd   Thumb Code    26  stm32f10x_rcc.o(i.RCC_APB1PeriphResetCmd)
    RCC_APB2PeriphClockCmd                   0x080017ed   Thumb Code    26  stm32f10x_rcc.o(i.RCC_APB2PeriphClockCmd)
    RCC_Configuration                        0x0800180d   Thumb Code    22  system.o(i.RCC_Configuration)
    RCC_DeInit                               0x08001829   Thumb Code    62  stm32f10x_rcc.o(i.RCC_DeInit)
    RCC_GetClocksFreq                        0x08001875   Thumb Code   192  stm32f10x_rcc.o(i.RCC_GetClocksFreq)
    RCC_GetFlagStatus                        0x08001949   Thumb Code    56  stm32f10x_rcc.o(i.RCC_GetFlagStatus)
    RCC_GetSYSCLKSource                      0x08001985   Thumb Code    10  stm32f10x_rcc.o(i.RCC_GetSYSCLKSource)
    RCC_HCLKConfig                           0x08001995   Thumb Code    18  stm32f10x_rcc.o(i.RCC_HCLKConfig)
    RCC_HSEConfig                            0x080019ad   Thumb Code    70  stm32f10x_rcc.o(i.RCC_HSEConfig)
    RCC_PCLK1Config                          0x080019f9   Thumb Code    18  stm32f10x_rcc.o(i.RCC_PCLK1Config)
    RCC_PCLK2Config                          0x08001a11   Thumb Code    20  stm32f10x_rcc.o(i.RCC_PCLK2Config)
    RCC_PLLCmd                               0x08001a29   Thumb Code     6  stm32f10x_rcc.o(i.RCC_PLLCmd)
    RCC_PLLConfig                            0x08001a35   Thumb Code    24  stm32f10x_rcc.o(i.RCC_PLLConfig)
    RCC_SYSCLKConfig                         0x08001a51   Thumb Code    18  stm32f10x_rcc.o(i.RCC_SYSCLKConfig)
    RCC_WaitForHSEStartUp                    0x08001a69   Thumb Code    54  stm32f10x_rcc.o(i.RCC_WaitForHSEStartUp)
    Send_Encoder                             0x08001aa1   Thumb Code    78  robocon_canprotocol.o(i.Send_Encoder)
    SetupClock                               0x08001af5   Thumb Code   106  system.o(i.SetupClock)
    SysTick_CLKSourceConfig                  0x08001b5f   Thumb Code    40  misc.o(i.SysTick_CLKSourceConfig)
    SysTick_Configuration                    0x08001b89   Thumb Code    86  system.o(i.SysTick_Configuration)
    SysTick_Handler                          0x08001bed   Thumb Code    20  stm32f10x_it.o(i.SysTick_Handler)
    TIM4_IRQHandler                          0x08001d25   Thumb Code    54  ticks.o(i.TIM4_IRQHandler)
    TIM_ARRPreloadConfig                     0x08001d69   Thumb Code    24  stm32f10x_tim.o(i.TIM_ARRPreloadConfig)
    TIM_ClearFlag                            0x08001d81   Thumb Code     6  stm32f10x_tim.o(i.TIM_ClearFlag)
    TIM_ClearITPendingBit                    0x08001d87   Thumb Code     6  stm32f10x_tim.o(i.TIM_ClearITPendingBit)
    TIM_Cmd                                  0x08001d8d   Thumb Code    24  stm32f10x_tim.o(i.TIM_Cmd)
    TIM_CtrlPWMOutputs                       0x08001da5   Thumb Code    30  stm32f10x_tim.o(i.TIM_CtrlPWMOutputs)
    TIM_EncoderInterfaceConfig               0x08001dc3   Thumb Code    66  stm32f10x_tim.o(i.TIM_EncoderInterfaceConfig)
    TIM_GetCounter                           0x08001e05   Thumb Code     6  stm32f10x_tim.o(i.TIM_GetCounter)
    TIM_ICInit                               0x08001e0b   Thumb Code   110  stm32f10x_tim.o(i.TIM_ICInit)
    TIM_ICStructInit                         0x08001e79   Thumb Code    18  stm32f10x_tim.o(i.TIM_ICStructInit)
    TIM_ITConfig                             0x08001e8b   Thumb Code    18  stm32f10x_tim.o(i.TIM_ITConfig)
    TIM_OC3Init                              0x08001e9d   Thumb Code   144  stm32f10x_tim.o(i.TIM_OC3Init)
    TIM_OC3PreloadConfig                     0x08001f35   Thumb Code    18  stm32f10x_tim.o(i.TIM_OC3PreloadConfig)
    TIM_SetCompare3                          0x08001f47   Thumb Code     4  stm32f10x_tim.o(i.TIM_SetCompare3)
    TIM_SetCounter                           0x08001f4b   Thumb Code     4  stm32f10x_tim.o(i.TIM_SetCounter)
    TIM_SetIC1Prescaler                      0x08001f4f   Thumb Code    18  stm32f10x_tim.o(i.TIM_SetIC1Prescaler)
    TIM_SetIC2Prescaler                      0x08001f61   Thumb Code    26  stm32f10x_tim.o(i.TIM_SetIC2Prescaler)
    TIM_SetIC3Prescaler                      0x08001f7b   Thumb Code    18  stm32f10x_tim.o(i.TIM_SetIC3Prescaler)
    TIM_SetIC4Prescaler                      0x08001f8d   Thumb Code    26  stm32f10x_tim.o(i.TIM_SetIC4Prescaler)
    TIM_TimeBaseInit                         0x08001fa9   Thumb Code    50  stm32f10x_tim.o(i.TIM_TimeBaseInit)
    Two_Bytes_Reconstruction                 0x08001fe5   Thumb Code    18  robocon_canprotocol.o(i.Two_Bytes_Reconstruction)
    USART3_Configuration                     0x08001ff9   Thumb Code   122  system.o(i.USART3_Configuration)
    USART3_IRQHandler                        0x0800208d   Thumb Code   292  stm32f10x_it.o(i.USART3_IRQHandler)
    USART_ClockInit                          0x080021e5   Thumb Code    34  stm32f10x_usart.o(i.USART_ClockInit)
    USART_Cmd                                0x08002207   Thumb Code    24  stm32f10x_usart.o(i.USART_Cmd)
    USART_GetFlagStatus                      0x0800221f   Thumb Code    18  stm32f10x_usart.o(i.USART_GetFlagStatus)
    USART_ITConfig                           0x08002231   Thumb Code    64  stm32f10x_usart.o(i.USART_ITConfig)
    USART_Init                               0x08002271   Thumb Code   150  stm32f10x_usart.o(i.USART_Init)
    USART_ReceiveData                        0x0800230d   Thumb Code    10  stm32f10x_usart.o(i.USART_ReceiveData)
    USART_SendData                           0x08002317   Thumb Code     8  stm32f10x_usart.o(i.USART_SendData)
    USB_LP_CAN1_RX0_IRQHandler               0x08002321   Thumb Code    36  robocon_canprotocol.o(i.USB_LP_CAN1_RX0_IRQHandler)
    _ADC_Configuration                       0x08002349   Thumb Code    34  system.o(i._ADC_Configuration)
    _ADC_Initialization                      0x08002371   Thumb Code    86  system.o(i._ADC_Initialization)
    _DMA_Configuration                       0x080023cd   Thumb Code    12  system.o(i._DMA_Configuration)
    _DMA_Initialization                      0x080023d9   Thumb Code    74  system.o(i._DMA_Initialization)
    __scatterload_copy                       0x08002431   Thumb Code    14  handlers.o(i.__scatterload_copy)
    __scatterload_null                       0x0800243f   Thumb Code     2  handlers.o(i.__scatterload_null)
    __scatterload_zeroinit                   0x08002441   Thumb Code    14  handlers.o(i.__scatterload_zeroinit)
    __set_errno                              0x08002451   Thumb Code     6  errno.o(i.__set_errno)
    abs                                      0x0800245d   Thumb Code    24  pid_pos.o(i.abs)
    cali_user                                0x08002475   Thumb Code     8  pid_vel.o(i.cali_user)
    current_circle                           0x08002481   Thumb Code   232  pid_vel.o(i.current_circle)
    get_current                              0x0800259d   Thumb Code   100  pid_vel.o(i.get_current)
    get_ticks                                0x08002611   Thumb Code     6  ticks.o(i.get_ticks)
    increase_encoder                         0x0800261d   Thumb Code    22  pid_vel.o(i.increase_encoder)
    init_memory                              0x0800263d   Thumb Code    22  pid_vel.o(i.init_memory)
    main                                     0x08002659   Thumb Code   330  main.o(i.main)
    motion_set_motor                         0x080027c1   Thumb Code    76  motion.o(i.motion_set_motor)
    motor_lock                               0x08002815   Thumb Code     8  pid_vel.o(i.motor_lock)
    motor_set_position                       0x08002821   Thumb Code    38  pid_pos.o(i.motor_set_position)
    motor_set_pwm                            0x08002855   Thumb Code    36  pid_vel.o(i.motor_set_pwm)
    motor_set_pwm_current                    0x08002885   Thumb Code    12  pid_vel.o(i.motor_set_pwm_current)
    motor_set_speed                          0x08002899   Thumb Code    12  pid_vel.o(i.motor_set_speed)
    motor_zero                               0x080028ad   Thumb Code     8  pid_vel.o(i.motor_zero)
    pos_cal_function_mode                    0x080028b9   Thumb Code   968  pid_pos.o(i.pos_cal_function_mode)
    pos_move                                 0x08002cc9   Thumb Code    48  pid_pos.o(i.pos_move)
    pos_move_function_mode                   0x08002d05   Thumb Code    32  pid_pos.o(i.pos_move_function_mode)
    pos_set_home                             0x08002d29   Thumb Code    28  pid_pos.o(i.pos_set_home)
    read_encoder                             0x08002d5d   Thumb Code   262  pid_vel.o(i.read_encoder)
    set_acceleration                         0x08002e89   Thumb Code    24  pid_vel.o(i.set_acceleration)
    set_pwm_to_motor                         0x08002ea9   Thumb Code    66  pid_vel.o(i.set_pwm_to_motor)
    sqrt                                     0x08002ef9   Thumb Code    76  sqrt.o(i.sqrt)
    system_init                              0x08002f45   Thumb Code    66  system.o(i.system_init)
    system_para_init                         0x08002f8d   Thumb Code    18  system.o(i.system_para_init)
    system_pwm_enable                        0x08002fa5   Thumb Code    12  system.o(i.system_pwm_enable)
    ticks_init                               0x08002fb5   Thumb Code    80  ticks.o(i.ticks_init)
    timer3_pwm_init                          0x08003009   Thumb Code   126  system.o(i.timer3_pwm_init)
    vel_calculate_pwm                        0x08003095   Thumb Code   274  pid_vel.o(i.vel_calculate_pwm)
    vel_err                                  0x080031e1   Thumb Code   294  pid_vel.o(i.vel_err)
    vel_move                                 0x0800336d   Thumb Code    66  pid_vel.o(i.vel_move)
    vel_n_pos                                0x080033d5   Thumb Code   212  pid_vel.o(i.vel_n_pos)
    vel_pwm                                  0x080034b1   Thumb Code    20  pid_vel.o(i.vel_pwm)
    vel_pwm_current                          0x080034d5   Thumb Code   402  pid_vel.o(i.vel_pwm_current)
    vel_stop                                 0x080036b1   Thumb Code    72  pid_vel.o(i.vel_stop)
    vel_zero                                 0x08003721   Thumb Code    12  pid_vel.o(i.vel_zero)
    Region$$Table$$Base                      0x08003734   Number         0  anon$$obj.o(Region$$Table)
    Region$$Table$$Limit                     0x08003754   Number         0  anon$$obj.o(Region$$Table)
    conv_start                               0x20000000   Data           4  main.o(.data)
    conv_mode                                0x20000004   Data           4  main.o(.data)
    debug_mode                               0x20000008   Data           1  main.o(.data)
    test                                     0x20000009   Data           4  main.o(.data)
    delay_i                                  0x20000010   Data           4  main.o(.data)
    ticks_img                                0x20000014   Data           2  main.o(.data)
    index                                    0x20000016   Data           1  main.o(.data)
    integrated_dcount                        0x20000018   Data           4  main.o(.data)
    kp_pos                                   0x2000001c   Data           4  pid_pos.o(.data)
    ki_pos                                   0x20000020   Data           4  pid_pos.o(.data)
    kd_pos                                   0x20000024   Data           4  pid_pos.o(.data)
    max_acc                                  0x20000028   Data           4  pid_pos.o(.data)
    max_pwm                                  0x2000002c   Data           4  pid_pos.o(.data)
    min_ac                                   0x20000030   Data           4  pid_pos.o(.data)
    count_total                              0x20000034   Data           4  pid_pos.o(.data)
    count_init                               0x20000038   Data           4  pid_pos.o(.data)
    predictor                                0x2000003c   Data           4  pid_pos.o(.data)
    predict_parameter                        0x20000040   Data           4  pid_pos.o(.data)
    count_dest                               0x20000044   Data           4  pid_pos.o(.data)
    count_dest_p                             0x20000048   Data           4  pid_pos.o(.data)
    prev_pwm                                 0x2000004c   Data           4  pid_pos.o(.data)
    count_input                              0x20000050   Data           4  pid_pos.o(.data)
    encoder_count                            0x20000054   Data           4  pid_pos.o(.data)
    reach_token                              0x20000058   Data           1  pid_pos.o(.data)
    mode_bar                                 0x20000059   Data           1  pid_pos.o(.data)
    offset                                   0x2000005c   Data           4  pid_pos.o(.data)
    sqrt_rt1                                 0x20000060   Data           4  pid_pos.o(.data)
    sqrt_rt2                                 0x20000064   Data           4  pid_pos.o(.data)
    max_speed                                0x20000068   Data           4  pid_pos.o(.data)
    enable_bar                               0x2000006c   Data           1  pid_vel.o(.data)
    enable_bar_memory                        0x2000006d   Data           1  pid_vel.o(.data)
    kp1                                      0x20000070   Data           4  pid_vel.o(.data)
    ki1                                      0x20000074   Data           4  pid_vel.o(.data)
    kd1                                      0x20000078   Data           4  pid_vel.o(.data)
    kp2                                      0x2000007c   Data           4  pid_vel.o(.data)
    ki2                                      0x20000080   Data           4  pid_vel.o(.data)
    kd2                                      0x20000084   Data           4  pid_vel.o(.data)
    ip                                       0x20000088   Data           4  pid_vel.o(.data)
    ii                                       0x2000008c   Data           4  pid_vel.o(.data)
    id                                       0x20000090   Data           4  pid_vel.o(.data)
    kp11                                     0x20000094   Data           4  pid_vel.o(.data)
    ki11                                     0x20000098   Data           4  pid_vel.o(.data)
    kd11                                     0x2000009c   Data           4  pid_vel.o(.data)
    kp21                                     0x200000a0   Data           4  pid_vel.o(.data)
    ki21                                     0x200000a4   Data           4  pid_vel.o(.data)
    kd21                                     0x200000a8   Data           4  pid_vel.o(.data)
    cal_P                                    0x200000ac   Data           4  pid_vel.o(.data)
    cal_I                                    0x200000b0   Data           4  pid_vel.o(.data)
    cal_D                                    0x200000b4   Data           4  pid_vel.o(.data)
    PID                                      0x200000b8   Data           4  pid_vel.o(.data)
    err_curr                                 0x200000bc   Data           4  pid_vel.o(.data)
    err_prev1                                0x200000c0   Data           4  pid_vel.o(.data)
    err_prev2                                0x200000c4   Data           4  pid_vel.o(.data)
    err_total                                0x200000c8   Data           4  pid_vel.o(.data)
    abs_encoder                              0x200000cc   Data           4  pid_vel.o(.data)
    count                                    0x200000d0   Data           4  pid_vel.o(.data)
    r_count                                  0x200000d4   Data           4  pid_vel.o(.data)
    r_count_prev                             0x200000d8   Data           4  pid_vel.o(.data)
    d_count                                  0x200000dc   Data           4  pid_vel.o(.data)
    d_count_prev                             0x200000e0   Data           4  pid_vel.o(.data)
    d_cal                                    0x200000e4   Data           4  pid_vel.o(.data)
    d_carrier                                0x200000e8   Data           4  pid_vel.o(.data)
    memory_index                             0x200000ec   Data           2  pid_vel.o(.data)
    dir                                      0x200000ee   Data           1  pid_vel.o(.data)
    pwm                                      0x200000f0   Data           4  pid_vel.o(.data)
    pwm_init                                 0x200000f4   Data           4  pid_vel.o(.data)
    set_pwm                                  0x200000f8   Data           4  pid_vel.o(.data)
    set_dir                                  0x200000fc   Data           1  pid_vel.o(.data)
    vel_reach                                0x200000fd   Data           1  pid_vel.o(.data)
    counter_memory                           0x20000100   Data           4  pid_vel.o(.data)
    counter_index                            0x20000104   Data           2  pid_vel.o(.data)
    err_curr_pos                             0x20000108   Data           4  pid_vel.o(.data)
    err_prev1_pos                            0x2000010c   Data           4  pid_vel.o(.data)
    err_prev2_pos                            0x20000110   Data           4  pid_vel.o(.data)
    pos_init                                 0x20000114   Data           4  pid_vel.o(.data)
    increment                                0x20000118   Data           4  pid_vel.o(.data)
    user_speed                               0x2000011c   Data           4  pid_vel.o(.data)
    cali_done                                0x20000120   Data           1  pid_vel.o(.data)
    current_input                            0x20000124   Data           4  pid_vel.o(.data)
    ADC_offset                               0x20000128   Data           8  pid_vel.o(.data)
    tim_counter                              0x20000130   Data           2  pid_vel.o(.data)
    I_cal_P                                  0x20000134   Data           4  pid_vel.o(.data)
    I_cal_I                                  0x20000138   Data           4  pid_vel.o(.data)
    I_cal_D                                  0x2000013c   Data           4  pid_vel.o(.data)
    I_PID                                    0x20000140   Data           4  pid_vel.o(.data)
    I_err_curr                               0x20000144   Data           4  pid_vel.o(.data)
    I_err_prev1                              0x20000148   Data           4  pid_vel.o(.data)
    I_err_prev2                              0x2000014c   Data           4  pid_vel.o(.data)
    current_stream                           0x20000150   Data           8  pid_vel.o(.data)
    motor_current                            0x20000158   Data           4  pid_vel.o(.data)
    pwm_current                              0x2000015c   Data           4  pid_vel.o(.data)
    max_current                              0x20000160   Data           4  pid_vel.o(.data)
    r_cur                                    0x20000164   Data           4  pid_vel.o(.data)
    Robot_Coordinate_X                       0x20000168   Data           2  robocon_canprotocol.o(.data)
    Robot_Coordinate_Y                       0x2000016a   Data           2  robocon_canprotocol.o(.data)
    Robot_Angle                              0x2000016c   Data           2  robocon_canprotocol.o(.data)
    Robot_Velocity_X                         0x2000016e   Data           2  robocon_canprotocol.o(.data)
    Robot_Velocity_Y                         0x20000170   Data           2  robocon_canprotocol.o(.data)
    Robot_Angular_Velocity                   0x20000172   Data           2  robocon_canprotocol.o(.data)
    receive_counter                          0x20000174   Data           4  robocon_canprotocol.o(.data)
    test_motor_vel                           0x20000178   Data           4  robocon_canprotocol.o(.data)
    test_motor_flag                          0x2000017c   Data           1  robocon_canprotocol.o(.data)
    test_motor_vel_mag                       0x2000017e   Data           2  robocon_canprotocol.o(.data)
    test_motor_pos                           0x20000180   Data           4  robocon_canprotocol.o(.data)
    test_data1                               0x20000184   Data           4  robocon_canprotocol.o(.data)
    test_data2                               0x20000188   Data           4  robocon_canprotocol.o(.data)
    test_data3                               0x2000018c   Data           4  robocon_canprotocol.o(.data)
    test_data4                               0x20000190   Data           4  robocon_canprotocol.o(.data)
    Tx_QueueHead                             0x20000194   Data           1  robocon_canprotocol.o(.data)
    Tx_QueueTail                             0x20000195   Data           1  robocon_canprotocol.o(.data)
    Tx_QueueCounter                          0x20000196   Data           1  robocon_canprotocol.o(.data)
    Rx_QueueHead                             0x20000197   Data           1  robocon_canprotocol.o(.data)
    Rx_QueueTail                             0x20000198   Data           1  robocon_canprotocol.o(.data)
    Rx_QueueCounter                          0x20000199   Data           1  robocon_canprotocol.o(.data)
    USART_ClockInitStructure                 0x2000019a   Data           8  system.o(.data)
    GPIO_InitStructure                       0x200001a2   Data           4  system.o(.data)
    CCR1_Val                                 0x200001a6   Data           2  system.o(.data)
    CCR2_Val                                 0x200001a8   Data           2  system.o(.data)
    CCR3_Val                                 0x200001aa   Data           2  system.o(.data)
    CCR4_Val                                 0x200001ac   Data           2  system.o(.data)
    PrescalerValue                           0x200001ae   Data           2  system.o(.data)
    connect_state                            0x200001b0   Data           1  system.o(.data)
    control_state                            0x200001b1   Data           1  system.o(.data)
    ADC_ConvertedValue                       0x200001b2   Data           4  system.o(.data)
    cmd                                      0x200001b8   Data           2  stm32f10x_it.o(.data)
    cmd_flag                                 0x200001ba   Data           1  stm32f10x_it.o(.data)
    state                                    0x200001bb   Data           1  stm32f10x_it.o(.data)
    last_data                                0x200001bc   Data           1  stm32f10x_it.o(.data)
    data_cnt                                 0x200001bd   Data           1  stm32f10x_it.o(.data)
    tx_buffer_token                          0x200001be   Data           1  stm32f10x_it.o(.data)
    rx_data                                  0x200001bf   Data           1  stm32f10x_it.o(.data)
    tx_data                                  0x200001c0   Data           1  stm32f10x_it.o(.data)
    tx_data_index                            0x200001c1   Data           1  stm32f10x_it.o(.data)
    tx_data_size                             0x200001c2   Data           1  stm32f10x_it.o(.data)
    ticks                                    0x200001c4   Data           4  stm32f10x_it.o(.data)
    start                                    0x200001c8   Data           1  stm32f10x_it.o(.data)
    mode                                     0x200001c9   Data           1  stm32f10x_it.o(.data)
    check                                    0x200001cc   Data           4  stm32f10x_it.o(.data)
    clock                                    0x200001d0   Data           4  stm32f10x_it.o(.data)
    speed                                    0x200001d4   Data           4  stm32f10x_it.o(.data)
    i                                        0x200001d8   Data           4  stm32f10x_it.o(.data)
    main_ticks                               0x200001dc   Data           2  ticks.o(.data)
    seconds                                  0x200001de   Data           2  ticks.o(.data)
    dcount_memory                            0x200001f8   Data          80  pid_vel.o(.bss)
    histogram                                0x20000248   Data          28  pid_vel.o(.bss)
    TxMessage                                0x20000264   Data          20  robocon_can.o(.bss)
    RxMessage                                0x20000278   Data          20  robocon_can.o(.bss)
    CAN_Queue                                0x2000028c   Data        5120  robocon_can.o(.bss)
    CAN_queueHead                            0x2000168c   Data          20  robocon_can.o(.bss)
    USART_InitStructure                      0x200016a0   Data          16  system.o(.bss)
    rx_buffer                                0x200016b0   Data         200  stm32f10x_it.o(.bss)
    tx_buffer                                0x20001778   Data         200  stm32f10x_it.o(.bss)
    __initial_sp                             0x20001a40   Data           0  startup_stm32f10x_md.o(STACK)



==============================================================================

Memory Map of the image

  Image Entry point : 0x080000ed

  Load Region LR_IROM1 (Base: 0x08000000, Size: 0x0000394c, Max: 0x00020000, ABSOLUTE, COMPRESSED[0x00003798])

    Execution Region ER_IROM1 (Base: 0x08000000, Size: 0x00003754, Max: 0x00020000, ABSOLUTE)

    Base Addr    Size         Type   Attr      Idx    E Section Name        Object

    0x08000000   0x000000ec   Data   RO            3    RESET               startup_stm32f10x_md.o
    0x080000ec   0x00000000   Code   RO         2880  * .ARM.Collect$$$$00000000  mc_w.l(entry.o)
    0x080000ec   0x00000004   Code   RO         2935    .ARM.Collect$$$$00000001  mc_w.l(entry2.o)
    0x080000f0   0x00000004   Code   RO         2938    .ARM.Collect$$$$00000004  mc_w.l(entry5.o)
    0x080000f4   0x00000000   Code   RO         2940    .ARM.Collect$$$$00000008  mc_w.l(entry7b.o)
    0x080000f4   0x00000000   Code   RO         2942    .ARM.Collect$$$$0000000A  mc_w.l(entry8b.o)
    0x080000f4   0x00000008   Code   RO         2943    .ARM.Collect$$$$0000000B  mc_w.l(entry9a.o)
    0x080000fc   0x00000000   Code   RO         2945    .ARM.Collect$$$$0000000D  mc_w.l(entry10a.o)
    0x080000fc   0x00000000   Code   RO         2947    .ARM.Collect$$$$0000000F  mc_w.l(entry11a.o)
    0x080000fc   0x00000004   Code   RO         2936    .ARM.Collect$$$$00002712  mc_w.l(entry2.o)
    0x08000100   0x0000001c   Code   RO            4    .text               startup_stm32f10x_md.o
    0x0800011c   0x00000024   Code   RO         2883    .text               mc_w.l(memcpya.o)
    0x08000140   0x000000b0   Code   RO         2915    .text               mf_w.l(fadd.o)
    0x080001f0   0x00000064   Code   RO         2917    .text               mf_w.l(fmul.o)
    0x08000254   0x0000007c   Code   RO         2919    .text               mf_w.l(fdiv.o)
    0x080002d0   0x00000012   Code   RO         2921    .text               mf_w.l(fflti.o)
    0x080002e2   0x0000000a   Code   RO         2923    .text               mf_w.l(ffltui.o)
    0x080002ec   0x00000032   Code   RO         2925    .text               mf_w.l(ffixi.o)
    0x0800031e   0x00000026   Code   RO         2927    .text               mf_w.l(f2d.o)
    0x08000344   0x00000038   Code   RO         2929    .text               mf_w.l(d2f.o)
    0x0800037c   0x00000014   Code   RO         2931    .text               mf_w.l(cfcmple.o)
    0x08000390   0x00000014   Code   RO         2933    .text               mf_w.l(cfrcmple.o)
    0x080003a4   0x00000000   Code   RO         2961    .text               mc_w.l(iusefp.o)
    0x080003a4   0x0000006e   Code   RO         2962    .text               mf_w.l(fepilogue.o)
    0x08000412   0x000000a2   Code   RO         2970    .text               mf_w.l(dsqrt.o)
    0x080004b4   0x00000024   Code   RO         2978    .text               mc_w.l(init.o)
    0x080004d8   0x0000001e   Code   RO         2980    .text               mc_w.l(llshl.o)
    0x080004f6   0x00000020   Code   RO         2982    .text               mc_w.l(llushr.o)
    0x08000516   0x000000ba   Code   RO         2986    .text               mf_w.l(depilogue.o)
    0x080005d0   0x00000056   Code   RO         2996    .text               mc_w.l(__dczerorl2.o)
    0x08000626   0x00000002   PAD
    0x08000628   0x00000034   Code   RO          712    i.ADC_Calibaration  system.o
    0x0800065c   0x00000016   Code   RO         1020    i.ADC_Cmd           stm32f10x_adc.o
    0x08000672   0x00000016   Code   RO         1021    i.ADC_DMACmd        stm32f10x_adc.o
    0x08000688   0x00000014   Code   RO         1028    i.ADC_GetCalibrationStatus  stm32f10x_adc.o
    0x0800069c   0x00000014   Code   RO         1034    i.ADC_GetResetCalibrationStatus  stm32f10x_adc.o
    0x080006b0   0x00000050   Code   RO         1038    i.ADC_Init          stm32f10x_adc.o
    0x08000700   0x000000b8   Code   RO         1042    i.ADC_RegularChannelConfig  stm32f10x_adc.o
    0x080007b8   0x0000000a   Code   RO         1043    i.ADC_ResetCalibration  stm32f10x_adc.o
    0x080007c2   0x00000016   Code   RO         1045    i.ADC_SoftwareStartConvCmd  stm32f10x_adc.o
    0x080007d8   0x0000000a   Code   RO         1047    i.ADC_StartCalibration  stm32f10x_adc.o
    0x080007e2   0x00000002   PAD
    0x080007e4   0x000000c0   Code   RO          194    i.ADC_calibration   pid_vel.o
    0x080008a4   0x000000c0   Code   RO          379    i.CAN_Configuration  robocon_can.o
    0x08000964   0x00000028   Code   RO         2662    i.CAN_DeInit        stm32f10x_can.o
    0x0800098c   0x0000000e   Code   RO         2663    i.CAN_FIFORelease   stm32f10x_can.o
    0x0800099a   0x00000002   PAD
    0x0800099c   0x00000108   Code   RO         2664    i.CAN_FilterInit    stm32f10x_can.o
    0x08000aa4   0x00000034   Code   RO          380    i.CAN_GPIO_Configuration  robocon_can.o
    0x08000ad8   0x00000012   Code   RO         2667    i.CAN_ITConfig      stm32f10x_can.o
    0x08000aea   0x00000118   Code   RO         2668    i.CAN_Init          stm32f10x_can.o
    0x08000c02   0x00000020   Code   RO          381    i.CAN_NVIC_Configuration  robocon_can.o
    0x08000c22   0x000000ea   Code   RO         2670    i.CAN_Receive       stm32f10x_can.o
    0x08000d0c   0x00000034   Code   RO          458    i.CAN_Rx_Processing  robocon_canprotocol.o
    0x08000d40   0x00000020   Code   RO         2672    i.CAN_StructInit    stm32f10x_can.o
    0x08000d60   0x00000126   Code   RO         2673    i.CAN_Transmit      stm32f10x_can.o
    0x08000e86   0x0000008e   Code   RO         2674    i.CAN_TransmitStatus  stm32f10x_can.o
    0x08000f14   0x00000028   Code   RO          465    i.Cal_Feedback_Encoding  robocon_canprotocol.o
    0x08000f3c   0x00000050   Code   RO          466    i.Calibration_Done  robocon_canprotocol.o
    0x08000f8c   0x00000016   Code   RO         1238    i.DMA_Cmd           stm32f10x_dma.o
    0x08000fa2   0x00000002   PAD
    0x08000fa4   0x00000144   Code   RO         1239    i.DMA_DeInit        stm32f10x_dma.o
    0x080010e8   0x0000003c   Code   RO         1244    i.DMA_Init          stm32f10x_dma.o
    0x08001124   0x0000002c   Code   RO          385    i.Device1_TX        robocon_can.o
    0x08001150   0x0000005a   Code   RO          471    i.Encoder_Feedback_Encoding  robocon_canprotocol.o
    0x080011aa   0x00000002   PAD
    0x080011ac   0x000000a0   Code   RO          713    i.Encoder_init1     system.o
    0x0800124c   0x0000001c   Code   RO         1828    i.FLASH_PrefetchBufferCmd  stm32f10x_flash.o
    0x08001268   0x00000018   Code   RO         1833    i.FLASH_SetLatency  stm32f10x_flash.o
    0x08001280   0x0000002e   Code   RO          472    i.Four_Bytes_Decomposition  robocon_canprotocol.o
    0x080012ae   0x0000001c   Code   RO          473    i.Four_Bytes_Reconstruction  robocon_canprotocol.o
    0x080012ca   0x00000116   Code   RO         1307    i.GPIO_Init         stm32f10x_gpio.o
    0x080013e0   0x00000070   Code   RO         1309    i.GPIO_PinRemapConfig  stm32f10x_gpio.o
    0x08001450   0x00000004   Code   RO         1314    i.GPIO_ResetBits    stm32f10x_gpio.o
    0x08001454   0x00000004   Code   RO         1315    i.GPIO_SetBits      stm32f10x_gpio.o
    0x08001458   0x0000000a   Code   RO         1318    i.GPIO_WriteBit     stm32f10x_gpio.o
    0x08001462   0x00000002   PAD
    0x08001464   0x00000050   Code   RO          714    i.GPIO_init         system.o
    0x080014b4   0x0000004c   Code   RO          474    i.General_Encoding  robocon_canprotocol.o
    0x08001500   0x00000080   Code   RO          476    i.Gyro_Cmd_Decoding  robocon_canprotocol.o
    0x08001580   0x00000128   Code   RO          479    i.Motor_Cmd_Decoding  robocon_canprotocol.o
    0x080016a8   0x00000032   Code   RO          715    i.NVIC_Configuration  system.o
    0x080016da   0x00000002   PAD
    0x080016dc   0x00000070   Code   RO         1778    i.NVIC_Init         misc.o
    0x0800174c   0x00000014   Code   RO         1779    i.NVIC_PriorityGroupConfig  misc.o
    0x08001760   0x00000014   Code   RO         1780    i.NVIC_SetVectorTable  misc.o
    0x08001774   0x00000018   Code   RO         1410    i.RCC_ADCCLKConfig  stm32f10x_rcc.o
    0x0800178c   0x00000020   Code   RO         1411    i.RCC_AHBPeriphClockCmd  stm32f10x_rcc.o
    0x080017ac   0x00000020   Code   RO         1412    i.RCC_APB1PeriphClockCmd  stm32f10x_rcc.o
    0x080017cc   0x00000020   Code   RO         1413    i.RCC_APB1PeriphResetCmd  stm32f10x_rcc.o
    0x080017ec   0x00000020   Code   RO         1414    i.RCC_APB2PeriphClockCmd  stm32f10x_rcc.o
    0x0800180c   0x0000001c   Code   RO          716    i.RCC_Configuration  system.o
    0x08001828   0x0000004c   Code   RO         1421    i.RCC_DeInit        stm32f10x_rcc.o
    0x08001874   0x000000d4   Code   RO         1422    i.RCC_GetClocksFreq  stm32f10x_rcc.o
    0x08001948   0x0000003c   Code   RO         1423    i.RCC_GetFlagStatus  stm32f10x_rcc.o
    0x08001984   0x00000010   Code   RO         1425    i.RCC_GetSYSCLKSource  stm32f10x_rcc.o
    0x08001994   0x00000018   Code   RO         1426    i.RCC_HCLKConfig    stm32f10x_rcc.o
    0x080019ac   0x0000004c   Code   RO         1427    i.RCC_HSEConfig     stm32f10x_rcc.o
    0x080019f8   0x00000018   Code   RO         1433    i.RCC_PCLK1Config   stm32f10x_rcc.o
    0x08001a10   0x00000018   Code   RO         1434    i.RCC_PCLK2Config   stm32f10x_rcc.o
    0x08001a28   0x0000000c   Code   RO         1435    i.RCC_PLLCmd        stm32f10x_rcc.o
    0x08001a34   0x0000001c   Code   RO         1436    i.RCC_PLLConfig     stm32f10x_rcc.o
    0x08001a50   0x00000018   Code   RO         1439    i.RCC_SYSCLKConfig  stm32f10x_rcc.o
    0x08001a68   0x00000036   Code   RO         1441    i.RCC_WaitForHSEStartUp  stm32f10x_rcc.o
    0x08001a9e   0x00000002   PAD
    0x08001aa0   0x00000054   Code   RO          488    i.Send_Encoder      robocon_canprotocol.o
    0x08001af4   0x0000006a   Code   RO          717    i.SetupClock        system.o
    0x08001b5e   0x00000028   Code   RO         1782    i.SysTick_CLKSourceConfig  misc.o
    0x08001b86   0x00000002   PAD
    0x08001b88   0x00000064   Code   RO          718    i.SysTick_Configuration  system.o
    0x08001bec   0x00000014   Code   RO          823    i.SysTick_Handler   stm32f10x_it.o
    0x08001c00   0x00000038   Code   RO         2110    i.TI1_Config        stm32f10x_tim.o
    0x08001c38   0x00000050   Code   RO         2111    i.TI2_Config        stm32f10x_tim.o
    0x08001c88   0x00000048   Code   RO         2112    i.TI3_Config        stm32f10x_tim.o
    0x08001cd0   0x00000052   Code   RO         2113    i.TI4_Config        stm32f10x_tim.o
    0x08001d22   0x00000002   PAD
    0x08001d24   0x00000044   Code   RO          849    i.TIM4_IRQHandler   ticks.o
    0x08001d68   0x00000018   Code   RO         2114    i.TIM_ARRPreloadConfig  stm32f10x_tim.o
    0x08001d80   0x00000006   Code   RO         2120    i.TIM_ClearFlag     stm32f10x_tim.o
    0x08001d86   0x00000006   Code   RO         2121    i.TIM_ClearITPendingBit  stm32f10x_tim.o
    0x08001d8c   0x00000018   Code   RO         2126    i.TIM_Cmd           stm32f10x_tim.o
    0x08001da4   0x0000001e   Code   RO         2128    i.TIM_CtrlPWMOutputs  stm32f10x_tim.o
    0x08001dc2   0x00000042   Code   RO         2135    i.TIM_EncoderInterfaceConfig  stm32f10x_tim.o
    0x08001e04   0x00000006   Code   RO         2145    i.TIM_GetCounter    stm32f10x_tim.o
    0x08001e0a   0x0000006e   Code   RO         2149    i.TIM_ICInit        stm32f10x_tim.o
    0x08001e78   0x00000012   Code   RO         2150    i.TIM_ICStructInit  stm32f10x_tim.o
    0x08001e8a   0x00000012   Code   RO         2151    i.TIM_ITConfig      stm32f10x_tim.o
    0x08001e9c   0x00000098   Code   RO         2165    i.TIM_OC3Init       stm32f10x_tim.o
    0x08001f34   0x00000012   Code   RO         2168    i.TIM_OC3PreloadConfig  stm32f10x_tim.o
    0x08001f46   0x00000004   Code   RO         2189    i.TIM_SetCompare3   stm32f10x_tim.o
    0x08001f4a   0x00000004   Code   RO         2191    i.TIM_SetCounter    stm32f10x_tim.o
    0x08001f4e   0x00000012   Code   RO         2192    i.TIM_SetIC1Prescaler  stm32f10x_tim.o
    0x08001f60   0x0000001a   Code   RO         2193    i.TIM_SetIC2Prescaler  stm32f10x_tim.o
    0x08001f7a   0x00000012   Code   RO         2194    i.TIM_SetIC3Prescaler  stm32f10x_tim.o
    0x08001f8c   0x0000001a   Code   RO         2195    i.TIM_SetIC4Prescaler  stm32f10x_tim.o
    0x08001fa6   0x00000002   PAD
    0x08001fa8   0x0000003c   Code   RO         2197    i.TIM_TimeBaseInit  stm32f10x_tim.o
    0x08001fe4   0x00000012   Code   RO          491    i.Two_Bytes_Reconstruction  robocon_canprotocol.o
    0x08001ff6   0x00000002   PAD
    0x08001ff8   0x00000094   Code   RO          719    i.USART3_Configuration  system.o
    0x0800208c   0x00000158   Code   RO          824    i.USART3_IRQHandler  stm32f10x_it.o
    0x080021e4   0x00000022   Code   RO         1612    i.USART_ClockInit   stm32f10x_usart.o
    0x08002206   0x00000018   Code   RO         1614    i.USART_Cmd         stm32f10x_usart.o
    0x0800221e   0x00000012   Code   RO         1617    i.USART_GetFlagStatus  stm32f10x_usart.o
    0x08002230   0x00000040   Code   RO         1620    i.USART_ITConfig    stm32f10x_usart.o
    0x08002270   0x0000009c   Code   RO         1621    i.USART_Init        stm32f10x_usart.o
    0x0800230c   0x0000000a   Code   RO         1626    i.USART_ReceiveData  stm32f10x_usart.o
    0x08002316   0x00000008   Code   RO         1629    i.USART_SendData    stm32f10x_usart.o
    0x0800231e   0x00000002   PAD
    0x08002320   0x00000028   Code   RO          492    i.USB_LP_CAN1_RX0_IRQHandler  robocon_canprotocol.o
    0x08002348   0x00000028   Code   RO          720    i._ADC_Configuration  system.o
    0x08002370   0x0000005c   Code   RO          721    i._ADC_Initialization  system.o
    0x080023cc   0x0000000c   Code   RO          722    i._DMA_Configuration  system.o
    0x080023d8   0x00000058   Code   RO          723    i._DMA_Initialization  system.o
    0x08002430   0x0000000e   Code   RO         2990    i.__scatterload_copy  mc_w.l(handlers.o)
    0x0800243e   0x00000002   Code   RO         2991    i.__scatterload_null  mc_w.l(handlers.o)
    0x08002440   0x0000000e   Code   RO         2992    i.__scatterload_zeroinit  mc_w.l(handlers.o)
    0x0800244e   0x00000002   PAD
    0x08002450   0x0000000c   Code   RO         2956    i.__set_errno       mc_w.l(errno.o)
    0x0800245c   0x00000018   Code   RO          120    i.abs               pid_pos.o
    0x08002474   0x0000000c   Code   RO          195    i.cali_user         pid_vel.o
    0x08002480   0x0000011c   Code   RO          197    i.current_circle    pid_vel.o
    0x0800259c   0x00000074   Code   RO          198    i.get_current       pid_vel.o
    0x08002610   0x0000000c   Code   RO          851    i.get_ticks         ticks.o
    0x0800261c   0x00000020   Code   RO          199    i.increase_encoder  pid_vel.o
    0x0800263c   0x0000001c   Code   RO          200    i.init_memory       pid_vel.o
    0x08002658   0x00000168   Code   RO           73    i.main              main.o
    0x080027c0   0x00000054   Code   RO           10    i.motion_set_motor  motion.o
    0x08002814   0x0000000c   Code   RO          201    i.motor_lock        pid_vel.o
    0x08002820   0x00000034   Code   RO          121    i.motor_set_position  pid_pos.o
    0x08002854   0x00000030   Code   RO          202    i.motor_set_pwm     pid_vel.o
    0x08002884   0x00000014   Code   RO          203    i.motor_set_pwm_current  pid_vel.o
    0x08002898   0x00000014   Code   RO          204    i.motor_set_speed   pid_vel.o
    0x080028ac   0x0000000c   Code   RO          205    i.motor_zero        pid_vel.o
    0x080028b8   0x00000410   Code   RO          122    i.pos_cal_function_mode  pid_pos.o
    0x08002cc8   0x0000003c   Code   RO          125    i.pos_move          pid_pos.o
    0x08002d04   0x00000024   Code   RO          126    i.pos_move_function_mode  pid_pos.o
    0x08002d28   0x00000034   Code   RO          127    i.pos_set_home      pid_pos.o
    0x08002d5c   0x0000012c   Code   RO          206    i.read_encoder      pid_vel.o
    0x08002e88   0x00000020   Code   RO          207    i.set_acceleration  pid_vel.o
    0x08002ea8   0x00000050   Code   RO          208    i.set_pwm_to_motor  pid_vel.o
    0x08002ef8   0x0000004c   Code   RO         2873    i.sqrt              m_ws.l(sqrt.o)
    0x08002f44   0x00000048   Code   RO          724    i.system_init       system.o
    0x08002f8c   0x00000018   Code   RO          725    i.system_para_init  system.o
    0x08002fa4   0x00000010   Code   RO          726    i.system_pwm_enable  system.o
    0x08002fb4   0x00000054   Code   RO          852    i.ticks_init        ticks.o
    0x08003008   0x0000008c   Code   RO          727    i.timer3_pwm_init   system.o
    0x08003094   0x0000014c   Code   RO          209    i.vel_calculate_pwm  pid_vel.o
    0x080031e0   0x0000018c   Code   RO          210    i.vel_err           pid_vel.o
    0x0800336c   0x00000068   Code   RO          213    i.vel_move          pid_vel.o
    0x080033d4   0x000000dc   Code   RO          214    i.vel_n_pos         pid_vel.o
    0x080034b0   0x00000024   Code   RO          215    i.vel_pwm           pid_vel.o
    0x080034d4   0x000001dc   Code   RO          216    i.vel_pwm_current   pid_vel.o
    0x080036b0   0x00000070   Code   RO          221    i.vel_stop          pid_vel.o
    0x08003720   0x00000014   Code   RO          222    i.vel_zero          pid_vel.o
    0x08003734   0x00000020   Data   RO         2988    Region$$Table       anon$$obj.o


    Execution Region RW_IRAM1 (Base: 0x20000000, Size: 0x00001a40, Max: 0x00005000, ABSOLUTE, COMPRESSED[0x00000044])

    Base Addr    Size         Type   Attr      Idx    E Section Name        Object

    0x20000000   0x0000001c   Data   RW           74    .data               main.o
    0x2000001c   0x00000050   Data   RW          130    .data               pid_pos.o
    0x2000006c   0x000000fc   Data   RW          224    .data               pid_vel.o
    0x20000168   0x00000032   Data   RW          499    .data               robocon_canprotocol.o
    0x2000019a   0x0000001c   Data   RW          729    .data               system.o
    0x200001b6   0x00000002   PAD
    0x200001b8   0x00000024   Data   RW          826    .data               stm32f10x_it.o
    0x200001dc   0x00000004   Data   RW          853    .data               ticks.o
    0x200001e0   0x00000014   Data   RW         1442    .data               stm32f10x_rcc.o
    0x200001f4   0x00000004   Data   RW         2957    .data               mc_w.l(errno.o)
    0x200001f8   0x0000006c   Zero   RW          223    .bss                pid_vel.o
    0x20000264   0x0000143c   Zero   RW          390    .bss                robocon_can.o
    0x200016a0   0x00000010   Zero   RW          728    .bss                system.o
    0x200016b0   0x00000190   Zero   RW          825    .bss                stm32f10x_it.o
    0x20001840   0x00000200   Zero   RW            1    STACK               startup_stm32f10x_md.o


==============================================================================

Image component sizes


      Code (inc. data)   RO Data    RW Data    ZI Data      Debug   Object Name

       360         30          0         28          0       2658   main.o
       192         30          0          0          0       2707   misc.o
        84          8          0          0          0     275171   motion.o
      1264        126          0         80          0       4414   pid_pos.o
      2884        558          0        252        108      15099   pid_vel.o
       320         20          0          0       5180       3446   robocon_can.o
       978         36          0         50          0      11707   robocon_canprotocol.o
        28          4        236          0        512        876   startup_stm32f10x_md.o
       390         10          0          0          0       7577   stm32f10x_adc.o
      1318         10          0          0          0       7669   stm32f10x_can.o
       406         18          0          0          0       2906   stm32f10x_dma.o
        52         12          0          0          0       1137   stm32f10x_flash.o
       408          6          0          0          0       4302   stm32f10x_gpio.o
       364         52          0         36        400       2880   stm32f10x_it.o
       782        112          0         20          0      12614   stm32f10x_rcc.o
       924         18          0          0          0      17258   stm32f10x_tim.o
       314          6          0          0          0       6023   stm32f10x_usart.o
      1208        122          0         28         16      25513   system.o
       164         24          0          4          0     216636   ticks.o

    ----------------------------------------------------------------------
     12464       1202        268        500       6216     620593   Object Totals
         0          0         32          0          0          0   (incl. Generated)
        24          0          0          2          0          0   (incl. Padding)

    ----------------------------------------------------------------------

      Code (inc. data)   RO Data    RW Data    ZI Data      Debug   Library Member Name

        76          0          0          0          0         84   sqrt.o
        86          0          0          0          0          0   __dczerorl2.o
         0          0          0          0          0          0   entry.o
         0          0          0          0          0          0   entry10a.o
         0          0          0          0          0          0   entry11a.o
         8          4          0          0          0          0   entry2.o
         4          0          0          0          0          0   entry5.o
         0          0          0          0          0          0   entry7b.o
         0          0          0          0          0          0   entry8b.o
         8          4          0          0          0          0   entry9a.o
        12          6          0          4          0         68   errno.o
        30          0          0          0          0          0   handlers.o
        36          8          0          0          0         68   init.o
         0          0          0          0          0          0   iusefp.o
        30          0          0          0          0         68   llshl.o
        32          0          0          0          0         68   llushr.o
        36          0          0          0          0         68   memcpya.o
        20          0          0          0          0         68   cfcmple.o
        20          0          0          0          0         68   cfrcmple.o
        56          0          0          0          0         88   d2f.o
       186          0          0          0          0        176   depilogue.o
       162          0          0          0          0        100   dsqrt.o
        38          0          0          0          0         68   f2d.o
       176          0          0          0          0        140   fadd.o
       124          0          0          0          0         88   fdiv.o
       110          0          0          0          0        168   fepilogue.o
        50          0          0          0          0         68   ffixi.o
        18          0          0          0          0         68   fflti.o
        10          0          0          0          0         68   ffltui.o
       100          0          0          0          0         76   fmul.o

    ----------------------------------------------------------------------
      1432         22          0          4          0       1668   Library Totals
         4          0          0          0          0          0   (incl. Padding)

    ----------------------------------------------------------------------

      Code (inc. data)   RO Data    RW Data    ZI Data      Debug   Library Name

        76          0          0          0          0         84   m_ws.l
       282         22          0          4          0        340   mc_w.l
      1070          0          0          0          0       1244   mf_w.l

    ----------------------------------------------------------------------
      1432         22          0          4          0       1668   Library Totals

    ----------------------------------------------------------------------

==============================================================================


      Code (inc. data)   RO Data    RW Data    ZI Data      Debug   

     13896       1224        268        504       6216     614225   Grand Totals
     13896       1224        268         68       6216     614225   ELF Image Totals (compressed)
     13896       1224        268         68          0          0   ROM Totals

==============================================================================

    Total RO  Size (Code + RO Data)                14164 (  13.83kB)
    Total RW  Size (RW Data + ZI Data)              6720 (   6.56kB)
    Total ROM Size (Code + RO Data + RW Data)      14232 (  13.90kB)

==============================================================================

