<html>
<body>
<pre>
<h1>µVision Build Log</h1>
<h2>Project:</h2>
C:\Users\Kenneth Au\Dropbox\Documents\HKUST\Robocon 2015\Software\mainboard\vf_template\Project.uvproj
Project File Date:  01/02/2015

<h2>Output:</h2>
Build target 'stm32_template'
assembling startup_stm32f10x_xl.s...
linking...
.\output\stm32_template.sct(7): error: L6235E: More than one section matches selector - cannot all be FIRST/LAST.
".\output\stm32_template.axf" - 1 Error(s), 0 Warning(s).
Build target 'stm32_template'
linking...
Program Size: Code=13628 RO-data=428 RW-data=536 ZI-data=3272  
FromELF: creating hex file...
".\output\stm32_template.axf" - 0 Error(s), 0 Warning(s).
Build target 'stm32_template'
compiling main.c...
src\main.c(36): warning:  #940-D: missing return statement at end of non-void function "y"
compiling robocon.c...
src\robocon.c(5): warning:  #940-D: missing return statement at end of non-void function "y"
linking...
.\output\stm32_template.axf: Error: L6200E: Symbol y multiply defined (by robocon.o and main.o).
Target not created
Build target 'stm32_template'
compiling main.c...
src\main.c(36): warning:  #940-D: missing return statement at end of non-void function "y"
compiling buzzer.c...
src\ustrobo_min_system\src\buzzer.c(17): error:  #20: identifier "afasd" is undefined
src\ustrobo_min_system\src\buzzer.c(35): warning:  #69-D: integer conversion resulted in truncation
Target not created
Build target 'stm32_template'
compiling main.c...
src\main.c(36): warning:  #940-D: missing return statement at end of non-void function "y"
compiling buzzer.c...
src\ustrobo_min_system\src\buzzer.c(17): error:  #29: expected an expression
src\ustrobo_min_system\src\buzzer.c(35): warning:  #69-D: integer conversion resulted in truncation
Target not created
Build target 'stm32_template'
compiling main.c...
src\main.c(36): warning:  #940-D: missing return statement at end of non-void function "y"
compiling buzzer.c...
src\ustrobo_min_system\src\buzzer.c(35): warning:  #69-D: integer conversion resulted in truncation
linking...
.\output\stm32_template.axf: Error: L6200E: Symbol y multiply defined (by robocon.o and main.o).
Target not created
Build target 'stm32_template'
compiling main.c...
src\main.c(36): warning:  #940-D: missing return statement at end of non-void function "y"
compiling buzzer.c...
src\ustrobo_min_system\src\buzzer.c(35): warning:  #69-D: integer conversion resulted in truncation
linking...
.\output\stm32_template.axf: Error: L6200E: Symbol y multiply defined (by robocon.o and main.o).
Target not created
Build target 'stm32_template'
compiling main.c...
src\main.c(36): warning:  #940-D: missing return statement at end of non-void function "y"
compiling robocon.c...
src\robocon.c(5): warning:  #940-D: missing return statement at end of non-void function "y"
compiling buzzer.c...
src\ustrobo_min_system\src\buzzer.c(35): warning:  #69-D: integer conversion resulted in truncation
linking...
.\output\stm32_template.axf: Error: L6200E: Symbol y multiply defined (by robocon.o and main.o).
Target not created
Build target 'stm32_template'
compiling buzzer.c...
linking...
.\output\stm32_template.axf: Error: L6200E: Symbol y multiply defined (by robocon.o and main.o).
Target not created
Build target 'stm32_template'
linking...
Program Size: Code=13632 RO-data=428 RW-data=536 ZI-data=3272  
FromELF: creating hex file...
".\output\stm32_template.axf" - 0 Error(s), 0 Warning(s).
Build target 'stm32_template'
compiling main.c...
src\main.c(15): warning:  #188-D: enumerated type mixed with another type
src\main.c(37): warning:  #940-D: missing return statement at end of non-void function "y"
linking...
Program Size: Code=13640 RO-data=428 RW-data=536 ZI-data=3272  
FromELF: creating hex file...
".\output\stm32_template.axf" - 0 Error(s), 2 Warning(s).
Build target 'stm32_template'
compiling main.c...
src\main.c(15): warning:  #188-D: enumerated type mixed with another type
src\main.c(37): warning:  #940-D: missing return statement at end of non-void function "y"
compiling led.c...
linking...
Program Size: Code=13640 RO-data=428 RW-data=536 ZI-data=3272  
FromELF: creating hex file...
".\output\stm32_template.axf" - 0 Error(s), 2 Warning(s).
Build target 'stm32_template'
compiling main.c...
src\main.c(15): warning:  #188-D: enumerated type mixed with another type
src\main.c(37): warning:  #940-D: missing return statement at end of non-void function "y"
linking...
Program Size: Code=13640 RO-data=428 RW-data=536 ZI-data=3272  
FromELF: creating hex file...
".\output\stm32_template.axf" - 0 Error(s), 2 Warning(s).
Build target 'stm32_template'
compiling main.c...
src\main.c(15): warning:  #188-D: enumerated type mixed with another type
src\main.c(37): warning:  #940-D: missing return statement at end of non-void function "y"
linking...
Program Size: Code=13640 RO-data=428 RW-data=536 ZI-data=3272  
FromELF: creating hex file...
".\output\stm32_template.axf" - 0 Error(s), 2 Warning(s).
Build target 'stm32_template'
compiling main.c...
src\main.c(15): warning:  #188-D: enumerated type mixed with another type
linking...
Program Size: Code=13636 RO-data=428 RW-data=536 ZI-data=3272  
FromELF: creating hex file...
".\output\stm32_template.axf" - 0 Error(s), 1 Warning(s).
Rebuild target 'stm32_template'
compiling main.c...
src\main.c(15): warning:  #188-D: enumerated type mixed with another type
compiling approx_math.c...
compiling battery.c...
compiling button.c...
compiling buzzer.c...
compiling delay.c...
compiling gyro.c...
compiling lcd_red.c...
Project build/rebuild aborted.
Target not created
Build target 'stm32_template'
linking...
Program Size: Code=13636 RO-data=428 RW-data=536 ZI-data=3272  
FromELF: creating hex file...
".\output\stm32_template.axf" - 0 Error(s), 0 Warning(s).
Build target 'stm32_template'
linking...
Program Size: Code=13636 RO-data=428 RW-data=536 ZI-data=3272  
FromELF: creating hex file...
".\output\stm32_template.axf" - 0 Error(s), 0 Warning(s).
Build target 'stm32_template'
compiling main.c...
src\main.c(15): warning:  #188-D: enumerated type mixed with another type
linking...
Program Size: Code=13636 RO-data=428 RW-data=536 ZI-data=3272  
FromELF: creating hex file...
".\output\stm32_template.axf" - 0 Error(s), 1 Warning(s).
Build target 'stm32_template'
compiling main.c...
src\main.c(15): warning:  #188-D: enumerated type mixed with another type
linking...
Program Size: Code=13636 RO-data=428 RW-data=536 ZI-data=3272  
FromELF: creating hex file...
".\output\stm32_template.axf" - 0 Error(s), 1 Warning(s).
Build target 'stm32_template'
compiling main.c...
.\src\ustrobo_min_system\inc\gyro.h(7): error:  #5: cannot open source input file "debug.h": No such file or directory
compiling gyro.c...
.\src\ustrobo_min_system\inc\gyro.h(7): error:  #5: cannot open source input file "debug.h": No such file or directory
Target not created
Build target 'stm32_template'
compiling main.c...
compiling gyro.c...
linking...
Program Size: Code=13636 RO-data=428 RW-data=536 ZI-data=3272  
FromELF: creating hex file...
".\output\stm32_template.axf" - 0 Error(s), 0 Warning(s).
Build target 'stm32_template'
compiling main.c...
src\main.c(15): warning:  #188-D: enumerated type mixed with another type
linking...
Program Size: Code=13636 RO-data=428 RW-data=536 ZI-data=3272  
FromELF: creating hex file...
".\output\stm32_template.axf" - 0 Error(s), 1 Warning(s).
Build target 'stm32_template'
compiling main.c...
linking...
Program Size: Code=13636 RO-data=428 RW-data=536 ZI-data=3272  
FromELF: creating hex file...
".\output\stm32_template.axf" - 0 Error(s), 0 Warning(s).
Build target 'stm32_template'
compiling main.c...
src\main.c(15): warning:  #188-D: enumerated type mixed with another type
linking...
Program Size: Code=13636 RO-data=428 RW-data=536 ZI-data=3272  
FromELF: creating hex file...
".\output\stm32_template.axf" - 0 Error(s), 1 Warning(s).
Build target 'stm32_template'
compiling main.c...
src\main.c(15): error:  #29: expected an expression
src\main.c(17): error:  #268: declaration may not appear after executable statement in block
src\main.c(18): error:  #268: declaration may not appear after executable statement in block
src\main.c(18): warning:  #177-D: variable "j" was declared but never referenced
Target not created
Build target 'stm32_template'
compiling main.c...
src\main.c(15): error:  #29: expected an expression
src\main.c(19): warning:  #177-D: variable "j" was declared but never referenced
Target not created
Build target 'stm32_template'
compiling main.c...
src\main.c(19): warning:  #177-D: variable "j" was declared but never referenced
linking...
Program Size: Code=13628 RO-data=428 RW-data=536 ZI-data=3272  
FromELF: creating hex file...
".\output\stm32_template.axf" - 0 Error(s), 1 Warning(s).
Build target 'stm32_template'
compiling main.c...
src\main.c(19): warning:  #550-D: variable "j" was set but never used
linking...
Program Size: Code=13628 RO-data=428 RW-data=536 ZI-data=3272  
FromELF: creating hex file...
".\output\stm32_template.axf" - 0 Error(s), 1 Warning(s).
Build target 'stm32_template'
compiling main.c...
src\main.c(18): warning:  #177-D: variable "i" was declared but never referenced
src\main.c(19): warning:  #177-D: variable "j" was declared but never referenced
linking...
Program Size: Code=13628 RO-data=428 RW-data=536 ZI-data=3272  
FromELF: creating hex file...
".\output\stm32_template.axf" - 0 Error(s), 2 Warning(s).
Build target 'stm32_template'
compiling main.c...
src\main.c(19): warning:  #550-D: variable "j" was set but never used
linking...
Program Size: Code=13628 RO-data=428 RW-data=536 ZI-data=3272  
FromELF: creating hex file...
".\output\stm32_template.axf" - 0 Error(s), 1 Warning(s).
Build target 'stm32_template'
compiling main.c...
src\main.c(18): warning:  #177-D: variable "i" was declared but never referenced
src\main.c(19): warning:  #177-D: variable "j" was declared but never referenced
linking...
Program Size: Code=13628 RO-data=428 RW-data=536 ZI-data=3272  
FromELF: creating hex file...
".\output\stm32_template.axf" - 0 Error(s), 2 Warning(s).
Build target 'stm32_template'
compiling main.c...
src\main.c(19): warning:  #177-D: variable "y" was declared but never referenced
linking...
Program Size: Code=13628 RO-data=428 RW-data=536 ZI-data=3272  
FromELF: creating hex file...
".\output\stm32_template.axf" - 0 Error(s), 1 Warning(s).
Build target 'stm32_template'
compiling main.c...
src\main.c(19): warning:  #177-D: variable "y" was declared but never referenced
linking...
Program Size: Code=13628 RO-data=428 RW-data=536 ZI-data=3272  
FromELF: creating hex file...
".\output\stm32_template.axf" - 0 Error(s), 1 Warning(s).
Build target 'stm32_template'
compiling main.c...
src\main.c(9): warning:  #940-D: missing return statement at end of non-void function "x"
linking...
Program Size: Code=13628 RO-data=428 RW-data=536 ZI-data=3272  
FromELF: creating hex file...
".\output\stm32_template.axf" - 0 Error(s), 1 Warning(s).
Build target 'stm32_template'
compiling main.c...
linking...
Program Size: Code=13628 RO-data=428 RW-data=536 ZI-data=3272  
FromELF: creating hex file...
".\output\stm32_template.axf" - 0 Error(s), 0 Warning(s).
Build target 'stm32_template'
compiling main.c...
linking...
Program Size: Code=13628 RO-data=428 RW-data=536 ZI-data=3272  
FromELF: creating hex file...
".\output\stm32_template.axf" - 0 Error(s), 0 Warning(s).
Build target 'stm32_template'
compiling main.c...
linking...
Program Size: Code=16948 RO-data=428 RW-data=2084 ZI-data=3268  
FromELF: creating hex file...
".\output\stm32_template.axf" - 0 Error(s), 0 Warning(s).
Build target 'stm32_template'
compiling main.c...
src\main.c(20): error:  #268: declaration may not appear after executable statement in block
src\main.c(20): warning:  #68-D: integer conversion resulted in a change of sign
src\main.c(20): warning:  #177-D: variable "x" was declared but never referenced
Target not created
Build target 'stm32_template'
compiling main.c...
src\main.c(18): error:  #268: declaration may not appear after executable statement in block
src\main.c(18): warning:  #68-D: integer conversion resulted in a change of sign
src\main.c(18): warning:  #177-D: variable "x" was declared but never referenced
Target not created
Build target 'stm32_template'
compiling main.c...
src\main.c(18): warning:  #68-D: integer conversion resulted in a change of sign
src\main.c(18): warning:  #177-D: variable "x" was declared but never referenced
linking...
Program Size: Code=13628 RO-data=428 RW-data=536 ZI-data=3272  
FromELF: creating hex file...
".\output\stm32_template.axf" - 0 Error(s), 2 Warning(s).
Build target 'stm32_template'
compiling main.c...
src\main.c(18): warning:  #177-D: variable "x" was declared but never referenced
linking...
Program Size: Code=13628 RO-data=428 RW-data=536 ZI-data=3272  
FromELF: creating hex file...
".\output\stm32_template.axf" - 0 Error(s), 1 Warning(s).
Build target 'stm32_template'
compiling main.c...
compiling buzzer.c...
compiling gyro.c...
compiling ticks.c...
src\ustrobo_min_system\src\ticks.c(64): warning:  #223-D: function "buzzer_check" declared implicitly
linking...
Program Size: Code=13516 RO-data=428 RW-data=536 ZI-data=3272  
FromELF: creating hex file...
".\output\stm32_template.axf" - 0 Error(s), 1 Warning(s).
Load "C:\\Users\\Kenneth Au\\Dropbox\\Documents\\HKUST\\Robocon 2015\\Software\\mainboard\\vf_template\\output\\stm32_template.AXF" 
Set JLink Project File to "C:\Users\Kenneth Au\Dropbox\Documents\HKUST\Robocon 2015\Software\mainboard\vf_template\JLinkSettings.ini"
* JLink Info: Device "STM32F103VF" selected (768 KB flash, 96 KB RAM).
 
JLink info:
------------
DLL: V4.54a, compiled Sep 17 2012 15:58:45
Firmware: J-Link ARM-OB STM32 compiled Aug 22 2012 19:52:04
Hardware: V7.00
S/N : 20090928 
Feature(s) : RDI,FlashDL,FlashBP,JFlash,GDBFull 
 
* JLink Info: STM32F1xxx: Can not attach to CPU. Trying connect under reset.
Build target 'stm32_template'
linking...
Program Size: Code=13516 RO-data=428 RW-data=536 ZI-data=3272  
FromELF: creating hex file...
".\output\stm32_template.axf" - 0 Error(s), 0 Warning(s).
Build target 'stm32_template'
linking...
Program Size: Code=13516 RO-data=428 RW-data=536 ZI-data=3272  
FromELF: creating hex file...
".\output\stm32_template.axf" - 0 Error(s), 0 Warning(s).
Load "C:\\Users\\Kenneth Au\\Dropbox\\Documents\\HKUST\\Robocon 2015\\Software\\mainboard\\vf_template\\output\\stm32_template.AXF" 
Set JLink Project File to "C:\Users\Kenneth Au\Dropbox\Documents\HKUST\Robocon 2015\Software\mainboard\vf_template\JLinkSettings.ini"
* JLink Info: Device "STM32F103VF" selected (768 KB flash, 96 KB RAM).
 
JLink info:
------------
DLL: V4.54a, compiled Sep 17 2012 15:58:45
Firmware: J-Link ARM-OB STM32 compiled Aug 22 2012 19:52:04
Hardware: V7.00
S/N : 20090928 
Feature(s) : RDI,FlashDL,FlashBP,JFlash,GDBFull 
 
* JLink Info: Found SWD-DP with ID 0x1BA01477
* JLink Info: Found SWD-DP with ID 0x1BA01477
* JLink Info: TPIU fitted.
* JLink Info: ETM fitted.
* JLink Info: FPUnit: 6 code (BP) slots and 2 literal slots
* JLink Info: Found Cortex-M3 r1p1, Little endian.
ROMTableAddr = 0xE00FF003
 
Target info:
------------
Device: STM32F103VF
VTarget = 3.300V
State of Pins: 
TCK: 0, TDI: 0, TDO: 1, TMS: 0, TRES: 1, TRST: 1
Hardware-Breakpoints: 6
Software-Breakpoints: 8192
Watchpoints:          4
JTAG speed: 4000 kHz
 
Erase Done.
Programming Done.
Verify OK.
Load "C:\\Users\\Kenneth Au\\Dropbox\\Documents\\HKUST\\Robocon 2015\\Software\\mainboard\\vf_template\\output\\stm32_template.AXF" 
Set JLink Project File to "C:\Users\Kenneth Au\Dropbox\Documents\HKUST\Robocon 2015\Software\mainboard\vf_template\JLinkSettings.ini"
* JLink Info: Device "STM32F103VF" selected (768 KB flash, 96 KB RAM).
 
JLink info:
------------
DLL: V4.54a, compiled Sep 17 2012 15:58:45
Firmware: J-Link ARM-OB STM32 compiled Aug 22 2012 19:52:04
Hardware: V7.00
S/N : 20090928 
Feature(s) : RDI,FlashDL,FlashBP,JFlash,GDBFull 
 
* JLink Info: Found SWD-DP with ID 0x1BA01477
* JLink Info: Found SWD-DP with ID 0x1BA01477
* JLink Info: TPIU fitted.
* JLink Info: ETM fitted.
* JLink Info: FPUnit: 6 code (BP) slots and 2 literal slots
* JLink Info: Found Cortex-M3 r1p1, Little endian.
ROMTableAddr = 0xE00FF003
 
Target info:
------------
Device: STM32F103VF
VTarget = 3.300V
State of Pins: 
TCK: 0, TDI: 0, TDO: 1, TMS: 0, TRES: 1, TRST: 1
Hardware-Breakpoints: 6
Software-Breakpoints: 8192
Watchpoints:          4
JTAG speed: 4000 kHz
 
Erase Done.
Programming Done.
Verify OK.
Build target 'stm32_template'
compiling main.c...
linking...
Program Size: Code=13516 RO-data=428 RW-data=536 ZI-data=3272  
FromELF: creating hex file...
".\output\stm32_template.axf" - 0 Error(s), 0 Warning(s).
Load "C:\\Users\\Kenneth Au\\Dropbox\\Documents\\HKUST\\Robocon 2015\\Software\\mainboard\\vf_template\\output\\stm32_template.AXF" 
Set JLink Project File to "C:\Users\Kenneth Au\Dropbox\Documents\HKUST\Robocon 2015\Software\mainboard\vf_template\JLinkSettings.ini"
* JLink Info: Device "STM32F103VF" selected (768 KB flash, 96 KB RAM).
 
JLink info:
------------
DLL: V4.54a, compiled Sep 17 2012 15:58:45
Firmware: J-Link ARM-OB STM32 compiled Aug 22 2012 19:52:04
Hardware: V7.00
S/N : 20090928 
Feature(s) : RDI,FlashDL,FlashBP,JFlash,GDBFull 
 
* JLink Info: Found SWD-DP with ID 0x1BA01477
* JLink Info: Found SWD-DP with ID 0x1BA01477
* JLink Info: TPIU fitted.
* JLink Info: ETM fitted.
* JLink Info: FPUnit: 6 code (BP) slots and 2 literal slots
* JLink Info: Found Cortex-M3 r1p1, Little endian.
ROMTableAddr = 0xE00FF003
 
Target info:
------------
Device: STM32F103VF
VTarget = 3.300V
State of Pins: 
TCK: 0, TDI: 0, TDO: 1, TMS: 0, TRES: 1, TRST: 1
Hardware-Breakpoints: 6
Software-Breakpoints: 8192
Watchpoints:          4
JTAG speed: 4000 kHz
 
Erase Done.
Programming Done.
Verify OK.
Build target 'stm32_template'
compiling main.c...
linking...
Program Size: Code=13528 RO-data=428 RW-data=536 ZI-data=3272  
FromELF: creating hex file...
".\output\stm32_template.axf" - 0 Error(s), 0 Warning(s).
Load "C:\\Users\\Kenneth Au\\Dropbox\\Documents\\HKUST\\Robocon 2015\\Software\\mainboard\\vf_template\\output\\stm32_template.AXF" 
Set JLink Project File to "C:\Users\Kenneth Au\Dropbox\Documents\HKUST\Robocon 2015\Software\mainboard\vf_template\JLinkSettings.ini"
* JLink Info: Device "STM32F103VF" selected (768 KB flash, 96 KB RAM).
 
JLink info:
------------
DLL: V4.54a, compiled Sep 17 2012 15:58:45
Firmware: J-Link ARM-OB STM32 compiled Aug 22 2012 19:52:04
Hardware: V7.00
S/N : 20090928 
Feature(s) : RDI,FlashDL,FlashBP,JFlash,GDBFull 
 
* JLink Info: Found SWD-DP with ID 0x1BA01477
* JLink Info: Found SWD-DP with ID 0x1BA01477
* JLink Info: TPIU fitted.
* JLink Info: ETM fitted.
* JLink Info: FPUnit: 6 code (BP) slots and 2 literal slots
* JLink Info: Found Cortex-M3 r1p1, Little endian.
ROMTableAddr = 0xE00FF003
 
Target info:
------------
Device: STM32F103VF
VTarget = 3.300V
State of Pins: 
TCK: 0, TDI: 0, TDO: 1, TMS: 0, TRES: 1, TRST: 1
Hardware-Breakpoints: 6
Software-Breakpoints: 8192
Watchpoints:          4
JTAG speed: 4000 kHz
 
Erase Done.
Programming Done.
Verify OK.
Build target 'stm32_template'
linking...
Program Size: Code=13528 RO-data=428 RW-data=536 ZI-data=3272  
FromELF: creating hex file...
".\output\stm32_template.axf" - 0 Error(s), 0 Warning(s).
Load "C:\\Users\\Kenneth Au\\Dropbox\\Documents\\HKUST\\Robocon 2015\\Software\\mainboard\\vf_template\\output\\stm32_template.AXF" 
Set JLink Project File to "C:\Users\Kenneth Au\Dropbox\Documents\HKUST\Robocon 2015\Software\mainboard\vf_template\JLinkSettings.ini"
* JLink Info: Device "STM32F103VF" selected (768 KB flash, 96 KB RAM).
 
JLink info:
------------
DLL: V4.54a, compiled Sep 17 2012 15:58:45
Firmware: J-Link ARM-OB STM32 compiled Aug 22 2012 19:52:04
Hardware: V7.00
S/N : 20090928 
Feature(s) : RDI,FlashDL,FlashBP,JFlash,GDBFull 
 
* JLink Info: Found SWD-DP with ID 0x1BA01477
* JLink Info: Found SWD-DP with ID 0x1BA01477
* JLink Info: TPIU fitted.
* JLink Info: ETM fitted.
* JLink Info: FPUnit: 6 code (BP) slots and 2 literal slots
* JLink Info: Found Cortex-M3 r1p1, Little endian.
ROMTableAddr = 0xE00FF003
 
Target info:
------------
Device: STM32F103VF
VTarget = 3.300V
State of Pins: 
TCK: 0, TDI: 0, TDO: 1, TMS: 0, TRES: 1, TRST: 1
Hardware-Breakpoints: 6
Software-Breakpoints: 8192
Watchpoints:          4
JTAG speed: 4000 kHz
 
Erase Done.
Programming Done.
Verify OK.
Build target 'stm32_template'
compiling main.c...
compiling led.c...
linking...
Program Size: Code=13528 RO-data=428 RW-data=536 ZI-data=3272  
FromELF: creating hex file...
".\output\stm32_template.axf" - 0 Error(s), 0 Warning(s).
"flash.bat" 
"flash.bat" ./output/stm32_template.hex 
"flash.bat" ./output/stm32_template.hex 30 115200
Build target 'stm32_template'
compiling main.c...
linking...
Program Size: Code=13528 RO-data=428 RW-data=536 ZI-data=3272  
FromELF: creating hex file...
".\output\stm32_template.axf" - 0 Error(s), 0 Warning(s).
"flash.bat" ./output/stm32_template.hex 6 115200
"flash.bat" ./output/stm32_template.hex 6 115200
